Archive member included to satisfy reference by file (symbol)

c:/stm32toolchain/gcc-arm/bin/../lib/gcc/arm-none-eabi/5.4.1/armv7e-m\libgcc.a(unwind-arm.o)
                              ./system/src/newlib/_cxx.o (__aeabi_unwind_cpp_pr1)
c:/stm32toolchain/gcc-arm/bin/../lib/gcc/arm-none-eabi/5.4.1/armv7e-m\libgcc.a(libunwind.o)
                              c:/stm32toolchain/gcc-arm/bin/../lib/gcc/arm-none-eabi/5.4.1/armv7e-m\libgcc.a(unwind-arm.o) (restore_core_regs)
c:/stm32toolchain/gcc-arm/bin/../lib/gcc/arm-none-eabi/5.4.1/armv7e-m\libgcc.a(pr-support.o)
                              c:/stm32toolchain/gcc-arm/bin/../lib/gcc/arm-none-eabi/5.4.1/armv7e-m\libgcc.a(unwind-arm.o) (__gnu_unwind_execute)
c:/stm32toolchain/gcc-arm/bin/../lib/gcc/arm-none-eabi/5.4.1/../../../../arm-none-eabi/lib/armv7e-m\libg_nano.a(lib_a-errno.o)
                              ./system/src/newlib/_sbrk.o (__errno)
c:/stm32toolchain/gcc-arm/bin/../lib/gcc/arm-none-eabi/5.4.1/../../../../arm-none-eabi/lib/armv7e-m\libg_nano.a(lib_a-impure.o)
                              c:/stm32toolchain/gcc-arm/bin/../lib/gcc/arm-none-eabi/5.4.1/../../../../arm-none-eabi/lib/armv7e-m\libg_nano.a(lib_a-errno.o) (_impure_ptr)
c:/stm32toolchain/gcc-arm/bin/../lib/gcc/arm-none-eabi/5.4.1/../../../../arm-none-eabi/lib/armv7e-m\libg_nano.a(lib_a-init.o)
                              ./system/src/cmsis/startup_stm32f401xe.o (__libc_init_array)
c:/stm32toolchain/gcc-arm/bin/../lib/gcc/arm-none-eabi/5.4.1/../../../../arm-none-eabi/lib/armv7e-m\libg_nano.a(lib_a-memcpy-stub.o)
                              c:/stm32toolchain/gcc-arm/bin/../lib/gcc/arm-none-eabi/5.4.1/armv7e-m\libgcc.a(unwind-arm.o) (memcpy)
c:/stm32toolchain/gcc-arm/bin/../lib/gcc/arm-none-eabi/5.4.1/../../../../arm-none-eabi/lib/armv7e-m\libg_nano.a(lib_a-strlen.o)
                              ./system/src/diag/Trace.o (strlen)
c:/stm32toolchain/gcc-arm/bin/../lib/gcc/arm-none-eabi/5.4.1/../../../../arm-none-eabi/lib/armv7e-m\libg_nano.a(lib_a-vsnprintf.o)
                              ./system/src/diag/Trace.o (vsnprintf)
c:/stm32toolchain/gcc-arm/bin/../lib/gcc/arm-none-eabi/5.4.1/../../../../arm-none-eabi/lib/armv7e-m\libg_nano.a(lib_a-nano-svfprintf.o)
                              c:/stm32toolchain/gcc-arm/bin/../lib/gcc/arm-none-eabi/5.4.1/../../../../arm-none-eabi/lib/armv7e-m\libg_nano.a(lib_a-vsnprintf.o) (_svfprintf_r)
c:/stm32toolchain/gcc-arm/bin/../lib/gcc/arm-none-eabi/5.4.1/../../../../arm-none-eabi/lib/armv7e-m\libg_nano.a(lib_a-nano-vfprintf_i.o)
                              c:/stm32toolchain/gcc-arm/bin/../lib/gcc/arm-none-eabi/5.4.1/../../../../arm-none-eabi/lib/armv7e-m\libg_nano.a(lib_a-nano-svfprintf.o) (_printf_i)
c:/stm32toolchain/gcc-arm/bin/../lib/gcc/arm-none-eabi/5.4.1/../../../../arm-none-eabi/lib/armv7e-m\libg_nano.a(lib_a-memchr.o)
                              c:/stm32toolchain/gcc-arm/bin/../lib/gcc/arm-none-eabi/5.4.1/../../../../arm-none-eabi/lib/armv7e-m\libg_nano.a(lib_a-nano-svfprintf.o) (memchr)
c:/stm32toolchain/gcc-arm/bin/../lib/gcc/arm-none-eabi/5.4.1/../../../../arm-none-eabi/lib/armv7e-m\libg_nano.a(lib_a-memmove.o)
                              c:/stm32toolchain/gcc-arm/bin/../lib/gcc/arm-none-eabi/5.4.1/../../../../arm-none-eabi/lib/armv7e-m\libg_nano.a(lib_a-nano-svfprintf.o) (memmove)
c:/stm32toolchain/gcc-arm/bin/../lib/gcc/arm-none-eabi/5.4.1/../../../../arm-none-eabi/lib/armv7e-m\libg_nano.a(lib_a-nano-freer.o)
                              c:/stm32toolchain/gcc-arm/bin/../lib/gcc/arm-none-eabi/5.4.1/../../../../arm-none-eabi/lib/armv7e-m\libg_nano.a(lib_a-nano-svfprintf.o) (_free_r)
c:/stm32toolchain/gcc-arm/bin/../lib/gcc/arm-none-eabi/5.4.1/../../../../arm-none-eabi/lib/armv7e-m\libg_nano.a(lib_a-nano-mallocr.o)
                              c:/stm32toolchain/gcc-arm/bin/../lib/gcc/arm-none-eabi/5.4.1/../../../../arm-none-eabi/lib/armv7e-m\libg_nano.a(lib_a-nano-svfprintf.o) (_malloc_r)
c:/stm32toolchain/gcc-arm/bin/../lib/gcc/arm-none-eabi/5.4.1/../../../../arm-none-eabi/lib/armv7e-m\libg_nano.a(lib_a-nano-reallocr.o)
                              c:/stm32toolchain/gcc-arm/bin/../lib/gcc/arm-none-eabi/5.4.1/../../../../arm-none-eabi/lib/armv7e-m\libg_nano.a(lib_a-nano-svfprintf.o) (_realloc_r)
c:/stm32toolchain/gcc-arm/bin/../lib/gcc/arm-none-eabi/5.4.1/../../../../arm-none-eabi/lib/armv7e-m\libg_nano.a(lib_a-sbrkr.o)
                              c:/stm32toolchain/gcc-arm/bin/../lib/gcc/arm-none-eabi/5.4.1/../../../../arm-none-eabi/lib/armv7e-m\libg_nano.a(lib_a-nano-mallocr.o) (_sbrk_r)
c:/stm32toolchain/gcc-arm/bin/../lib/gcc/arm-none-eabi/5.4.1/../../../../arm-none-eabi/lib/armv7e-m\libg_nano.a(lib_a-mlock.o)
                              c:/stm32toolchain/gcc-arm/bin/../lib/gcc/arm-none-eabi/5.4.1/../../../../arm-none-eabi/lib/armv7e-m\libg_nano.a(lib_a-nano-freer.o) (__malloc_lock)
c:/stm32toolchain/gcc-arm/bin/../lib/gcc/arm-none-eabi/5.4.1/../../../../arm-none-eabi/lib/armv7e-m\libg_nano.a(lib_a-nano-msizer.o)
[...]
Memory Configuration

Name             Origin             Length             Attributes
FLASH            0x08000000         0x00080000         xr
RAM              0x20000000         0x00018000         xrw
CCMRAM           0x10000000         0x00000000         xrw
FLASHB1          0x00000000         0x00000000         xr
EXTMEMB0         0x00000000         0x00000000         xr
EXTMEMB1         0x00000000         0x00000000         xr
EXTMEMB2         0x00000000         0x00000000         xr
EXTMEMB3         0x00000000         0x00000000         xr
*default*        0x00000000         0xffffffff

Linker script and memory map

LOAD ./system/src/stm32f4xx/stm32f4xx_hal.o
LOAD ./system/src/stm32f4xx/stm32f4xx_hal_cortex.o
LOAD ./system/src/stm32f4xx/stm32f4xx_hal_dma.o
LOAD ./system/src/stm32f4xx/stm32f4xx_hal_dma_ex.o
LOAD ./system/src/stm32f4xx/stm32f4xx_hal_flash.o
LOAD ./system/src/stm32f4xx/stm32f4xx_hal_flash_ex.o
LOAD ./system/src/stm32f4xx/stm32f4xx_hal_flash_ramfunc.o
LOAD ./system/src/stm32f4xx/stm32f4xx_hal_gpio.o
LOAD ./system/src/stm32f4xx/stm32f4xx_hal_pwr.o
LOAD ./system/src/stm32f4xx/stm32f4xx_hal_pwr_ex.o
LOAD ./system/src/stm32f4xx/stm32f4xx_hal_rcc.o
LOAD ./system/src/stm32f4xx/stm32f4xx_hal_rcc_ex.o
LOAD ./system/src/stm32f4xx/stm32f4xx_hal_tim.o
LOAD ./system/src/stm32f4xx/stm32f4xx_hal_tim_ex.o
LOAD ./system/src/newlib/_cxx.o
LOAD ./system/src/newlib/_exit.o
LOAD ./system/src/newlib/_sbrk.o
LOAD ./system/src/newlib/_startup.o
LOAD ./system/src/newlib/_syscalls.o
LOAD ./system/src/newlib/assert.o
LOAD ./system/src/diag/Trace.o
LOAD ./system/src/diag/trace_impl.o
LOAD ./system/src/cortexm/_initialize_hardware.o
LOAD ./system/src/cortexm/_reset_hardware.o
LOAD ./system/src/cortexm/exception_handlers.o
LOAD ./system/src/cmsis/startup_stm32f401xe.o
LOAD ./system/src/cmsis/system_stm32f4xx.o
LOAD ./src/_write.o
LOAD ./src/main.o
LOAD ./src/stm32f4xx_hal_msp.o
LOAD ./src/stm32f4xx_it.o
LOAD c:/stm32toolchain/gcc-arm/bin/../lib/gcc/arm-none-eabi/5.4.1/../../../../arm-none-eabi/lib/armv7e-m\libstdc++_nano.a
LOAD c:/stm32toolchain/gcc-arm/bin/../lib/gcc/arm-none-eabi/5.4.1/../../../../arm-none-eabi/lib/armv7e-m\libm.a
START GROUP
LOAD c:/stm32toolchain/gcc-arm/bin/../lib/gcc/arm-none-eabi/5.4.1/armv7e-m\libgcc.a
LOAD c:/stm32toolchain/gcc-arm/bin/../lib/gcc/arm-none-eabi/5.4.1/../../../../arm-none-eabi/lib/armv7e-m\libg_nano.a
LOAD c:/stm32toolchain/gcc-arm/bin/../lib/gcc/arm-none-eabi/5.4.1/../../../../arm-none-eabi/lib/armv7e-m\libc_nano.a
END GROUP
START GROUP
LOAD c:/stm32toolchain/gcc-arm/bin/../lib/gcc/arm-none-eabi/5.4.1/armv7e-m\libgcc.a
LOAD c:/stm32toolchain/gcc-arm/bin/../lib/gcc/arm-none-eabi/5.4.1/../../../../arm-none-eabi/lib/armv7e-m\libc_nano.a
END GROUP
                0x20018000                __stack = (ORIGIN (RAM) + LENGTH (RAM))
                0x20018000                _estack = __stack
                0x00000400                __Main_Stack_Size = 0x400
                [!provide]                PROVIDE (_Main_Stack_Size, __Main_Stack_Size)
                0x20017c00                __Main_Stack_Limit = (__stack - __Main_Stack_Size)
                [!provide]                PROVIDE (_Main_Stack_Limit, __Main_Stack_Limit)
                0x00000100                _Minimum_Stack_Size = 0x100
                0x20000118                PROVIDE (_Heap_Begin, _end_noinit)
                0x20017c00                PROVIDE (_Heap_Limit, (__stack - __Main_Stack_Size))

.isr_vector     0x08000000      0x3ac
 FILL mask 0xff
                0x08000000                __vectors_start = ABSOLUTE (.)
                0x08000000                __vectors_start__ = ABSOLUTE (.)
 *(.isr_vector)
 .isr_vector    0x08000000      0x194 ./system/src/cmsis/startup_stm32f401xe.o
                0x08000000                g_pfnVectors
 *(.cfmconfig)
 *(.after_vectors .after_vectors.*)
 .after_vectors
                0x08000194      0x114 ./system/src/newlib/_startup.o
                0x08000194                _start
 .after_vectors
                0x080002a8      0x104 ./system/src/cortexm/exception_handlers.o
                0x080002a8                Reset_Handler
                0x080002b0                NMI_Handler
                0x080002b4                HardFault_Handler
                0x080002c8                HardFault_Handler_C
                0x080002fc                MemManage_Handler
                0x08000300                BusFault_Handler
                0x08000314                BusFault_Handler_C
                0x08000348                UsageFault_Handler
                0x0800035c                UsageFault_Handler_C
                0x08000390                SVC_Handler
                0x08000394                DebugMon_Handler
                0x08000398                PendSV_Handler

.inits          0x080003ac       0x28
                0x080003ac                __data_regions_array_start = .
                0x080003ac        0x4 LONG 0x80019d0 LOADADDR (.data)
                0x080003b0        0x4 LONG 0x20000000 ADDR (.data)
                0x080003b4        0x4 LONG 0x20000078 (ADDR (.data) + SIZEOF (.data))
                0x080003b8        0x4 LONG 0x80019d0 LOADADDR (.data_CCMRAM)
                0x080003bc        0x4 LONG 0x10000000 ADDR (.data_CCMRAM)
                0x080003c0        0x4 LONG 0x10000000 (ADDR (.data_CCMRAM) + SIZEOF (.data_CCMRAM))
                0x080003c4                __data_regions_array_end = .
                0x080003c4                __bss_regions_array_start = .
                0x080003c4        0x4 LONG 0x20000078 ADDR (.bss)
                0x080003c8        0x4 LONG 0x20000118 (ADDR (.bss) + SIZEOF (.bss))
                0x080003cc        0x4 LONG 0x10000000 ADDR (.bss_CCMRAM)
                0x080003d0        0x4 LONG 0x10000000 (ADDR (.bss_CCMRAM) + SIZEOF (.bss_CCMRAM))
                0x080003d4                __bss_regions_array_end = .
 *(.init)
 *(.fini)
                0x080003d4                . = ALIGN (0x4)
                0x080003d4                PROVIDE (__preinit_array_start, .)
 *(.preinit_array_sysinit .preinit_array_sysinit.*)
 *(.preinit_array_platform .preinit_array_platform.*)
 *(.preinit_array .preinit_array.*)
                0x080003d4                PROVIDE (__preinit_array_end, .)
                0x080003d4                . = ALIGN (0x4)
                0x080003d4                PROVIDE (__init_array_start, .)
 *(SORT(.init_array.*))
 *(.init_array)
                0x080003d4                PROVIDE (__init_array_end, .)
                0x080003d4                . = ALIGN (0x4)
                0x080003d4                PROVIDE (__fini_array_start, .)
 *(SORT(.fini_array.*))
 *(.fini_array)
                0x080003d4                PROVIDE (__fini_array_end, .)

.flashtext
 *(.flashtext .flashtext.*)

.text           0x080003e0     0x15ef
 *(.text .text.*)
 .text.HAL_InitTick
                0x080003e0       0x2c ./system/src/stm32f4xx/stm32f4xx_hal.o
                0x080003e0                HAL_InitTick
 .text.HAL_Init
                0x0800040c       0x34 ./system/src/stm32f4xx/stm32f4xx_hal.o
                0x0800040c                HAL_Init
 .text.HAL_IncTick
                0x08000440       0x10 ./system/src/stm32f4xx/stm32f4xx_hal.o
                0x08000440                HAL_IncTick
 .text.HAL_GetTick
                0x08000450        0xc ./system/src/stm32f4xx/stm32f4xx_hal.o
                0x08000450                HAL_GetTick
 .text.HAL_SuspendTick
                0x0800045c       0x10 ./system/src/stm32f4xx/stm32f4xx_hal.o
                0x0800045c                HAL_SuspendTick
 .text.HAL_NVIC_SetPriorityGrouping
                0x0800046c       0x24 ./system/src/stm32f4xx/stm32f4xx_hal_cortex.o
                0x0800046c                HAL_NVIC_SetPriorityGrouping
 .text.HAL_NVIC_SetPriority
                0x08000490       0x64 ./system/src/stm32f4xx/stm32f4xx_hal_cortex.o
                0x08000490                HAL_NVIC_SetPriority
 .text.HAL_SYSTICK_Config
                0x080004f4       0x2c ./system/src/stm32f4xx/stm32f4xx_hal_cortex.o
                0x080004f4                HAL_SYSTICK_Config
 .text.HAL_SYSTICK_CLKSourceConfig
                0x08000520       0x20 ./system/src/stm32f4xx/stm32f4xx_hal_cortex.o
                0x08000520                HAL_SYSTICK_CLKSourceConfig
 .text.HAL_SYSTICK_Callback
                0x08000540        0x4 ./system/src/stm32f4xx/stm32f4xx_hal_cortex.o
                0x08000540                HAL_SYSTICK_Callback
 .text.HAL_SYSTICK_IRQHandler
                0x08000544        0x8 ./system/src/stm32f4xx/stm32f4xx_hal_cortex.o
                0x08000544                HAL_SYSTICK_IRQHandler
 .text.HAL_PWR_EnterSTOPMode
                0x0800054c       0x38 ./system/src/stm32f4xx/stm32f4xx_hal_pwr.o
                0x0800054c                HAL_PWR_EnterSTOPMode
 .text.HAL_RCC_OscConfig
                0x08000584      0x368 ./system/src/stm32f4xx/stm32f4xx_hal_rcc.o
                0x08000584                HAL_RCC_OscConfig
 .text.HAL_RCC_GetSysClockFreq
                0x080008ec       0xa0 ./system/src/stm32f4xx/stm32f4xx_hal_rcc.o
                0x080008ec                HAL_RCC_GetSysClockFreq
 .text.HAL_RCC_ClockConfig
                0x0800098c      0x1b0 ./system/src/stm32f4xx/stm32f4xx_hal_rcc.o
                0x0800098c                HAL_RCC_ClockConfig
 .text.HAL_RCC_GetHCLKFreq
                0x08000b3c        0xc ./system/src/stm32f4xx/stm32f4xx_hal_rcc.o
                0x08000b3c                HAL_RCC_GetHCLKFreq
 .text._exit    0x08000b48        0x4 ./system/src/newlib/_exit.o
                0x08000b48                _exit
 .text._sbrk    0x08000b4c       0x44 ./system/src/newlib/_sbrk.o
                0x08000b4c                _sbrk
 .text.__initialize_args
                0x08000b90       0x10 ./system/src/newlib/_syscalls.o
                0x08000b90                __initialize_args
 .text.trace_printf
                0x08000ba0       0x30 ./system/src/diag/Trace.o
                0x08000ba0                trace_printf
 .text.trace_write
                0x08000bd0        0x8 ./system/src/diag/trace_impl.o
                0x08000bd0                trace_write
 .text.__initialize_hardware_early
                0x08000bd8       0x18 ./system/src/cortexm/_initialize_hardware.o
                0x08000bd8                __initialize_hardware_early
 .text.__initialize_hardware
                0x08000bf0        0x8 ./system/src/cortexm/_initialize_hardware.o
                0x08000bf0                __initialize_hardware
 .text.dumpExceptionStack
                0x08000bf8       0xf0 ./system/src/cortexm/exception_handlers.o
                0x08000bf8                dumpExceptionStack
 .text.Default_Handler
                0x08000ce8        0x2 ./system/src/cmsis/startup_stm32f401xe.o
                0x08000ce8                RTC_Alarm_IRQHandler
                0x08000ce8                EXTI2_IRQHandler
                0x08000ce8                SPI4_IRQHandler
                0x08000ce8                TIM1_CC_IRQHandler
                0x08000ce8                DMA2_Stream5_IRQHandler
                0x08000ce8                DMA1_Stream5_IRQHandler
                0x08000ce8                PVD_IRQHandler
                0x08000ce8                SDIO_IRQHandler
                0x08000ce8                TAMP_STAMP_IRQHandler
                0x08000ce8                EXTI3_IRQHandler
                0x08000ce8                TIM1_UP_TIM10_IRQHandler
                0x08000ce8                I2C3_ER_IRQHandler
                0x08000ce8                EXTI0_IRQHandler
                0x08000ce8                I2C2_EV_IRQHandler
                0x08000ce8                DMA1_Stream2_IRQHandler
                0x08000ce8                FPU_IRQHandler
                0x08000ce8                DMA2_Stream2_IRQHandler
                0x08000ce8                SPI1_IRQHandler
                0x08000ce8                TIM1_BRK_TIM9_IRQHandler
                0x08000ce8                DMA2_Stream3_IRQHandler
                0x08000ce8                USART6_IRQHandler
                0x08000ce8                DMA2_Stream0_IRQHandler
                0x08000ce8                TIM4_IRQHandler
                0x08000ce8                I2C1_EV_IRQHandler
                0x08000ce8                DMA1_Stream6_IRQHandler
                0x08000ce8                DMA1_Stream1_IRQHandler
                0x08000ce8                TIM3_IRQHandler
                0x08000ce8                RCC_IRQHandler
                0x08000ce8                Default_Handler
                0x08000ce8                EXTI15_10_IRQHandler
                0x08000ce8                ADC_IRQHandler
                0x08000ce8                DMA1_Stream7_IRQHandler
                0x08000ce8                TIM5_IRQHandler
                0x08000ce8                DMA2_Stream7_IRQHandler
                0x08000ce8                I2C3_EV_IRQHandler
                0x08000ce8                EXTI9_5_IRQHandler
                0x08000ce8                RTC_WKUP_IRQHandler
                0x08000ce8                SPI2_IRQHandler
                0x08000ce8                DMA1_Stream0_IRQHandler
                0x08000ce8                EXTI4_IRQHandler
                0x08000ce8                WWDG_IRQHandler
                0x08000ce8                TIM2_IRQHandler
                0x08000ce8                OTG_FS_WKUP_IRQHandler
                0x08000ce8                TIM1_TRG_COM_TIM11_IRQHandler
                0x08000ce8                EXTI1_IRQHandler
                0x08000ce8                USART2_IRQHandler
                0x08000ce8                I2C2_ER_IRQHandler
                0x08000ce8                DMA2_Stream1_IRQHandler
                0x08000ce8                FLASH_IRQHandler
                0x08000ce8                DMA2_Stream4_IRQHandler
                0x08000ce8                USART1_IRQHandler
                0x08000ce8                OTG_FS_IRQHandler
                0x08000ce8                SPI3_IRQHandler
                0x08000ce8                DMA1_Stream4_IRQHandler
                0x08000ce8                I2C1_ER_IRQHandler
                0x08000ce8                DMA2_Stream6_IRQHandler
                0x08000ce8                DMA1_Stream3_IRQHandler
 *fill*         0x08000cea        0x2 
 .text.SystemInit
                0x08000cec       0x40 ./system/src/cmsis/system_stm32f4xx.o
                0x08000cec                SystemInit
 .text.SystemCoreClockUpdate
                0x08000d2c       0xa0 ./system/src/cmsis/system_stm32f4xx.o
                0x08000d2c                SystemCoreClockUpdate
 .text.Stop     0x08000dcc        0xc ./src/main.o
                0x08000dcc                Stop
 .text.Error_Handler
                0x08000dd8        0x4 ./src/main.o
                0x08000dd8                Error_Handler
 .text.SystemClock_Config
                0x08000ddc       0xb4 ./src/main.o
                0x08000ddc                SystemClock_Config
 .text.main     0x08000e90       0x1c ./src/main.o
                0x08000e90                main
 .text.HAL_MspInit
                0x08000eac       0x60 ./src/stm32f4xx_hal_msp.o
                0x08000eac                HAL_MspInit
 .text.SysTick_Handler
                0x08000f0c        0xc ./src/stm32f4xx_it.o
                0x08000f0c                SysTick_Handler
 .text.__errno  0x08000f18        0xc c:/stm32toolchain/gcc-arm/bin/../lib/gcc/arm-none-eabi/5.4.1/../../../../arm-none-eabi/lib/armv7e-m\libg_nano.a(lib_a-errno.o)
                0x08000f18                __errno
 .text.memcpy   0x08000f24       0x16 c:/stm32toolchain/gcc-arm/bin/../lib/gcc/arm-none-eabi/5.4.1/../../../../arm-none-eabi/lib/armv7e-m\libg_nano.a(lib_a-memcpy-stub.o)
                0x08000f24                memcpy
 .text._vsnprintf_r
                0x08000f3a       0x56 c:/stm32toolchain/gcc-arm/bin/../lib/gcc/arm-none-eabi/5.4.1/../../../../arm-none-eabi/lib/armv7e-m\libg_nano.a(lib_a-vsnprintf.o)
                0x08000f3a                _vsniprintf_r
                0x08000f3a                _vsnprintf_r
 .text.vsnprintf
                0x08000f90       0x1c c:/stm32toolchain/gcc-arm/bin/../lib/gcc/arm-none-eabi/5.4.1/../../../../arm-none-eabi/lib/armv7e-m\libg_nano.a(lib_a-vsnprintf.o)
                0x08000f90                vsniprintf
                0x08000f90                vsnprintf
 .text.__ssputs_r
                0x08000fac       0xb2 c:/stm32toolchain/gcc-arm/bin/../lib/gcc/arm-none-eabi/5.4.1/../../../../arm-none-eabi/lib/armv7e-m\libg_nano.a(lib_a-nano-svfprintf.o)
                0x08000fac                __ssputs_r
 *fill*         0x0800105e        0x2 
 .text._svfprintf_r
                0x08001060      0x1e8 c:/stm32toolchain/gcc-arm/bin/../lib/gcc/arm-none-eabi/5.4.1/../../../../arm-none-eabi/lib/armv7e-m\libg_nano.a(lib_a-nano-svfprintf.o)
                0x08001060                _svfiprintf_r
                0x08001060                _svfprintf_r
 .text._printf_common
                0x08001248       0xec c:/stm32toolchain/gcc-arm/bin/../lib/gcc/arm-none-eabi/5.4.1/../../../../arm-none-eabi/lib/armv7e-m\libg_nano.a(lib_a-nano-vfprintf_i.o)
                0x08001248                _printf_common
 .text._printf_i
                0x08001334      0x24c c:/stm32toolchain/gcc-arm/bin/../lib/gcc/arm-none-eabi/5.4.1/../../../../arm-none-eabi/lib/armv7e-m\libg_nano.a(lib_a-nano-vfprintf_i.o)
                0x08001334                _printf_i
 .text          0x08001580       0xa0 c:/stm32toolchain/gcc-arm/bin/../lib/gcc/arm-none-eabi/5.4.1/../../../../arm-none-eabi/lib/armv7e-m\libg_nano.a(lib_a-memchr.o)
                0x08001580                memchr
 .text.memmove  0x08001620       0x36 c:/stm32toolchain/gcc-arm/bin/../lib/gcc/arm-none-eabi/5.4.1/../../../../arm-none-eabi/lib/armv7e-m\libg_nano.a(lib_a-memmove.o)
                0x08001620                memmove
 *fill*         0x08001656        0x2 
 .text._free_r  0x08001658       0x9c c:/stm32toolchain/gcc-arm/bin/../lib/gcc/arm-none-eabi/5.4.1/../../../../arm-none-eabi/lib/armv7e-m\libg_nano.a(lib_a-nano-freer.o)
                0x08001658                _free_r
 .text._malloc_r
                0x080016f4       0xbc c:/stm32toolchain/gcc-arm/bin/../lib/gcc/arm-none-eabi/5.4.1/../../../../arm-none-eabi/lib/armv7e-m\libg_nano.a(lib_a-nano-mallocr.o)
                0x080016f4                _malloc_r
 .text._realloc_r
                0x080017b0       0x4c c:/stm32toolchain/gcc-arm/bin/../lib/gcc/arm-none-eabi/5.4.1/../../../../arm-none-eabi/lib/armv7e-m\libg_nano.a(lib_a-nano-reallocr.o)
                0x080017b0                _realloc_r
 .text._sbrk_r  0x080017fc       0x20 c:/stm32toolchain/gcc-arm/bin/../lib/gcc/arm-none-eabi/5.4.1/../../../../arm-none-eabi/lib/armv7e-m\libg_nano.a(lib_a-sbrkr.o)
                0x080017fc                _sbrk_r
 .text.__malloc_lock
                0x0800181c        0x2 c:/stm32toolchain/gcc-arm/bin/../lib/gcc/arm-none-eabi/5.4.1/../../../../arm-none-eabi/lib/armv7e-m\libg_nano.a(lib_a-mlock.o)
                0x0800181c                __malloc_lock
 .text.__malloc_unlock
                0x0800181e        0x2 c:/stm32toolchain/gcc-arm/bin/../lib/gcc/arm-none-eabi/5.4.1/../../../../arm-none-eabi/lib/armv7e-m\libg_nano.a(lib_a-mlock.o)
                0x0800181e                __malloc_unlock
 .text._malloc_usable_size_r
                0x08001820       0x14 c:/stm32toolchain/gcc-arm/bin/../lib/gcc/arm-none-eabi/5.4.1/../../../../arm-none-eabi/lib/armv7e-m\libg_nano.a(lib_a-nano-msizer.o)
                0x08001820                _malloc_usable_size_r
 *(.rodata .rodata.* .constdata .constdata.*)
 .rodata.APBAHBPrescTable
                0x08001834       0x10 ./system/src/stm32f4xx/stm32f4xx_hal_rcc.o
                0x08001834                APBAHBPrescTable
 .rodata.str1.4
                0x08001844      0x148 ./system/src/cortexm/exception_handlers.o
                                0x146 (size before relaxing)
 .rodata.AHBPrescTable
                0x0800198c       0x10 ./system/src/cmsis/system_stm32f4xx.o
                0x0800198c                AHBPrescTable
 .rodata.str1.1
                0x0800199c       0x11 c:/stm32toolchain/gcc-arm/bin/../lib/gcc/arm-none-eabi/5.4.1/../../../../arm-none-eabi/lib/armv7e-m\libg_nano.a(lib_a-nano-svfprintf.o)
 .rodata.str1.1
                0x080019ad       0x22 c:/stm32toolchain/gcc-arm/bin/../lib/gcc/arm-none-eabi/5.4.1/../../../../arm-none-eabi/lib/armv7e-m\libg_nano.a(lib_a-nano-vfprintf_i.o)
 *(vtable)
 *(.eh_frame*)
 *(.glue_7)
 .glue_7        0x080019cf        0x0 linker stubs
 *(.glue_7t)
 .glue_7t       0x080019cf        0x0 linker stubs

.vfp11_veneer   0x080019d0        0x0
 .vfp11_veneer  0x080019d0        0x0 linker stubs

.v4_bx          0x080019d0        0x0
 .v4_bx         0x080019d0        0x0 linker stubs

.iplt           0x080019d0        0x0
 .iplt          0x080019d0        0x0 ./system/src/stm32f4xx/stm32f4xx_hal.o

.rel.dyn        0x080019d0        0x0
 .rel.iplt      0x080019d0        0x0 ./system/src/stm32f4xx/stm32f4xx_hal.o

.ARM.extab
 *(.ARM.extab* .gnu.linkonce.armextab.*)
                0x080019d0                . = ALIGN (0x4)
                0x080019d0                __exidx_start = .

.ARM.exidx
 *(.ARM.exidx* .gnu.linkonce.armexidx.*)
                0x080019d0                __exidx_end = .
                0x080019d0                . = ALIGN (0x4)
                0x080019d0                _etext = .
                0x080019d0                __etext = .

.data_CCMRAM    0x10000000        0x0 load address 0x080019d0
 FILL mask 0xff
 *(.data.CCMRAM .data.CCMRAM.*)
                0x10000000                . = ALIGN (0x4)
                0x080019d0                _sidata = LOADADDR (.data)

.data           0x20000000       0x78 load address 0x080019d0
 FILL mask 0xff
                0x20000000                _sdata = .
                0x20000000                __data_start__ = .
 *(.data_begin .data_begin.*)
 .data_begin    0x20000000        0x4 ./system/src/newlib/_startup.o
 *(.data .data.*)
 .data.argv.4290
                0x20000004        0x8 ./system/src/newlib/_syscalls.o
 .data.SystemCoreClock
                0x2000000c        0x4 ./system/src/cmsis/system_stm32f4xx.o
                0x2000000c                SystemCoreClock
 .data.impure_data
                0x20000010       0x60 c:/stm32toolchain/gcc-arm/bin/../lib/gcc/arm-none-eabi/5.4.1/../../../../arm-none-eabi/lib/armv7e-m\libg_nano.a(lib_a-impure.o)
 .data._impure_ptr
                0x20000070        0x4 c:/stm32toolchain/gcc-arm/bin/../lib/gcc/arm-none-eabi/5.4.1/../../../../arm-none-eabi/lib/armv7e-m\libg_nano.a(lib_a-impure.o)
                0x20000070                _impure_ptr
 *(.data_end .data_end.*)
 .data_end      0x20000074        0x4 ./system/src/newlib/_startup.o
                0x20000078                . = ALIGN (0x4)
                0x20000078                _edata = .
                0x20000078                __data_end__ = .

.igot.plt       0x20000078        0x0 load address 0x08001a48
 .igot.plt      0x20000078        0x0 ./system/src/stm32f4xx/stm32f4xx_hal.o

.bss_CCMRAM     0x10000000        0x0
 *(.bss.CCMRAM .bss.CCMRAM.*)

.bss            0x20000078       0xa0
                0x20000078                __bss_start__ = .
                0x20000078                _sbss = .
 *(.bss_begin .bss_begin.*)
 .bss_begin     0x20000078        0x4 ./system/src/newlib/_startup.o
 *(.bss .bss.*)
 .bss.current_heap_end.3974
                0x2000007c        0x4 ./system/src/newlib/_sbrk.o
 .bss.name.4289
                0x20000080        0x1 ./system/src/newlib/_syscalls.o
 *fill*         0x20000081        0x3 
 .bss.buf.5179  0x20000084       0x80 ./system/src/diag/Trace.o
 .bss.__malloc_sbrk_start
                0x20000104        0x4 c:/stm32toolchain/gcc-arm/bin/../lib/gcc/arm-none-eabi/5.4.1/../../../../arm-none-eabi/lib/armv7e-m\libg_nano.a(lib_a-nano-mallocr.o)
                0x20000104                __malloc_sbrk_start
 .bss.__malloc_free_list
                0x20000108        0x4 c:/stm32toolchain/gcc-arm/bin/../lib/gcc/arm-none-eabi/5.4.1/../../../../arm-none-eabi/lib/armv7e-m\libg_nano.a(lib_a-nano-mallocr.o)
                0x20000108                __malloc_free_list
 *(COMMON)
 COMMON         0x2000010c        0x4 ./system/src/stm32f4xx/stm32f4xx_hal.o
                0x2000010c                uwTick
 COMMON         0x20000110        0x4 ./system/src/newlib/_syscalls.o
                0x20000110                errno
 *(.bss_end .bss_end.*)
 .bss_end       0x20000114        0x4 ./system/src/newlib/_startup.o
                0x20000118                . = ALIGN (0x4)
                0x20000118                __bss_end__ = .
                0x20000118                _ebss = .

.noinit_CCMRAM
 *(.noinit.CCMRAM .noinit.CCMRAM.*)

.noinit         0x20000118        0x0
                0x20000118                _noinit = .
 *(.noinit .noinit.*)
                0x20000118                . = ALIGN (0x4)
                0x20000118                _end_noinit = .
                [!provide]                PROVIDE (end, _end_noinit)
                [!provide]                PROVIDE (_end, _end_noinit)
                [!provide]                PROVIDE (__end, _end_noinit)
                [!provide]                PROVIDE (__end__, _end_noinit)

._check_stack   0x20000118      0x100
                0x20000218                . = (. + _Minimum_Stack_Size)
 *fill*         0x20000118      0x100 

.b1text
 *(.b1text)
 *(.b1rodata)
 *(.b1rodata.*)

.eb0text
 *(.eb0text)
 *(.eb0rodata)
 *(.eb0rodata.*)

.eb1text
 *(.eb1text)
 *(.eb1rodata)
 *(.eb1rodata.*)

.eb2text
 *(.eb2text)
 *(.eb2rodata)
 *(.eb2rodata.*)

.eb3text
 *(.eb3text)
 *(.eb3rodata)
 *(.eb3rodata.*)

.stab
 *(.stab)

.stabstr
 *(.stabstr)

.stab.excl
 *(.stab.excl)

.stab.exclstr
 *(.stab.exclstr)

.stab.index
 *(.stab.index)

.stab.indexstr
 *(.stab.indexstr)

.comment        0x00000000       0x6e
 *(.comment)
 .comment       0x00000000       0x6e ./system/src/stm32f4xx/stm32f4xx_hal.o
                                 0x6f (size before relaxing)
 .comment       0x0000006e       0x6f ./system/src/stm32f4xx/stm32f4xx_hal_cortex.o
 .comment       0x0000006e       0x6f ./system/src/stm32f4xx/stm32f4xx_hal_pwr.o
 .comment       0x0000006e       0x6f ./system/src/stm32f4xx/stm32f4xx_hal_rcc.o
 .comment       0x0000006e       0x6f ./system/src/newlib/_exit.o
 .comment       0x0000006e       0x6f ./system/src/newlib/_sbrk.o
 .comment       0x0000006e       0x6f ./system/src/newlib/_startup.o
 .comment       0x0000006e       0x6f ./system/src/newlib/_syscalls.o
 .comment       0x0000006e       0x6f ./system/src/diag/Trace.o
 .comment       0x0000006e       0x6f ./system/src/diag/trace_impl.o
 .comment       0x0000006e       0x6f ./system/src/cortexm/_initialize_hardware.o
 .comment       0x0000006e       0x6f ./system/src/cortexm/exception_handlers.o
 .comment       0x0000006e       0x6f ./system/src/cmsis/system_stm32f4xx.o
 .comment       0x0000006e       0x6f ./src/main.o
 .comment       0x0000006e       0x6f ./src/stm32f4xx_hal_msp.o
 .comment       0x0000006e       0x6f ./src/stm32f4xx_it.o

.ARM.attributes
                0x00000000       0x31
 .ARM.attributes
                0x00000000       0x33 ./system/src/stm32f4xx/stm32f4xx_hal.o
 .ARM.attributes
                0x00000033       0x33 ./system/src/stm32f4xx/stm32f4xx_hal_cortex.o
 .ARM.attributes
                0x00000066       0x33 ./system/src/stm32f4xx/stm32f4xx_hal_pwr.o
 .ARM.attributes
                0x00000099       0x33 ./system/src/stm32f4xx/stm32f4xx_hal_rcc.o
 .ARM.attributes
                0x000000cc       0x33 ./system/src/newlib/_exit.o
 .ARM.attributes
                0x000000ff       0x33 ./system/src/newlib/_sbrk.o
 .ARM.attributes
                0x00000132       0x33 ./system/src/newlib/_startup.o
 .ARM.attributes
                0x00000165       0x33 ./system/src/newlib/_syscalls.o
 .ARM.attributes
                0x00000198       0x33 ./system/src/diag/Trace.o
 .ARM.attributes
                0x000001cb       0x33 ./system/src/diag/trace_impl.o
 .ARM.attributes
                0x000001fe       0x33 ./system/src/cortexm/_initialize_hardware.o
 .ARM.attributes
                0x00000231       0x33 ./system/src/cortexm/exception_handlers.o
 .ARM.attributes
                0x00000264       0x21 ./system/src/cmsis/startup_stm32f401xe.o
 .ARM.attributes
                0x00000285       0x33 ./system/src/cmsis/system_stm32f4xx.o
 .ARM.attributes
                0x000002b8       0x33 ./src/main.o
 .ARM.attributes
                0x000002eb       0x33 ./src/stm32f4xx_hal_msp.o
 .ARM.attributes
                0x0000031e       0x33 ./src/stm32f4xx_it.o
 .ARM.attributes
                0x00000351       0x2e c:/stm32toolchain/gcc-arm/bin/../lib/gcc/arm-none-eabi/5.4.1/../../../../arm-none-eabi/lib/armv7e-m\libg_nano.a(lib_a-errno.o)
 .ARM.attributes
                0x0000037f       0x2e c:/stm32toolchain/gcc-arm/bin/../lib/gcc/arm-none-eabi/5.4.1/../../../../arm-none-eabi/lib/armv7e-m\libg_nano.a(lib_a-impure.o)
 .ARM.attributes
                0x000003ad       0x2e c:/stm32toolchain/gcc-arm/bin/../lib/gcc/arm-none-eabi/5.4.1/../../../../arm-none-eabi/lib/armv7e-m\libg_nano.a(lib_a-memcpy-stub.o)
 .ARM.attributes
                0x000003db       0x2e c:/stm32toolchain/gcc-arm/bin/../lib/gcc/arm-none-eabi/5.4.1/../../../../arm-none-eabi/lib/armv7e-m\libg_nano.a(lib_a-vsnprintf.o)
 .ARM.attributes
                0x00000409       0x2e c:/stm32toolchain/gcc-arm/bin/../lib/gcc/arm-none-eabi/5.4.1/../../../../arm-none-eabi/lib/armv7e-m\libg_nano.a(lib_a-nano-svfprintf.o)
 .ARM.attributes
                0x00000437       0x2e c:/stm32toolchain/gcc-arm/bin/../lib/gcc/arm-none-eabi/5.4.1/../../../../arm-none-eabi/lib/armv7e-m\libg_nano.a(lib_a-nano-vfprintf_i.o)
 .ARM.attributes
                0x00000465       0x1c c:/stm32toolchain/gcc-arm/bin/../lib/gcc/arm-none-eabi/5.4.1/../../../../arm-none-eabi/lib/armv7e-m\libg_nano.a(lib_a-memchr.o)
 .ARM.attributes
                0x00000481       0x2e c:/stm32toolchain/gcc-arm/bin/../lib/gcc/arm-none-eabi/5.4.1/../../../../arm-none-eabi/lib/armv7e-m\libg_nano.a(lib_a-memmove.o)
 .ARM.attributes
                0x000004af       0x2e c:/stm32toolchain/gcc-arm/bin/../lib/gcc/arm-none-eabi/5.4.1/../../../../arm-none-eabi/lib/armv7e-m\libg_nano.a(lib_a-nano-freer.o)
 .ARM.attributes
                0x000004dd       0x2e c:/stm32toolchain/gcc-arm/bin/../lib/gcc/arm-none-eabi/5.4.1/../../../../arm-none-eabi/lib/armv7e-m\libg_nano.a(lib_a-nano-mallocr.o)
 .ARM.attributes
                0x0000050b       0x2e c:/stm32toolchain/gcc-arm/bin/../lib/gcc/arm-none-eabi/5.4.1/../../../../arm-none-eabi/lib/armv7e-m\libg_nano.a(lib_a-nano-reallocr.o)
 .ARM.attributes
                0x00000539       0x2e c:/stm32toolchain/gcc-arm/bin/../lib/gcc/arm-none-eabi/5.4.1/../../../../arm-none-eabi/lib/armv7e-m\libg_nano.a(lib_a-sbrkr.o)
 .ARM.attributes
                0x00000567       0x2e c:/stm32toolchain/gcc-arm/bin/../lib/gcc/arm-none-eabi/5.4.1/../../../../arm-none-eabi/lib/armv7e-m\libg_nano.a(lib_a-mlock.o)
 .ARM.attributes
                0x00000595       0x2e c:/stm32toolchain/gcc-arm/bin/../lib/gcc/arm-none-eabi/5.4.1/../../../../arm-none-eabi/lib/armv7e-m\libg_nano.a(lib_a-nano-msizer.o)

.debug
 *(.debug)

.line
 *(.line)

.debug_srcinfo
 *(.debug_srcinfo)

.debug_sfnames
 *(.debug_sfnames)

.debug_aranges  0x00000000      0x510
 *(.debug_aranges)
 .debug_aranges
                0x00000000       0xc0 ./system/src/stm32f4xx/stm32f4xx_hal.o
 .debug_aranges
                0x000000c0       0x98 ./system/src/stm32f4xx/stm32f4xx_hal_cortex.o
 .debug_aranges
                0x00000158       0xa0 ./system/src/stm32f4xx/stm32f4xx_hal_pwr.o
 .debug_aranges
                0x000001f8       0x88 ./system/src/stm32f4xx/stm32f4xx_hal_rcc.o
 .debug_aranges
                0x00000280       0x28 ./system/src/newlib/_exit.o
 .debug_aranges
                0x000002a8       0x20 ./system/src/newlib/_sbrk.o
 .debug_aranges
                0x000002c8       0x40 ./system/src/newlib/_startup.o
 .debug_aranges
                0x00000308       0x30 ./system/src/newlib/_syscalls.o
 .debug_aranges
                0x00000338       0x38 ./system/src/diag/Trace.o
 .debug_aranges
                0x00000370       0x28 ./system/src/diag/trace_impl.o
 .debug_aranges
                0x00000398       0x28 ./system/src/cortexm/_initialize_hardware.o
 .debug_aranges
                0x000003c0       0x88 ./system/src/cortexm/exception_handlers.o
 .debug_aranges
                0x00000448       0x28 ./system/src/cmsis/startup_stm32f401xe.o
 .debug_aranges
                0x00000470       0x28 ./system/src/cmsis/system_stm32f4xx.o
 .debug_aranges
                0x00000498       0x38 ./src/main.o
 .debug_aranges
                0x000004d0       0x20 ./src/stm32f4xx_hal_msp.o
 .debug_aranges
                0x000004f0       0x20 ./src/stm32f4xx_it.o

.debug_pubnames
 *(.debug_pubnames)

.debug_info     0x00000000     0x5321
 *(.debug_info .gnu.linkonce.wi.*)
 .debug_info    0x00000000      0x867 ./system/src/stm32f4xx/stm32f4xx_hal.o
 .debug_info    0x00000867      0xdd6 ./system/src/stm32f4xx/stm32f4xx_hal_cortex.o
 .debug_info    0x0000163d      0x879 ./system/src/stm32f4xx/stm32f4xx_hal_pwr.o
 .debug_info    0x00001eb6      0xcc9 ./system/src/stm32f4xx/stm32f4xx_hal_rcc.o
 .debug_info    0x00002b7f       0xef ./system/src/newlib/_exit.o
 .debug_info    0x00002c6e      0x11f ./system/src/newlib/_sbrk.o
 .debug_info    0x00002d8d      0x454 ./system/src/newlib/_startup.o
 .debug_info    0x000031e1      0x1c7 ./system/src/newlib/_syscalls.o
 .debug_info    0x000033a8      0x2e7 ./system/src/diag/Trace.o
 .debug_info    0x0000368f      0x114 ./system/src/diag/trace_impl.o
 .debug_info    0x000037a3      0x2b1 ./system/src/cortexm/_initialize_hardware.o
 .debug_info    0x00003a54      0x7b7 ./system/src/cortexm/exception_handlers.o
 .debug_info    0x0000420b       0x90 ./system/src/cmsis/startup_stm32f401xe.o
 .debug_info    0x0000429b      0x4d5 ./system/src/cmsis/system_stm32f4xx.o
 .debug_info    0x00004770      0x789 ./src/main.o
 .debug_info    0x00004ef9      0x348 ./src/stm32f4xx_hal_msp.o
 .debug_info    0x00005241       0xe0 ./src/stm32f4xx_it.o

.debug_abbrev   0x00000000     0x170e
 *(.debug_abbrev)
 .debug_abbrev  0x00000000      0x260 ./system/src/stm32f4xx/stm32f4xx_hal.o
 .debug_abbrev  0x00000260      0x2fe ./system/src/stm32f4xx/stm32f4xx_hal_cortex.o
 .debug_abbrev  0x0000055e      0x1f8 ./system/src/stm32f4xx/stm32f4xx_hal_pwr.o
 .debug_abbrev  0x00000756      0x2c1 ./system/src/stm32f4xx/stm32f4xx_hal_rcc.o
 .debug_abbrev  0x00000a17       0x8e ./system/src/newlib/_exit.o
 .debug_abbrev  0x00000aa5       0xb9 ./system/src/newlib/_sbrk.o
 .debug_abbrev  0x00000b5e      0x1ac ./system/src/newlib/_startup.o
 .debug_abbrev  0x00000d0a       0xec ./system/src/newlib/_syscalls.o
 .debug_abbrev  0x00000df6      0x156 ./system/src/diag/Trace.o
 .debug_abbrev  0x00000f4c       0xb4 ./system/src/diag/trace_impl.o
 .debug_abbrev  0x00001000       0xea ./system/src/cortexm/_initialize_hardware.o
 .debug_abbrev  0x000010ea      0x1d4 ./system/src/cortexm/exception_handlers.o
 .debug_abbrev  0x000012be       0x12 ./system/src/cmsis/startup_stm32f401xe.o
 .debug_abbrev  0x000012d0      0x104 ./system/src/cmsis/system_stm32f4xx.o
 .debug_abbrev  0x000013d4      0x1df ./src/main.o
 .debug_abbrev  0x000015b3       0xc2 ./src/stm32f4xx_hal_msp.o
 .debug_abbrev  0x00001675       0x99 ./src/stm32f4xx_it.o

.debug_line     0x00000000     0x45eb
 *(.debug_line)
 .debug_line    0x00000000      0x6a5 ./system/src/stm32f4xx/stm32f4xx_hal.o
 .debug_line    0x000006a5      0x6df ./system/src/stm32f4xx/stm32f4xx_hal_cortex.o
 .debug_line    0x00000d84      0x697 ./system/src/stm32f4xx/stm32f4xx_hal_pwr.o
 .debug_line    0x0000141b      0x80b ./system/src/stm32f4xx/stm32f4xx_hal_rcc.o
 .debug_line    0x00001c26      0x2c0 ./system/src/newlib/_exit.o
 .debug_line    0x00001ee6      0x272 ./system/src/newlib/_sbrk.o
 .debug_line    0x00002158      0x328 ./system/src/newlib/_startup.o
 .debug_line    0x00002480      0x36e ./system/src/newlib/_syscalls.o
 .debug_line    0x000027ee      0x32c ./system/src/diag/Trace.o
 .debug_line    0x00002b1a      0x362 ./system/src/diag/trace_impl.o
 .debug_line    0x00002e7c      0x17a ./system/src/cortexm/_initialize_hardware.o
 .debug_line    0x00002ff6      0x44e ./system/src/cortexm/exception_handlers.o
 .debug_line    0x00003444       0x88 ./system/src/cmsis/startup_stm32f401xe.o
 .debug_line    0x000034cc      0x17a ./system/src/cmsis/system_stm32f4xx.o
 .debug_line    0x00003646      0x566 ./src/main.o
 .debug_line    0x00003bac      0x51c ./src/stm32f4xx_hal_msp.o
 .debug_line    0x000040c8      0x523 ./src/stm32f4xx_it.o

.debug_frame    0x00000000      0xc58
 *(.debug_frame)
 .debug_frame   0x00000000      0x188 ./system/src/stm32f4xx/stm32f4xx_hal.o
 .debug_frame   0x00000188      0x134 ./system/src/stm32f4xx/stm32f4xx_hal_cortex.o
 .debug_frame   0x000002bc      0x128 ./system/src/stm32f4xx/stm32f4xx_hal_pwr.o
 .debug_frame   0x000003e4      0x150 ./system/src/stm32f4xx/stm32f4xx_hal_rcc.o
 .debug_frame   0x00000534       0x38 ./system/src/newlib/_exit.o
 .debug_frame   0x0000056c       0x28 ./system/src/newlib/_sbrk.o
 .debug_frame   0x00000594       0x7c ./system/src/newlib/_startup.o
 .debug_frame   0x00000610       0x50 ./system/src/newlib/_syscalls.o
 .debug_frame   0x00000660       0x94 ./system/src/diag/Trace.o
 .debug_frame   0x000006f4       0x30 ./system/src/diag/trace_impl.o
 .debug_frame   0x00000724       0x40 ./system/src/cortexm/_initialize_hardware.o
 .debug_frame   0x00000764      0x144 ./system/src/cortexm/exception_handlers.o
 .debug_frame   0x000008a8       0x30 ./system/src/cmsis/system_stm32f4xx.o
 .debug_frame   0x000008d8       0x6c ./src/main.o
 .debug_frame   0x00000944       0x28 ./src/stm32f4xx_hal_msp.o
 .debug_frame   0x0000096c       0x28 ./src/stm32f4xx_it.o
 .debug_frame   0x00000994       0x20 c:/stm32toolchain/gcc-arm/bin/../lib/gcc/arm-none-eabi/5.4.1/../../../../arm-none-eabi/lib/armv7e-m\libg_nano.a(lib_a-errno.o)
 .debug_frame   0x000009b4       0x28 c:/stm32toolchain/gcc-arm/bin/../lib/gcc/arm-none-eabi/5.4.1/../../../../arm-none-eabi/lib/armv7e-m\libg_nano.a(lib_a-memcpy-stub.o)
 .debug_frame   0x000009dc       0x48 c:/stm32toolchain/gcc-arm/bin/../lib/gcc/arm-none-eabi/5.4.1/../../../../arm-none-eabi/lib/armv7e-m\libg_nano.a(lib_a-vsnprintf.o)
 .debug_frame   0x00000a24       0x90 c:/stm32toolchain/gcc-arm/bin/../lib/gcc/arm-none-eabi/5.4.1/../../../../arm-none-eabi/lib/armv7e-m\libg_nano.a(lib_a-nano-svfprintf.o)
 .debug_frame   0x00000ab4       0x60 c:/stm32toolchain/gcc-arm/bin/../lib/gcc/arm-none-eabi/5.4.1/../../../../arm-none-eabi/lib/armv7e-m\libg_nano.a(lib_a-nano-vfprintf_i.o)
 .debug_frame   0x00000b14       0x28 c:/stm32toolchain/gcc-arm/bin/../lib/gcc/arm-none-eabi/5.4.1/../../../../arm-none-eabi/lib/armv7e-m\libg_nano.a(lib_a-memmove.o)
 .debug_frame   0x00000b3c       0x38 c:/stm32toolchain/gcc-arm/bin/../lib/gcc/arm-none-eabi/5.4.1/../../../../arm-none-eabi/lib/armv7e-m\libg_nano.a(lib_a-nano-freer.o)
 .debug_frame   0x00000b74       0x2c c:/stm32toolchain/gcc-arm/bin/../lib/gcc/arm-none-eabi/5.4.1/../../../../arm-none-eabi/lib/armv7e-m\libg_nano.a(lib_a-nano-mallocr.o)
 .debug_frame   0x00000ba0       0x3c c:/stm32toolchain/gcc-arm/bin/../lib/gcc/arm-none-eabi/5.4.1/../../../../arm-none-eabi/lib/armv7e-m\libg_nano.a(lib_a-nano-reallocr.o)
 .debug_frame   0x00000bdc       0x2c c:/stm32toolchain/gcc-arm/bin/../lib/gcc/arm-none-eabi/5.4.1/../../../../arm-none-eabi/lib/armv7e-m\libg_nano.a(lib_a-sbrkr.o)
 .debug_frame   0x00000c08       0x30 c:/stm32toolchain/gcc-arm/bin/../lib/gcc/arm-none-eabi/5.4.1/../../../../arm-none-eabi/lib/armv7e-m\libg_nano.a(lib_a-mlock.o)
 .debug_frame   0x00000c38       0x20 c:/stm32toolchain/gcc-arm/bin/../lib/gcc/arm-none-eabi/5.4.1/../../../../arm-none-eabi/lib/armv7e-m\libg_nano.a(lib_a-nano-msizer.o)

.debug_str      0x00000000    0x5280f
 *(.debug_str)
 .debug_str     0x00000000    0x4f2a1 ./system/src/stm32f4xx/stm32f4xx_hal.o
                              0x4f66c (size before relaxing)
 .debug_str     0x0004f2a1      0x38b ./system/src/stm32f4xx/stm32f4xx_hal_cortex.o
                              0x4f4af (size before relaxing)
 .debug_str     0x0004f62c      0x2bd ./system/src/stm32f4xx/stm32f4xx_hal_pwr.o
                              0x4f047 (size before relaxing)
 .debug_str     0x0004f8e9      0x3fb ./system/src/stm32f4xx/stm32f4xx_hal_rcc.o
                              0x4f1e0 (size before relaxing)
 .debug_str     0x0004fce4     0x10b6 ./system/src/newlib/_exit.o
                               0x6e80 (size before relaxing)
 .debug_str     0x00050d9a      0x4de ./system/src/newlib/_sbrk.o
                               0x626b (size before relaxing)
 .debug_str     0x00051278      0x266 ./system/src/newlib/_startup.o
                               0x5e20 (size before relaxing)
 .debug_str     0x000514de      0xe18 ./system/src/newlib/_syscalls.o
                               0x70cb (size before relaxing)
 .debug_str     0x000522f6      0x176 ./system/src/diag/Trace.o
                               0x7670 (size before relaxing)
 .debug_str     0x0005246c       0x4b ./system/src/diag/trace_impl.o
                              0x22841 (size before relaxing)
 .debug_str     0x000524b7       0x5e ./system/src/cortexm/_initialize_hardware.o
                              0x1ed23 (size before relaxing)
 .debug_str     0x00052515      0x1e5 ./system/src/cortexm/exception_handlers.o
                              0x236a2 (size before relaxing)
 .debug_str     0x000526fa       0x84 ./system/src/cmsis/system_stm32f4xx.o
                              0x1ee60 (size before relaxing)
 .debug_str     0x0005277e       0x4e ./src/main.o
                              0x4f2c9 (size before relaxing)
 .debug_str     0x000527cc       0x1b ./src/stm32f4xx_hal_msp.o
                              0x4efc5 (size before relaxing)
 .debug_str     0x000527e7       0x28 ./src/stm32f4xx_it.o
                              0x4ec32 (size before relaxing)

.debug_loc      0x00000000     0x13b5
 *(.debug_loc)
 .debug_loc     0x00000000       0x92 ./system/src/stm32f4xx/stm32f4xx_hal.o
 .debug_loc     0x00000092      0x527 ./system/src/stm32f4xx/stm32f4xx_hal_cortex.o
 .debug_loc     0x000005b9       0xb7 ./system/src/stm32f4xx/stm32f4xx_hal_pwr.o
 .debug_loc     0x00000670      0x622 ./system/src/stm32f4xx/stm32f4xx_hal_rcc.o
 .debug_loc     0x00000c92       0x82 ./system/src/newlib/_sbrk.o
 .debug_loc     0x00000d14      0x265 ./system/src/newlib/_startup.o
 .debug_loc     0x00000f79       0x63 ./system/src/newlib/_syscalls.o
 .debug_loc     0x00000fdc      0x102 ./system/src/diag/Trace.o
 .debug_loc     0x000010de       0x21 ./system/src/diag/trace_impl.o
 .debug_loc     0x000010ff      0x184 ./system/src/cortexm/exception_handlers.o
 .debug_loc     0x00001283      0x132 ./system/src/cmsis/system_stm32f4xx.o

.debug_macinfo
 *(.debug_macinfo)

.debug_weaknames
 *(.debug_weaknames)

.debug_funcnames
 *(.debug_funcnames)

.debug_typenames
 *(.debug_typenames)

.debug_varnames
 *(.debug_varnames)
OUTPUT(Stop_mode(no_peripherals_active).elf elf32-littlearm)

.debug_ranges   0x00000000      0x420
 .debug_ranges  0x00000000       0xb0 ./system/src/stm32f4xx/stm32f4xx_hal.o
 .debug_ranges  0x000000b0       0x88 ./system/src/stm32f4xx/stm32f4xx_hal_cortex.o
 .debug_ranges  0x00000138       0x90 ./system/src/stm32f4xx/stm32f4xx_hal_pwr.o
 .debug_ranges  0x000001c8       0x78 ./system/src/stm32f4xx/stm32f4xx_hal_rcc.o
 .debug_ranges  0x00000240       0x18 ./system/src/newlib/_exit.o
 .debug_ranges  0x00000258       0x10 ./system/src/newlib/_sbrk.o
 .debug_ranges  0x00000268       0x48 ./system/src/newlib/_startup.o
 .debug_ranges  0x000002b0       0x20 ./system/src/newlib/_syscalls.o
 .debug_ranges  0x000002d0       0x28 ./system/src/diag/Trace.o
 .debug_ranges  0x000002f8       0x18 ./system/src/diag/trace_impl.o
 .debug_ranges  0x00000310       0x18 ./system/src/cortexm/_initialize_hardware.o
 .debug_ranges  0x00000328       0x78 ./system/src/cortexm/exception_handlers.o
 .debug_ranges  0x000003a0       0x20 ./system/src/cmsis/startup_stm32f401xe.o
 .debug_ranges  0x000003c0       0x18 ./system/src/cmsis/system_stm32f4xx.o
 .debug_ranges  0x000003d8       0x28 ./src/main.o
 .debug_ranges  0x00000400       0x10 ./src/stm32f4xx_hal_msp.o
 .debug_ranges  0x00000410       0x10 ./src/stm32f4xx_it.o

.debug_macro    0x00000000     0xfa85
 .debug_macro   0x00000000      0x320 ./system/src/stm32f4xx/stm32f4xx_hal.o
 .debug_macro   0x00000320      0x880 ./system/src/stm32f4xx/stm32f4xx_hal.o
 .debug_macro   0x00000ba0      0x1a4 ./system/src/stm32f4xx/stm32f4xx_hal.o
 .debug_macro   0x00000d44       0x31 ./system/src/stm32f4xx/stm32f4xx_hal.o
 .debug_macro   0x00000d75       0x28 ./system/src/stm32f4xx/stm32f4xx_hal.o
 .debug_macro   0x00000d9d      0x34e ./system/src/stm32f4xx/stm32f4xx_hal.o
 .debug_macro   0x000010eb       0x35 ./system/src/stm32f4xx/stm32f4xx_hal.o
 .debug_macro   0x00001120       0x50 ./system/src/stm32f4xx/stm32f4xx_hal.o
 .debug_macro   0x00001170      0xe66 ./system/src/stm32f4xx/stm32f4xx_hal.o
 .debug_macro   0x00001fd6     0x5099 ./system/src/stm32f4xx/stm32f4xx_hal.o
 .debug_macro   0x0000706f       0x43 ./system/src/stm32f4xx/stm32f4xx_hal.o
 .debug_macro   0x000070b2     0x347f ./system/src/stm32f4xx/stm32f4xx_hal.o
 .debug_macro   0x0000a531       0x22 ./system/src/stm32f4xx/stm32f4xx_hal.o
 .debug_macro   0x0000a553       0x4c ./system/src/stm32f4xx/stm32f4xx_hal.o
 .debug_macro   0x0000a59f       0x8d ./system/src/stm32f4xx/stm32f4xx_hal.o
 .debug_macro   0x0000a62c       0x35 ./system/src/stm32f4xx/stm32f4xx_hal.o
 .debug_macro   0x0000a661       0x9c ./system/src/stm32f4xx/stm32f4xx_hal.o
 .debug_macro   0x0000a6fd       0x16 ./system/src/stm32f4xx/stm32f4xx_hal.o
 .debug_macro   0x0000a713       0x4a ./system/src/stm32f4xx/stm32f4xx_hal.o
 .debug_macro   0x0000a75d       0x97 ./system/src/stm32f4xx/stm32f4xx_hal.o
 .debug_macro   0x0000a7f4      0x30d ./system/src/stm32f4xx/stm32f4xx_hal.o
 .debug_macro   0x0000ab01       0xfd ./system/src/stm32f4xx/stm32f4xx_hal.o
 .debug_macro   0x0000abfe       0x10 ./system/src/stm32f4xx/stm32f4xx_hal.o
 .debug_macro   0x0000ac0e       0x52 ./system/src/stm32f4xx/stm32f4xx_hal.o
 .debug_macro   0x0000ac60       0x1f ./system/src/stm32f4xx/stm32f4xx_hal.o
 .debug_macro   0x0000ac7f       0x43 ./system/src/stm32f4xx/stm32f4xx_hal.o
 .debug_macro   0x0000acc2       0x20 ./system/src/stm32f4xx/stm32f4xx_hal.o
 .debug_macro   0x0000ace2      0x187 ./system/src/stm32f4xx/stm32f4xx_hal.o
 .debug_macro   0x0000ae69       0x10 ./system/src/stm32f4xx/stm32f4xx_hal.o
 .debug_macro   0x0000ae79       0x5e ./system/src/stm32f4xx/stm32f4xx_hal.o
 .debug_macro   0x0000aed7       0x1c ./system/src/stm32f4xx/stm32f4xx_hal.o
 .debug_macro   0x0000aef3       0x52 ./system/src/stm32f4xx/stm32f4xx_hal.o
 .debug_macro   0x0000af45       0x40 ./system/src/stm32f4xx/stm32f4xx_hal.o
 .debug_macro   0x0000af85       0x10 ./system/src/stm32f4xx/stm32f4xx_hal.o
 .debug_macro   0x0000af95       0x40 ./system/src/stm32f4xx/stm32f4xx_hal.o
 .debug_macro   0x0000afd5       0xd7 ./system/src/stm32f4xx/stm32f4xx_hal.o
 .debug_macro   0x0000b0ac       0x16 ./system/src/stm32f4xx/stm32f4xx_hal.o
 .debug_macro   0x0000b0c2      0x18b ./system/src/stm32f4xx/stm32f4xx_hal.o
 .debug_macro   0x0000b24d       0x57 ./system/src/stm32f4xx/stm32f4xx_hal.o
 .debug_macro   0x0000b2a4      0x424 ./system/src/stm32f4xx/stm32f4xx_hal.o
 .debug_macro   0x0000b6c8      0x9e1 ./system/src/stm32f4xx/stm32f4xx_hal.o
 .debug_macro   0x0000c0a9      0x11e ./system/src/stm32f4xx/stm32f4xx_hal.o
 .debug_macro   0x0000c1c7       0xf8 ./system/src/stm32f4xx/stm32f4xx_hal.o
 .debug_macro   0x0000c2bf       0x27 ./system/src/stm32f4xx/stm32f4xx_hal.o
 .debug_macro   0x0000c2e6      0x287 ./system/src/stm32f4xx/stm32f4xx_hal.o
 .debug_macro   0x0000c56d       0x5f ./system/src/stm32f4xx/stm32f4xx_hal.o
 .debug_macro   0x0000c5cc      0x23a ./system/src/stm32f4xx/stm32f4xx_hal.o
 .debug_macro   0x0000c806      0x13a ./system/src/stm32f4xx/stm32f4xx_hal.o
 .debug_macro   0x0000c940      0x264 ./system/src/stm32f4xx/stm32f4xx_hal.o
 .debug_macro   0x0000cba4       0x2e ./system/src/stm32f4xx/stm32f4xx_hal.o
 .debug_macro   0x0000cbd2      0x11e ./system/src/stm32f4xx/stm32f4xx_hal.o
 .debug_macro   0x0000ccf0       0x85 ./system/src/stm32f4xx/stm32f4xx_hal.o
 .debug_macro   0x0000cd75       0x89 ./system/src/stm32f4xx/stm32f4xx_hal.o
 .debug_macro   0x0000cdfe      0x11e ./system/src/stm32f4xx/stm32f4xx_hal.o
 .debug_macro   0x0000cf1c      0x2d2 ./system/src/stm32f4xx/stm32f4xx_hal_cortex.o
 .debug_macro   0x0000d1ee      0x2ea ./system/src/stm32f4xx/stm32f4xx_hal_pwr.o
 .debug_macro   0x0000d4d8      0x2fc ./system/src/stm32f4xx/stm32f4xx_hal_rcc.o
 .debug_macro   0x0000d7d4      0x19c ./system/src/newlib/_exit.o
 .debug_macro   0x0000d970      0x10e ./system/src/newlib/_exit.o
 .debug_macro   0x0000da7e       0x8d ./system/src/newlib/_exit.o
 .debug_macro   0x0000db0b       0x35 ./system/src/newlib/_exit.o
 .debug_macro   0x0000db40      0x151 ./system/src/newlib/_sbrk.o
 .debug_macro   0x0000dc91      0x174 ./system/src/newlib/_sbrk.o
 .debug_macro   0x0000de05       0x10 ./system/src/newlib/_sbrk.o
 .debug_macro   0x0000de15      0x23b ./system/src/newlib/_sbrk.o
 .debug_macro   0x0000e050      0x15b ./system/src/newlib/_startup.o
 .debug_macro   0x0000e1ab      0x1ff ./system/src/newlib/_syscalls.o
 .debug_macro   0x0000e3aa       0x1c ./system/src/newlib/_syscalls.o
 .debug_macro   0x0000e3c6       0x10 ./system/src/newlib/_syscalls.o
 .debug_macro   0x0000e3d6       0x10 ./system/src/newlib/_syscalls.o
 .debug_macro   0x0000e3e6       0x10 ./system/src/newlib/_syscalls.o
 .debug_macro   0x0000e3f6       0x35 ./system/src/newlib/_syscalls.o
 .debug_macro   0x0000e42b      0x122 ./system/src/newlib/_syscalls.o
 .debug_macro   0x0000e54d       0x88 ./system/src/newlib/_syscalls.o
 .debug_macro   0x0000e5d5       0x2b ./system/src/newlib/_syscalls.o
 .debug_macro   0x0000e600      0x118 ./system/src/newlib/_syscalls.o
 .debug_macro   0x0000e718      0x159 ./system/src/newlib/_syscalls.o
 .debug_macro   0x0000e871       0x16 ./system/src/newlib/_syscalls.o
 .debug_macro   0x0000e887      0x1d9 ./system/src/diag/Trace.o
 .debug_macro   0x0000ea60       0x4c ./system/src/diag/Trace.o
 .debug_macro   0x0000eaac       0x16 ./system/src/diag/Trace.o
 .debug_macro   0x0000eac2      0x1db ./system/src/diag/trace_impl.o
 .debug_macro   0x0000ec9d       0x10 ./system/src/diag/trace_impl.o
 .debug_macro   0x0000ecad       0xcf ./system/src/diag/trace_impl.o
 .debug_macro   0x0000ed7c       0xbe ./system/src/diag/trace_impl.o
 .debug_macro   0x0000ee3a       0x95 ./system/src/cortexm/_initialize_hardware.o
 .debug_macro   0x0000eecf      0x22c ./system/src/cortexm/exception_handlers.o
 .debug_macro   0x0000f0fb       0x3b ./system/src/cortexm/exception_handlers.o
 .debug_macro   0x0000f136       0x22 ./system/src/cortexm/exception_handlers.o
 .debug_macro   0x0000f158       0x10 ./system/src/cortexm/exception_handlers.o
 .debug_macro   0x0000f168       0x9d ./system/src/cmsis/system_stm32f4xx.o
 .debug_macro   0x0000f205      0x2d2 ./src/main.o
 .debug_macro   0x0000f4d7      0x2d2 ./src/stm32f4xx_hal_msp.o
 .debug_macro   0x0000f7a9      0x2dc ./src/stm32f4xx_it.o
