Archive member included to satisfy reference by file (symbol)

c:/stm32toolchain/gcc-arm/bin/../lib/gcc/arm-none-eabi/5.4.1/armv7e-m\libgcc.a(_aeabi_uldivmod.o)
                              ./src/sensor_service.o (__aeabi_uldivmod)
c:/stm32toolchain/gcc-arm/bin/../lib/gcc/arm-none-eabi/5.4.1/armv7e-m\libgcc.a(_udivmoddi4.o)
                              c:/stm32toolchain/gcc-arm/bin/../lib/gcc/arm-none-eabi/5.4.1/armv7e-m\libgcc.a(_aeabi_uldivmod.o) (__udivmoddi4)
c:/stm32toolchain/gcc-arm/bin/../lib/gcc/arm-none-eabi/5.4.1/armv7e-m\libgcc.a(_dvmd_tls.o)
                              c:/stm32toolchain/gcc-arm/bin/../lib/gcc/arm-none-eabi/5.4.1/armv7e-m\libgcc.a(_aeabi_uldivmod.o) (__aeabi_ldiv0)
c:/stm32toolchain/gcc-arm/bin/../lib/gcc/arm-none-eabi/5.4.1/../../../../arm-none-eabi/lib/armv7e-m\libg_nano.a(lib_a-errno.o)
                              ./system/src/newlib/_sbrk.o (__errno)
c:/stm32toolchain/gcc-arm/bin/../lib/gcc/arm-none-eabi/5.4.1/../../../../arm-none-eabi/lib/armv7e-m\libg_nano.a(lib_a-findfp.o)
                              ./system/src/newlib/_syscalls.o (__sinit)
c:/stm32toolchain/gcc-arm/bin/../lib/gcc/arm-none-eabi/5.4.1/../../../../arm-none-eabi/lib/armv7e-m\libg_nano.a(lib_a-fwalk.o)
                              c:/stm32toolchain/gcc-arm/bin/../lib/gcc/arm-none-eabi/5.4.1/../../../../arm-none-eabi/lib/armv7e-m\libg_nano.a(lib_a-findfp.o) (_fwalk)
c:/stm32toolchain/gcc-arm/bin/../lib/gcc/arm-none-eabi/5.4.1/../../../../arm-none-eabi/lib/armv7e-m\libg_nano.a(lib_a-impure.o)
                              c:/stm32toolchain/gcc-arm/bin/../lib/gcc/arm-none-eabi/5.4.1/../../../../arm-none-eabi/lib/armv7e-m\libg_nano.a(lib_a-findfp.o) (_global_impure_ptr)
c:/stm32toolchain/gcc-arm/bin/../lib/gcc/arm-none-eabi/5.4.1/../../../../arm-none-eabi/lib/armv7e-m\libg_nano.a(lib_a-init.o)
                              ./system/src/cmsis/startup_stm32f401xe.o (__libc_init_array)
c:/stm32toolchain/gcc-arm/bin/../lib/gcc/arm-none-eabi/5.4.1/../../../../arm-none-eabi/lib/armv7e-m\libg_nano.a(lib_a-locale.o)
                              ./system/src/newlib/_syscalls.o (__locale_ctype_ptr)
c:/stm32toolchain/gcc-arm/bin/../lib/gcc/arm-none-eabi/5.4.1/../../../../arm-none-eabi/lib/armv7e-m\libg_nano.a(lib_a-mbtowc_r.o)
                              c:/stm32toolchain/gcc-arm/bin/../lib/gcc/arm-none-eabi/5.4.1/../../../../arm-none-eabi/lib/armv7e-m\libg_nano.a(lib_a-locale.o) (__ascii_mbtowc)
c:/stm32toolchain/gcc-arm/bin/../lib/gcc/arm-none-eabi/5.4.1/../../../../arm-none-eabi/lib/armv7e-m\libg_nano.a(lib_a-memcmp.o)
                              ./bluenrg-stack/Middlewares/ST/STM32_BlueNRG/SimpleBlueNRG_HCI/hci/controller/bluenrg_utils.o (memcmp)
c:/stm32toolchain/gcc-arm/bin/../lib/gcc/arm-none-eabi/5.4.1/../../../../arm-none-eabi/lib/armv7e-m\libg_nano.a(lib_a-memcpy-stub.o)
                              ./bluenrg-stack/Middlewares/ST/STM32_BlueNRG/SimpleBlueNRG_HCI/utils/osal.o (memcpy)
c:/stm32toolchain/gcc-arm/bin/../lib/gcc/arm-none-eabi/5.4.1/../../../../arm-none-eabi/lib/armv7e-m\libg_nano.a(lib_a-memset.o)
                              ./system/src/newlib/_syscalls.o (memset)
c:/stm32toolchain/gcc-arm/bin/../lib/gcc/arm-none-eabi/5.4.1/../../../../arm-none-eabi/lib/armv7e-m\libg_nano.a(lib_a-nano-mallocr.o)
                              c:/stm32toolchain/gcc-arm/bin/../lib/gcc/arm-none-eabi/5.4.1/../../../../arm-none-eabi/lib/armv7e-m\libg_nano.a(lib_a-findfp.o) (_malloc_r)
c:/stm32toolchain/gcc-arm/bin/../lib/gcc/arm-none-eabi/5.4.1/../../../../arm-none-eabi/lib/armv7e-m\libg_nano.a(lib_a-printf.o)
                              ./src/main.o (printf)
c:/stm32toolchain/gcc-arm/bin/../lib/gcc/arm-none-eabi/5.4.1/../../../../arm-none-eabi/lib/armv7e-m\libg_nano.a(lib_a-puts.o)
                              ./src/main.o (puts)
c:/stm32toolchain/gcc-arm/bin/../lib/gcc/arm-none-eabi/5.4.1/../../../../arm-none-eabi/lib/armv7e-m\libg_nano.a(lib_a-rand.o)
                              ./src/sensor_service.o (rand)
c:/stm32toolchain/gcc-arm/bin/../lib/gcc/arm-none-eabi/5.4.1/../../../../arm-none-eabi/lib/armv7e-m\libg_nano.a(lib_a-sbrkr.o)
                              c:/stm32toolchain/gcc-arm/bin/../lib/gcc/arm-none-eabi/5.4.1/../../../../arm-none-eabi/lib/armv7e-m\libg_nano.a(lib_a-nano-mallocr.o) (_sbrk_r)
c:/stm32toolchain/gcc-arm/bin/../lib/gcc/arm-none-eabi/5.4.1/../../../../arm-none-eabi/lib/armv7e-m\libg_nano.a(lib_a-stdio.o)
                              c:/stm32toolchain/gcc-arm/bin/../lib/gcc/arm-none-eabi/5.4.1/../../../../arm-none-eabi/lib/armv7e-m\libg_nano.a(lib_a-findfp.o) (__sread)
c:/stm32toolchain/gcc-arm/bin/../lib/gcc/arm-none-eabi/5.4.1/../../../../arm-none-eabi/lib/armv7e-m\libg_nano.a(lib_a-strcmp.o)
                              ./system/src/cortexm/exception_handlers.o (strcmp)
c:/stm32toolchain/gcc-arm/bin/../lib/gcc/arm-none-eabi/5.4.1/../../../../arm-none-eabi/lib/armv7e-m\libg_nano.a(lib_a-strlen.o)
                              ./system/src/newlib/_syscalls.o (strlen)
[...]
Memory Configuration

Name             Origin             Length             Attributes
RAM              0x20000000         0x00010000         xrw
CCMRAM           0x10000000         0x00000000         xrw
FLASH            0x08000000         0x00080000         xr
FLASHB1          0x00000000         0x00000000         xr
EXTMEMB0         0x00000000         0x00000000         xr
EXTMEMB1         0x00000000         0x00000000         xr
EXTMEMB2         0x00000000         0x00000000         xr
EXTMEMB3         0x00000000         0x00000000         xr
*default*        0x00000000         0xffffffff

Linker script and memory map

LOAD ./system/src/stm32f4-hal/stm32f4xx_hal.o
LOAD ./system/src/stm32f4-hal/stm32f4xx_hal_adc.o
LOAD ./system/src/stm32f4-hal/stm32f4xx_hal_adc_ex.o
LOAD ./system/src/stm32f4-hal/stm32f4xx_hal_cortex.o
LOAD ./system/src/stm32f4-hal/stm32f4xx_hal_dfsdm.o
LOAD ./system/src/stm32f4-hal/stm32f4xx_hal_flash.o
LOAD ./system/src/stm32f4-hal/stm32f4xx_hal_gpio.o
LOAD ./system/src/stm32f4-hal/stm32f4xx_hal_iwdg.o
LOAD ./system/src/stm32f4-hal/stm32f4xx_hal_pwr.o
LOAD ./system/src/stm32f4-hal/stm32f4xx_hal_rcc.o
LOAD ./system/src/stm32f4-hal/stm32f4xx_hal_rtc.o
LOAD ./system/src/stm32f4-hal/stm32f4xx_hal_spi.o
LOAD ./system/src/newlib/_cxx.o
LOAD ./system/src/newlib/_exit.o
LOAD ./system/src/newlib/_sbrk.o
LOAD ./system/src/newlib/_startup.o
LOAD ./system/src/newlib/_syscalls.o
LOAD ./system/src/newlib/assert.o
LOAD ./system/src/diag/Trace.o
LOAD ./system/src/diag/trace_impl.o
LOAD ./system/src/cortexm/_initialize_hardware.o
LOAD ./system/src/cortexm/_reset_hardware.o
LOAD ./system/src/cortexm/exception_handlers.o
LOAD ./system/src/cmsis/startup_stm32f401xe.o
LOAD ./system/src/cmsis/vectors_stm32f401xe.o
LOAD ./src/_initialize_hardware.o
LOAD ./src/_write.o
LOAD ./src/bluenrg_interface.o
LOAD ./src/clock.o
LOAD ./src/cube_hal_f4.o
LOAD ./src/main.o
LOAD ./src/sensor_service.o
LOAD ./src/stm32f4xx_hal_msp.o
LOAD ./src/stm32xx_it.o
LOAD ./src/system_stm32f4xx.o
LOAD ./bluenrg-stack/Middlewares/ST/TimerServer/src/stm32xx_timerserver.o
LOAD ./bluenrg-stack/Middlewares/ST/STM32_BlueNRG/SimpleBlueNRG_HCI/utils/ble_list.o
LOAD ./bluenrg-stack/Middlewares/ST/STM32_BlueNRG/SimpleBlueNRG_HCI/utils/gp_timer.o
LOAD ./bluenrg-stack/Middlewares/ST/STM32_BlueNRG/SimpleBlueNRG_HCI/utils/osal.o
LOAD ./bluenrg-stack/Middlewares/ST/STM32_BlueNRG/SimpleBlueNRG_HCI/hci/controller/bluenrg_IFR.o
LOAD ./bluenrg-stack/Middlewares/ST/STM32_BlueNRG/SimpleBlueNRG_HCI/hci/controller/bluenrg_gap_aci.o
LOAD ./bluenrg-stack/Middlewares/ST/STM32_BlueNRG/SimpleBlueNRG_HCI/hci/controller/bluenrg_gatt_aci.o
LOAD ./bluenrg-stack/Middlewares/ST/STM32_BlueNRG/SimpleBlueNRG_HCI/hci/controller/bluenrg_hal_aci.o
LOAD ./bluenrg-stack/Middlewares/ST/STM32_BlueNRG/SimpleBlueNRG_HCI/hci/controller/bluenrg_l2cap_aci.o
LOAD ./bluenrg-stack/Middlewares/ST/STM32_BlueNRG/SimpleBlueNRG_HCI/hci/controller/bluenrg_updater_aci.o
LOAD ./bluenrg-stack/Middlewares/ST/STM32_BlueNRG/SimpleBlueNRG_HCI/hci/controller/bluenrg_utils.o
LOAD ./bluenrg-stack/Middlewares/ST/STM32_BlueNRG/SimpleBlueNRG_HCI/hci/hci.o
LOAD ./bluenrg-stack/Middlewares/ST/STM32_BlueNRG/STM32F4xx_HAL_BlueNRG_Drivers/src/stm32f4xx_hal_bluenrg_gpio.o
LOAD ./bluenrg-stack/Middlewares/ST/STM32_BlueNRG/STM32F4xx_HAL_BlueNRG_Drivers/src/stm32f4xx_hal_bluenrg_syscfg.o
LOAD ./bluenrg-stack/Middlewares/ST/STM32_BlueNRG/Interface/bluenrg_itf_template.o
LOAD ./bluenrg-stack/Middlewares/ST/LowPowerManager/Src/stm32xx_lpm.o
LOAD ./bluenrg-stack/BSP/X-NUCLEO-IDB04A1/stm32_bluenrg_ble.o
LOAD ./bluenrg-stack/BSP/STM32F4xx-Nucleo/stm32f4xx_nucleo.o
LOAD c:/stm32toolchain/gcc-arm/bin/../lib/gcc/arm-none-eabi/5.4.1/../../../../arm-none-eabi/lib/armv7e-m\libstdc++_nano.a
LOAD c:/stm32toolchain/gcc-arm/bin/../lib/gcc/arm-none-eabi/5.4.1/../../../../arm-none-eabi/lib/armv7e-m\libm.a
START GROUP
LOAD c:/stm32toolchain/gcc-arm/bin/../lib/gcc/arm-none-eabi/5.4.1/armv7e-m\libgcc.a
LOAD c:/stm32toolchain/gcc-arm/bin/../lib/gcc/arm-none-eabi/5.4.1/../../../../arm-none-eabi/lib/armv7e-m\libg_nano.a
LOAD c:/stm32toolchain/gcc-arm/bin/../lib/gcc/arm-none-eabi/5.4.1/../../../../arm-none-eabi/lib/armv7e-m\libc_nano.a
END GROUP
START GROUP
LOAD c:/stm32toolchain/gcc-arm/bin/../lib/gcc/arm-none-eabi/5.4.1/armv7e-m\libgcc.a
LOAD c:/stm32toolchain/gcc-arm/bin/../lib/gcc/arm-none-eabi/5.4.1/../../../../arm-none-eabi/lib/armv7e-m\libc_nano.a
END GROUP
                0x20010000                __stack = (ORIGIN (RAM) + LENGTH (RAM))
                0x20010000                _estack = __stack
                0x00000400                __Main_Stack_Size = 0x400
                [!provide]                PROVIDE (_Main_Stack_Size, __Main_Stack_Size)
                0x2000fc00                __Main_Stack_Limit = (__stack - __Main_Stack_Size)
                [!provide]                PROVIDE (_Main_Stack_Limit, __Main_Stack_Limit)
                0x00000100                _Minimum_Stack_Size = 0x100
                0x20000758                PROVIDE (_Heap_Begin, _end_noinit)
                0x2000fc00                PROVIDE (_Heap_Limit, (__stack - __Main_Stack_Size))

.isr_vector     0x08000000      0x588
 FILL mask 0xff
                0x08000000                __vectors_start = ABSOLUTE (.)
                0x08000000                __vectors_start__ = ABSOLUTE (.)
 *(.isr_vector)
 .isr_vector    0x08000000      0x194 ./system/src/cmsis/startup_stm32f401xe.o
                0x08000000                g_pfnVectors
 .isr_vector    0x08000194      0x194 ./system/src/cmsis/vectors_stm32f401xe.o
                0x08000194                __isr_vectors
 *(.cfmconfig)
 *(.after_vectors .after_vectors.*)
 .after_vectors
                0x08000328      0x130 ./system/src/newlib/_startup.o
                0x08000328                _start
 .after_vectors
                0x08000458      0x130 ./system/src/cortexm/exception_handlers.o
                0x08000458                Reset_Handler
                0x08000478                HardFault_Handler_C
                0x080004d8                MemManage_Handler
                0x080004dc                BusFault_Handler
                0x080004f0                BusFault_Handler_C
                0x08000524                UsageFault_Handler
                0x08000538                UsageFault_Handler_C

.inits          0x08000588       0x28
                0x08000588                __data_regions_array_start = .
                0x08000588        0x4 LONG 0x8006830 LOADADDR (.data)
                0x0800058c        0x4 LONG 0x20000000 ADDR (.data)
                0x08000590        0x4 LONG 0x200001ec (ADDR (.data) + SIZEOF (.data))
                0x08000594        0x4 LONG 0x8006830 LOADADDR (.data_CCMRAM)
                0x08000598        0x4 LONG 0x10000000 ADDR (.data_CCMRAM)
                0x0800059c        0x4 LONG 0x10000000 (ADDR (.data_CCMRAM) + SIZEOF (.data_CCMRAM))
                0x080005a0                __data_regions_array_end = .
                0x080005a0                __bss_regions_array_start = .
                0x080005a0        0x4 LONG 0x200001ec ADDR (.bss)
                0x080005a4        0x4 LONG 0x20000758 (ADDR (.bss) + SIZEOF (.bss))
                0x080005a8        0x4 LONG 0x10000000 ADDR (.bss_CCMRAM)
                0x080005ac        0x4 LONG 0x10000000 (ADDR (.bss_CCMRAM) + SIZEOF (.bss_CCMRAM))
                0x080005b0                __bss_regions_array_end = .
 *(.init)
 *(.fini)
                0x080005b0                . = ALIGN (0x4)
                0x080005b0                PROVIDE (__preinit_array_start, .)
 *(.preinit_array_sysinit .preinit_array_sysinit.*)
 *(.preinit_array_platform .preinit_array_platform.*)
 *(.preinit_array .preinit_array.*)
                0x080005b0                PROVIDE (__preinit_array_end, .)
                0x080005b0                . = ALIGN (0x4)
                0x080005b0                PROVIDE (__init_array_start, .)
 *(SORT(.init_array.*))
 *(.init_array)
                0x080005b0                PROVIDE (__init_array_end, .)
                0x080005b0                . = ALIGN (0x4)
                0x080005b0                PROVIDE (__fini_array_start, .)
 *(SORT(.fini_array.*))
 *(.fini_array)
                0x080005b0                PROVIDE (__fini_array_end, .)

.flashtext
 *(.flashtext .flashtext.*)

.text           0x080005b0     0x6276
 *(.text .text.*)
 .text.HAL_MspInit
                0x080005b0        0x4 ./system/src/stm32f4-hal/stm32f4xx_hal.o
                0x080005b0                HAL_MspInit
 .text.HAL_InitTick
                0x080005b4       0x2c ./system/src/stm32f4-hal/stm32f4xx_hal.o
                0x080005b4                HAL_InitTick
 .text.HAL_Init
                0x080005e0       0x34 ./system/src/stm32f4-hal/stm32f4xx_hal.o
                0x080005e0                HAL_Init
 .text.HAL_IncTick
                0x08000614       0x10 ./system/src/stm32f4-hal/stm32f4xx_hal.o
                0x08000614                HAL_IncTick
 .text.HAL_GetTick
                0x08000624        0xc ./system/src/stm32f4-hal/stm32f4xx_hal.o
                0x08000624                HAL_GetTick
 .text.HAL_Delay
                0x08000630       0x1c ./system/src/stm32f4-hal/stm32f4xx_hal.o
                0x08000630                HAL_Delay
 .text.ADC_Init
                0x0800064c      0x154 ./system/src/stm32f4-hal/stm32f4xx_hal_adc.o
 .text.HAL_ADC_Init
                0x080007a0      0x1c4 ./system/src/stm32f4-hal/stm32f4xx_hal_adc.o
                0x080007a0                HAL_ADC_Init
 .text.HAL_ADC_ConfigChannel
                0x08000964      0x1c0 ./system/src/stm32f4-hal/stm32f4xx_hal_adc.o
                0x08000964                HAL_ADC_ConfigChannel
 .text.HAL_NVIC_SetPriorityGrouping
                0x08000b24       0x3c ./system/src/stm32f4-hal/stm32f4xx_hal_cortex.o
                0x08000b24                HAL_NVIC_SetPriorityGrouping
 .text.HAL_NVIC_SetPriority
                0x08000b60       0x84 ./system/src/stm32f4-hal/stm32f4xx_hal_cortex.o
                0x08000b60                HAL_NVIC_SetPriority
 .text.HAL_NVIC_EnableIRQ
                0x08000be4       0x2c ./system/src/stm32f4-hal/stm32f4xx_hal_cortex.o
                0x08000be4                HAL_NVIC_EnableIRQ
 .text.HAL_NVIC_DisableIRQ
                0x08000c10       0x2c ./system/src/stm32f4-hal/stm32f4xx_hal_cortex.o
                0x08000c10                HAL_NVIC_DisableIRQ
 .text.HAL_SYSTICK_Config
                0x08000c3c       0x2c ./system/src/stm32f4-hal/stm32f4xx_hal_cortex.o
                0x08000c3c                HAL_SYSTICK_Config
 .text.HAL_GPIO_Init
                0x08000c68      0x2c4 ./system/src/stm32f4-hal/stm32f4xx_hal_gpio.o
                0x08000c68                HAL_GPIO_Init
 .text.HAL_GPIO_ReadPin
                0x08000f2c       0x24 ./system/src/stm32f4-hal/stm32f4xx_hal_gpio.o
                0x08000f2c                HAL_GPIO_ReadPin
 .text.HAL_GPIO_WritePin
                0x08000f50       0x34 ./system/src/stm32f4-hal/stm32f4xx_hal_gpio.o
                0x08000f50                HAL_GPIO_WritePin
 .text.HAL_GPIO_TogglePin
                0x08000f84       0x20 ./system/src/stm32f4-hal/stm32f4xx_hal_gpio.o
                0x08000f84                HAL_GPIO_TogglePin
 .text.HAL_GPIO_EXTI_IRQHandler
                0x08000fa4       0x18 ./system/src/stm32f4-hal/stm32f4xx_hal_gpio.o
                0x08000fa4                HAL_GPIO_EXTI_IRQHandler
 .text.HAL_RCC_OscConfig
                0x08000fbc      0x448 ./system/src/stm32f4-hal/stm32f4xx_hal_rcc.o
                0x08000fbc                HAL_RCC_OscConfig
 .text.HAL_RCC_GetSysClockFreq
                0x08001404       0xa0 ./system/src/stm32f4-hal/stm32f4xx_hal_rcc.o
                0x08001404                HAL_RCC_GetSysClockFreq
 .text.HAL_RCC_ClockConfig
                0x080014a4      0x264 ./system/src/stm32f4-hal/stm32f4xx_hal_rcc.o
                0x080014a4                HAL_RCC_ClockConfig
 .text.SPI_WaitFlagStateUntilTimeout
                0x08001708       0x94 ./system/src/stm32f4-hal/stm32f4xx_hal_spi.o
 .text.SPI_CheckFlag_BSY
                0x0800179c       0x28 ./system/src/stm32f4-hal/stm32f4xx_hal_spi.o
 .text.HAL_SPI_Init
                0x080017c4      0x1c4 ./system/src/stm32f4-hal/stm32f4xx_hal_spi.o
                0x080017c4                HAL_SPI_Init
 .text.HAL_SPI_TransmitReceive
                0x08001988      0x31c ./system/src/stm32f4-hal/stm32f4xx_hal_spi.o
                0x08001988                HAL_SPI_TransmitReceive
 .text.abort    0x08001ca4       0x14 ./system/src/newlib/_exit.o
                0x08001ca4                abort
 .text._sbrk    0x08001cb8       0x44 ./system/src/newlib/_sbrk.o
                0x08001cb8                _sbrk
 .text.get_errno
                0x08001cfc       0x14 ./system/src/newlib/_syscalls.o
 .text.error    0x08001d10       0x14 ./system/src/newlib/_syscalls.o
 .text.checkerror
                0x08001d24       0x10 ./system/src/newlib/_syscalls.o
 .text.findslot
                0x08001d34       0x3c ./system/src/newlib/_syscalls.o
 .text._exit    0x08001d70       0x20 ./system/src/newlib/_syscalls.o
                0x08001d70                _exit
 .text.initialise_monitor_handles
                0x08001d90       0xa8 ./system/src/newlib/_syscalls.o
                0x08001d90                initialise_monitor_handles
 .text.__initialize_args
                0x08001e38       0xec ./system/src/newlib/_syscalls.o
                0x08001e38                __initialize_args
 .text._swiread
                0x08001f24       0x20 ./system/src/newlib/_syscalls.o
                0x08001f24                _swiread
 .text._read    0x08001f44       0x38 ./system/src/newlib/_syscalls.o
                0x08001f44                _read
 .text._swilseek
                0x08001f7c       0xbc ./system/src/newlib/_syscalls.o
                0x08001f7c                _swilseek
 .text._lseek   0x08002038        0x8 ./system/src/newlib/_syscalls.o
                0x08002038                _lseek
 .text._swiwrite
                0x08002040       0x20 ./system/src/newlib/_syscalls.o
                0x08002040                _swiwrite
 .text._write   0x08002060       0x44 ./system/src/newlib/_syscalls.o
                0x08002060                _write
 .text._swiclose
                0x080020a4       0x20 ./system/src/newlib/_syscalls.o
                0x080020a4                _swiclose
 .text._close   0x080020c4       0x4c ./system/src/newlib/_syscalls.o
                0x080020c4                _close
 .text._swistat
                0x08002110       0x4c ./system/src/newlib/_syscalls.o
                0x08002110                _swistat
 .text._fstat   0x0800215c       0x1c ./system/src/newlib/_syscalls.o
                0x0800215c                _fstat
 .text._isatty  0x08002178       0x38 ./system/src/newlib/_syscalls.o
                0x08002178                _isatty
 .text.assert_failed
                0x080021b0       0x14 ./system/src/newlib/assert.o
                0x080021b0                assert_failed
 .text.trace_printf
                0x080021c4       0x30 ./system/src/diag/Trace.o
                0x080021c4                trace_printf
 .text.trace_puts
                0x080021f4       0x20 ./system/src/diag/Trace.o
                0x080021f4                trace_puts
 .text._trace_write_semihosting_stdout
                0x08002214       0x70 ./system/src/diag/trace_impl.o
 .text.trace_write
                0x08002284        0x8 ./system/src/diag/trace_impl.o
                0x08002284                trace_write
 .text.__initialize_hardware_early
                0x0800228c       0x18 ./system/src/cortexm/_initialize_hardware.o
                0x0800228c                __initialize_hardware_early
 .text.dumpExceptionStack
                0x080022a4       0xf0 ./system/src/cortexm/exception_handlers.o
                0x080022a4                dumpExceptionStack
 .text.isSemihosting
                0x08002394      0x100 ./system/src/cortexm/exception_handlers.o
                0x08002394                isSemihosting
 .text.Default_Handler
                0x08002494        0x2 ./system/src/cmsis/startup_stm32f401xe.o
                0x08002494                RTC_Alarm_IRQHandler
                0x08002494                EXTI2_IRQHandler
                0x08002494                SPI4_IRQHandler
                0x08002494                TIM1_CC_IRQHandler
                0x08002494                DMA2_Stream5_IRQHandler
                0x08002494                DMA1_Stream5_IRQHandler
                0x08002494                PVD_IRQHandler
                0x08002494                SDIO_IRQHandler
                0x08002494                TAMP_STAMP_IRQHandler
                0x08002494                EXTI3_IRQHandler
                0x08002494                TIM1_UP_TIM10_IRQHandler
                0x08002494                I2C3_ER_IRQHandler
                0x08002494                I2C2_EV_IRQHandler
                0x08002494                DMA1_Stream2_IRQHandler
                0x08002494                FPU_IRQHandler
                0x08002494                DMA2_Stream2_IRQHandler
                0x08002494                SPI1_IRQHandler
                0x08002494                TIM1_BRK_TIM9_IRQHandler
                0x08002494                DMA2_Stream3_IRQHandler
                0x08002494                USART6_IRQHandler
                0x08002494                DMA2_Stream0_IRQHandler
                0x08002494                TIM4_IRQHandler
                0x08002494                I2C1_EV_IRQHandler
                0x08002494                DMA1_Stream6_IRQHandler
                0x08002494                DMA1_Stream1_IRQHandler
                0x08002494                TIM3_IRQHandler
                0x08002494                RCC_IRQHandler
                0x08002494                Default_Handler
                0x08002494                ADC_IRQHandler
                0x08002494                DMA1_Stream7_IRQHandler
                0x08002494                TIM5_IRQHandler
                0x08002494                DMA2_Stream7_IRQHandler
                0x08002494                I2C3_EV_IRQHandler
                0x08002494                EXTI9_5_IRQHandler
                0x08002494                RTC_WKUP_IRQHandler
                0x08002494                SPI2_IRQHandler
                0x08002494                DMA1_Stream0_IRQHandler
                0x08002494                EXTI4_IRQHandler
                0x08002494                WWDG_IRQHandler
                0x08002494                TIM2_IRQHandler
                0x08002494                OTG_FS_WKUP_IRQHandler
                0x08002494                TIM1_TRG_COM_TIM11_IRQHandler
                0x08002494                EXTI1_IRQHandler
                0x08002494                USART2_IRQHandler
                0x08002494                I2C2_ER_IRQHandler
                0x08002494                DMA2_Stream1_IRQHandler
                0x08002494                FLASH_IRQHandler
                0x08002494                DMA2_Stream4_IRQHandler
                0x08002494                USART1_IRQHandler
                0x08002494                OTG_FS_IRQHandler
                0x08002494                SPI3_IRQHandler
                0x08002494                DMA1_Stream4_IRQHandler
                0x08002494                I2C1_ER_IRQHandler
                0x08002494                DMA2_Stream6_IRQHandler
                0x08002494                DMA1_Stream3_IRQHandler
 *fill*         0x08002496        0x2 
 .text.__initialize_hardware
                0x08002498       0x10 ./src/_initialize_hardware.o
                0x08002498                __initialize_hardware
 .text.HAL_GPIO_EXTI_Callback
                0x080024a8        0x8 ./src/bluenrg_interface.o
                0x080024a8                HAL_GPIO_EXTI_Callback
 .text.Clock_Time
                0x080024b0        0x8 ./src/clock.o
                0x080024b0                Clock_Time
 .text.SystemClock_Config
                0x080024b8       0x40 ./src/cube_hal_f4.o
                0x080024b8                SystemClock_Config
 .text.MX_GPIO_Init
                0x080024f8       0xa0 ./src/main.o
 .text.User_Process
                0x08002598       0x54 ./src/main.o
                0x08002598                User_Process
 .text.Error_Handler
                0x080025ec        0x4 ./src/main.o
                0x080025ec                Error_Handler
 .text.MX_ADC1_Init
                0x080025f0       0x64 ./src/main.o
 .text.main     0x08002654      0x1cc ./src/main.o
                0x08002654                main
 .text.Add_photoresistor_Service
                0x08002820      0x128 ./src/sensor_service.o
                0x08002820                Add_photoresistor_Service
 .text.Add_Acc_Service
                0x08002948      0x1b0 ./src/sensor_service.o
                0x08002948                Add_Acc_Service
 .text.Acc_Update
                0x08002af8       0x64 ./src/sensor_service.o
                0x08002af8                Acc_Update
 .text.Add_Environmental_Sensor_Service
                0x08002b5c      0x34c ./src/sensor_service.o
                0x08002b5c                Add_Environmental_Sensor_Service
 .text.Temp_Update
                0x08002ea8       0x3c ./src/sensor_service.o
                0x08002ea8                Temp_Update
 .text.Press_Update
                0x08002ee4       0x3c ./src/sensor_service.o
                0x08002ee4                Press_Update
 .text.Humidity_Update
                0x08002f20       0x3c ./src/sensor_service.o
                0x08002f20                Humidity_Update
 .text.setConnectable_with_white_list
                0x08002f5c       0x58 ./src/sensor_service.o
                0x08002f5c                setConnectable_with_white_list
 .text.GAP_ConnectionComplete_CB
                0x08002fb4       0x44 ./src/sensor_service.o
                0x08002fb4                GAP_ConnectionComplete_CB
 .text.GAP_DisconnectionComplete_CB
                0x08002ff8       0x2c ./src/sensor_service.o
                0x08002ff8                GAP_DisconnectionComplete_CB
 .text.Read_Request_CB
                0x08003024      0x128 ./src/sensor_service.o
                0x08003024                Read_Request_CB
 .text.Add_LED_Service
                0x0800314c      0x124 ./src/sensor_service.o
                0x0800314c                Add_LED_Service
 .text.Attribute_Modified_CB
                0x08003270       0x34 ./src/sensor_service.o
                0x08003270                Attribute_Modified_CB
 .text.HCI_Event_CB
                0x080032a4       0x94 ./src/sensor_service.o
                0x080032a4                HCI_Event_CB
 .text.HAL_SPI_MspInit
                0x08003338      0x174 ./src/stm32f4xx_hal_msp.o
                0x08003338                HAL_SPI_MspInit
 .text.HAL_ADC_MspInit
                0x080034ac       0x48 ./src/stm32f4xx_hal_msp.o
                0x080034ac                HAL_ADC_MspInit
 .text.NMI_Handler
                0x080034f4        0x4 ./src/stm32xx_it.o
                0x080034f4                NMI_Handler
 .text.HardFault_Handler
                0x080034f8        0x4 ./src/stm32xx_it.o
                0x080034f8                HardFault_Handler
 .text.SVC_Handler
                0x080034fc        0x4 ./src/stm32xx_it.o
                0x080034fc                SVC_Handler
 .text.DebugMon_Handler
                0x08003500        0x4 ./src/stm32xx_it.o
                0x08003500                DebugMon_Handler
 .text.PendSV_Handler
                0x08003504        0x4 ./src/stm32xx_it.o
                0x08003504                PendSV_Handler
 .text.SysTick_Handler
                0x08003508       0x14 ./src/stm32xx_it.o
                0x08003508                SysTick_Handler
 .text.EXTI0_IRQHandler
                0x0800351c        0xc ./src/stm32xx_it.o
                0x0800351c                EXTI0_IRQHandler
 .text.EXTI15_10_IRQHandler
                0x08003528       0x18 ./src/stm32xx_it.o
                0x08003528                EXTI15_10_IRQHandler
 .text.SystemInit
                0x08003540       0x40 ./src/system_stm32f4xx.o
                0x08003540                SystemInit
 .text.SystemCoreClockUpdate
                0x08003580       0xa0 ./src/system_stm32f4xx.o
                0x08003580                SystemCoreClockUpdate
 .text.list_init_head
                0x08003620        0x8 ./bluenrg-stack/Middlewares/ST/STM32_BlueNRG/SimpleBlueNRG_HCI/utils/ble_list.o
                0x08003620                list_init_head
 .text.list_is_empty
                0x08003628       0x18 ./bluenrg-stack/Middlewares/ST/STM32_BlueNRG/SimpleBlueNRG_HCI/utils/ble_list.o
                0x08003628                list_is_empty
 .text.list_insert_head
                0x08003640       0x18 ./bluenrg-stack/Middlewares/ST/STM32_BlueNRG/SimpleBlueNRG_HCI/utils/ble_list.o
                0x08003640                list_insert_head
 .text.list_insert_tail
                0x08003658       0x18 ./bluenrg-stack/Middlewares/ST/STM32_BlueNRG/SimpleBlueNRG_HCI/utils/ble_list.o
                0x08003658                list_insert_tail
 .text.list_remove_node
                0x08003670       0x18 ./bluenrg-stack/Middlewares/ST/STM32_BlueNRG/SimpleBlueNRG_HCI/utils/ble_list.o
                0x08003670                list_remove_node
 .text.list_remove_head
                0x08003688       0x24 ./bluenrg-stack/Middlewares/ST/STM32_BlueNRG/SimpleBlueNRG_HCI/utils/ble_list.o
                0x08003688                list_remove_head
 .text.list_remove_tail
                0x080036ac       0x24 ./bluenrg-stack/Middlewares/ST/STM32_BlueNRG/SimpleBlueNRG_HCI/utils/ble_list.o
                0x080036ac                list_remove_tail
 .text.list_get_size
                0x080036d0       0x1c ./bluenrg-stack/Middlewares/ST/STM32_BlueNRG/SimpleBlueNRG_HCI/utils/ble_list.o
                0x080036d0                list_get_size
 .text.Timer_Set
                0x080036ec       0x10 ./bluenrg-stack/Middlewares/ST/STM32_BlueNRG/SimpleBlueNRG_HCI/utils/gp_timer.o
                0x080036ec                Timer_Set
 .text.Timer_Expired
                0x080036fc       0x1c ./bluenrg-stack/Middlewares/ST/STM32_BlueNRG/SimpleBlueNRG_HCI/utils/gp_timer.o
                0x080036fc                Timer_Expired
 .text.Osal_MemCpy
                0x08003718        0x8 ./bluenrg-stack/Middlewares/ST/STM32_BlueNRG/SimpleBlueNRG_HCI/utils/osal.o
                0x08003718                Osal_MemCpy
 .text.Osal_MemSet
                0x08003720        0x8 ./bluenrg-stack/Middlewares/ST/STM32_BlueNRG/SimpleBlueNRG_HCI/utils/osal.o
                0x08003720                Osal_MemSet
 .text.aci_gap_init_IDB05A1
                0x08003728       0x74 ./bluenrg-stack/Middlewares/ST/STM32_BlueNRG/SimpleBlueNRG_HCI/hci/controller/bluenrg_gap_aci.o
                0x08003728                aci_gap_init_IDB05A1
 .text.aci_gap_init_IDB04A1
                0x0800379c       0x6c ./bluenrg-stack/Middlewares/ST/STM32_BlueNRG/SimpleBlueNRG_HCI/hci/controller/bluenrg_gap_aci.o
                0x0800379c                aci_gap_init_IDB04A1
 .text.aci_gap_set_non_discoverable
                0x08003808       0x40 ./bluenrg-stack/Middlewares/ST/STM32_BlueNRG/SimpleBlueNRG_HCI/hci/controller/bluenrg_gap_aci.o
                0x08003808                aci_gap_set_non_discoverable
 .text.aci_gap_set_discoverable
                0x08003848       0xd8 ./bluenrg-stack/Middlewares/ST/STM32_BlueNRG/SimpleBlueNRG_HCI/hci/controller/bluenrg_gap_aci.o
                0x08003848                aci_gap_set_discoverable
 .text.aci_gap_set_auth_requirement
                0x08003920       0x80 ./bluenrg-stack/Middlewares/ST/STM32_BlueNRG/SimpleBlueNRG_HCI/hci/controller/bluenrg_gap_aci.o
                0x08003920                aci_gap_set_auth_requirement
 .text.aci_gatt_init
                0x080039a0       0x40 ./bluenrg-stack/Middlewares/ST/STM32_BlueNRG/SimpleBlueNRG_HCI/hci/controller/bluenrg_gatt_aci.o
                0x080039a0                aci_gatt_init
 .text.aci_gatt_add_serv
                0x080039e0       0x88 ./bluenrg-stack/Middlewares/ST/STM32_BlueNRG/SimpleBlueNRG_HCI/hci/controller/bluenrg_gatt_aci.o
                0x080039e0                aci_gatt_add_serv
 .text.aci_gatt_add_char
                0x08003a68       0xd8 ./bluenrg-stack/Middlewares/ST/STM32_BlueNRG/SimpleBlueNRG_HCI/hci/controller/bluenrg_gatt_aci.o
                0x08003a68                aci_gatt_add_char
 .text.aci_gatt_add_char_desc
                0x08003b40      0x11c ./bluenrg-stack/Middlewares/ST/STM32_BlueNRG/SimpleBlueNRG_HCI/hci/controller/bluenrg_gatt_aci.o
                0x08003b40                aci_gatt_add_char_desc
 .text.aci_gatt_update_char_value
                0x08003c5c       0x8c ./bluenrg-stack/Middlewares/ST/STM32_BlueNRG/SimpleBlueNRG_HCI/hci/controller/bluenrg_gatt_aci.o
                0x08003c5c                aci_gatt_update_char_value
 .text.aci_gatt_allow_read
                0x08003ce8       0x4c ./bluenrg-stack/Middlewares/ST/STM32_BlueNRG/SimpleBlueNRG_HCI/hci/controller/bluenrg_gatt_aci.o
                0x08003ce8                aci_gatt_allow_read
 .text.aci_hal_write_config_data
                0x08003d34       0x68 ./bluenrg-stack/Middlewares/ST/STM32_BlueNRG/SimpleBlueNRG_HCI/hci/controller/bluenrg_hal_aci.o
                0x08003d34                aci_hal_write_config_data
 .text.aci_hal_set_tx_power_level
                0x08003d9c       0x50 ./bluenrg-stack/Middlewares/ST/STM32_BlueNRG/SimpleBlueNRG_HCI/hci/controller/bluenrg_hal_aci.o
                0x08003d9c                aci_hal_set_tx_power_level
 .text.getBlueNRGVersion
                0x08003dec       0x4c ./bluenrg-stack/Middlewares/ST/STM32_BlueNRG/SimpleBlueNRG_HCI/hci/controller/bluenrg_utils.o
                0x08003dec                getBlueNRGVersion
 .text.move_list
                0x08003e38       0x28 ./bluenrg-stack/Middlewares/ST/STM32_BlueNRG/SimpleBlueNRG_HCI/hci/hci.o
 .text.HCI_Init
                0x08003e60       0x38 ./bluenrg-stack/Middlewares/ST/STM32_BlueNRG/SimpleBlueNRG_HCI/hci/hci.o
                0x08003e60                HCI_Init
 .text.HCI_verify
                0x08003e98       0x20 ./bluenrg-stack/Middlewares/ST/STM32_BlueNRG/SimpleBlueNRG_HCI/hci/hci.o
                0x08003e98                HCI_verify
 .text.HCI_Queue_Empty
                0x08003eb8       0x10 ./bluenrg-stack/Middlewares/ST/STM32_BlueNRG/SimpleBlueNRG_HCI/hci/hci.o
                0x08003eb8                HCI_Queue_Empty
 .text.HCI_Isr  0x08003ec8       0x7c ./bluenrg-stack/Middlewares/ST/STM32_BlueNRG/SimpleBlueNRG_HCI/hci/hci.o
                0x08003ec8                HCI_Isr
 .text.HCI_Process
                0x08003f44       0x54 ./bluenrg-stack/Middlewares/ST/STM32_BlueNRG/SimpleBlueNRG_HCI/hci/hci.o
                0x08003f44                HCI_Process
 .text.free_event_list
                0x08003f98       0x3c ./bluenrg-stack/Middlewares/ST/STM32_BlueNRG/SimpleBlueNRG_HCI/hci/hci.o
 .text.hci_write
                0x08003fd4        0x8 ./bluenrg-stack/Middlewares/ST/STM32_BlueNRG/SimpleBlueNRG_HCI/hci/hci.o
                0x08003fd4                hci_write
 .text.hci_send_cmd
                0x08003fdc       0x3c ./bluenrg-stack/Middlewares/ST/STM32_BlueNRG/SimpleBlueNRG_HCI/hci/hci.o
                0x08003fdc                hci_send_cmd
 .text.hci_send_req
                0x08004018      0x17c ./bluenrg-stack/Middlewares/ST/STM32_BlueNRG/SimpleBlueNRG_HCI/hci/hci.o
                0x08004018                hci_send_req
 .text.hci_le_read_local_version
                0x08004194       0x7c ./bluenrg-stack/Middlewares/ST/STM32_BlueNRG/SimpleBlueNRG_HCI/hci/hci.o
                0x08004194                hci_le_read_local_version
 .text.hci_le_set_scan_resp_data
                0x08004210       0x6c ./bluenrg-stack/Middlewares/ST/STM32_BlueNRG/SimpleBlueNRG_HCI/hci/hci.o
                0x08004210                hci_le_set_scan_resp_data
 .text.hci_le_clear_white_list
                0x0800427c       0x40 ./bluenrg-stack/Middlewares/ST/STM32_BlueNRG/SimpleBlueNRG_HCI/hci/hci.o
                0x0800427c                hci_le_clear_white_list
 .text.hci_le_add_device_to_white_list
                0x080042bc       0x50 ./bluenrg-stack/Middlewares/ST/STM32_BlueNRG/SimpleBlueNRG_HCI/hci/hci.o
                0x080042bc                hci_le_add_device_to_white_list
 .text.BNRG_SPI_Init
                0x0800430c       0x3c ./bluenrg-stack/BSP/X-NUCLEO-IDB04A1/stm32_bluenrg_ble.o
                0x0800430c                BNRG_SPI_Init
 .text.BlueNRG_RST
                0x08004348       0x30 ./bluenrg-stack/BSP/X-NUCLEO-IDB04A1/stm32_bluenrg_ble.o
                0x08004348                BlueNRG_RST
 .text.BlueNRG_DataPresent
                0x08004378       0x18 ./bluenrg-stack/BSP/X-NUCLEO-IDB04A1/stm32_bluenrg_ble.o
                0x08004378                BlueNRG_DataPresent
 .text.BlueNRG_SPI_Read_All
                0x08004390       0xb8 ./bluenrg-stack/BSP/X-NUCLEO-IDB04A1/stm32_bluenrg_ble.o
                0x08004390                BlueNRG_SPI_Read_All
 .text.Enable_SPI_IRQ
                0x08004448        0xc ./bluenrg-stack/BSP/X-NUCLEO-IDB04A1/stm32_bluenrg_ble.o
                0x08004448                Enable_SPI_IRQ
 .text.Disable_SPI_IRQ
                0x08004454        0xc ./bluenrg-stack/BSP/X-NUCLEO-IDB04A1/stm32_bluenrg_ble.o
                0x08004454                Disable_SPI_IRQ
 .text.BlueNRG_SPI_Write
                0x08004460       0xc0 ./bluenrg-stack/BSP/X-NUCLEO-IDB04A1/stm32_bluenrg_ble.o
                0x08004460                BlueNRG_SPI_Write
 .text.Hal_Write_Serial
                0x08004520       0x4c ./bluenrg-stack/BSP/X-NUCLEO-IDB04A1/stm32_bluenrg_ble.o
                0x08004520                Hal_Write_Serial
 .text.Clear_SPI_EXTI_Flag
                0x0800456c        0xc ./bluenrg-stack/BSP/X-NUCLEO-IDB04A1/stm32_bluenrg_ble.o
                0x0800456c                Clear_SPI_EXTI_Flag
 .text.BSP_LED_Init
                0x08004578       0x50 ./bluenrg-stack/BSP/STM32F4xx-Nucleo/stm32f4xx_nucleo.o
                0x08004578                BSP_LED_Init
 .text.BSP_LED_Toggle
                0x080045c8       0x14 ./bluenrg-stack/BSP/STM32F4xx-Nucleo/stm32f4xx_nucleo.o
                0x080045c8                BSP_LED_Toggle
 .text.BSP_PB_Init
                0x080045dc       0x7c ./bluenrg-stack/BSP/STM32F4xx-Nucleo/stm32f4xx_nucleo.o
                0x080045dc                BSP_PB_Init
 .text.BSP_PB_GetState
                0x08004658       0x18 ./bluenrg-stack/BSP/STM32F4xx-Nucleo/stm32f4xx_nucleo.o
                0x08004658                BSP_PB_GetState
 .text          0x08004670       0x30 c:/stm32toolchain/gcc-arm/bin/../lib/gcc/arm-none-eabi/5.4.1/armv7e-m\libgcc.a(_aeabi_uldivmod.o)
                0x08004670                __aeabi_uldivmod
 .text          0x080046a0      0x2e4 c:/stm32toolchain/gcc-arm/bin/../lib/gcc/arm-none-eabi/5.4.1/armv7e-m\libgcc.a(_udivmoddi4.o)
                0x080046a0                __udivmoddi4
 .text          0x08004984        0x4 c:/stm32toolchain/gcc-arm/bin/../lib/gcc/arm-none-eabi/5.4.1/armv7e-m\libgcc.a(_dvmd_tls.o)
                0x08004984                __aeabi_idiv0
                0x08004984                __aeabi_ldiv0
 .text.__errno  0x08004988        0xc c:/stm32toolchain/gcc-arm/bin/../lib/gcc/arm-none-eabi/5.4.1/../../../../arm-none-eabi/lib/armv7e-m\libg_nano.a(lib_a-errno.o)
                0x08004988                __errno
 .text._cleanup_r
                0x08004994        0xc c:/stm32toolchain/gcc-arm/bin/../lib/gcc/arm-none-eabi/5.4.1/../../../../arm-none-eabi/lib/armv7e-m\libg_nano.a(lib_a-findfp.o)
                0x08004994                _cleanup_r
 .text.std.isra.0
                0x080049a0       0x48 c:/stm32toolchain/gcc-arm/bin/../lib/gcc/arm-none-eabi/5.4.1/../../../../arm-none-eabi/lib/armv7e-m\libg_nano.a(lib_a-findfp.o)
 .text.__sfmoreglue
                0x080049e8       0x2c c:/stm32toolchain/gcc-arm/bin/../lib/gcc/arm-none-eabi/5.4.1/../../../../arm-none-eabi/lib/armv7e-m\libg_nano.a(lib_a-findfp.o)
                0x080049e8                __sfmoreglue
 .text.__sinit  0x08004a14       0x60 c:/stm32toolchain/gcc-arm/bin/../lib/gcc/arm-none-eabi/5.4.1/../../../../arm-none-eabi/lib/armv7e-m\libg_nano.a(lib_a-findfp.o)
                0x08004a14                __sinit
 .text.__sfp    0x08004a74       0x78 c:/stm32toolchain/gcc-arm/bin/../lib/gcc/arm-none-eabi/5.4.1/../../../../arm-none-eabi/lib/armv7e-m\libg_nano.a(lib_a-findfp.o)
                0x08004a74                __sfp
 .text._fwalk_reent
                0x08004aec       0x3c c:/stm32toolchain/gcc-arm/bin/../lib/gcc/arm-none-eabi/5.4.1/../../../../arm-none-eabi/lib/armv7e-m\libg_nano.a(lib_a-fwalk.o)
                0x08004aec                _fwalk_reent
 .text.__get_current_locale
                0x08004b28       0x18 c:/stm32toolchain/gcc-arm/bin/../lib/gcc/arm-none-eabi/5.4.1/../../../../arm-none-eabi/lib/armv7e-m\libg_nano.a(lib_a-locale.o)
 .text.__locale_ctype_ptr
                0x08004b40       0x14 c:/stm32toolchain/gcc-arm/bin/../lib/gcc/arm-none-eabi/5.4.1/../../../../arm-none-eabi/lib/armv7e-m\libg_nano.a(lib_a-locale.o)
                0x08004b40                __locale_ctype_ptr
 .text.__ascii_mbtowc
                0x08004b54       0x24 c:/stm32toolchain/gcc-arm/bin/../lib/gcc/arm-none-eabi/5.4.1/../../../../arm-none-eabi/lib/armv7e-m\libg_nano.a(lib_a-mbtowc_r.o)
                0x08004b54                __ascii_mbtowc
 .text.memcpy   0x08004b78       0x16 c:/stm32toolchain/gcc-arm/bin/../lib/gcc/arm-none-eabi/5.4.1/../../../../arm-none-eabi/lib/armv7e-m\libg_nano.a(lib_a-memcpy-stub.o)
                0x08004b78                memcpy
 .text.memset   0x08004b8e       0x10 c:/stm32toolchain/gcc-arm/bin/../lib/gcc/arm-none-eabi/5.4.1/../../../../arm-none-eabi/lib/armv7e-m\libg_nano.a(lib_a-memset.o)
                0x08004b8e                memset
 *fill*         0x08004b9e        0x2 
 .text._malloc_r
                0x08004ba0       0xbc c:/stm32toolchain/gcc-arm/bin/../lib/gcc/arm-none-eabi/5.4.1/../../../../arm-none-eabi/lib/armv7e-m\libg_nano.a(lib_a-nano-mallocr.o)
                0x08004ba0                _malloc_r
 .text.printf   0x08004c5c       0x30 c:/stm32toolchain/gcc-arm/bin/../lib/gcc/arm-none-eabi/5.4.1/../../../../arm-none-eabi/lib/armv7e-m\libg_nano.a(lib_a-printf.o)
                0x08004c5c                iprintf
                0x08004c5c                printf
 .text._puts_r  0x08004c8c       0xb4 c:/stm32toolchain/gcc-arm/bin/../lib/gcc/arm-none-eabi/5.4.1/../../../../arm-none-eabi/lib/armv7e-m\libg_nano.a(lib_a-puts.o)
                0x08004c8c                _puts_r
 .text.puts     0x08004d40       0x10 c:/stm32toolchain/gcc-arm/bin/../lib/gcc/arm-none-eabi/5.4.1/../../../../arm-none-eabi/lib/armv7e-m\libg_nano.a(lib_a-puts.o)
                0x08004d40                puts
 .text.rand     0x08004d50       0x74 c:/stm32toolchain/gcc-arm/bin/../lib/gcc/arm-none-eabi/5.4.1/../../../../arm-none-eabi/lib/armv7e-m\libg_nano.a(lib_a-rand.o)
                0x08004d50                rand
 .text._sbrk_r  0x08004dc4       0x20 c:/stm32toolchain/gcc-arm/bin/../lib/gcc/arm-none-eabi/5.4.1/../../../../arm-none-eabi/lib/armv7e-m\libg_nano.a(lib_a-sbrkr.o)
                0x08004dc4                _sbrk_r
 .text.__sread  0x08004de4       0x22 c:/stm32toolchain/gcc-arm/bin/../lib/gcc/arm-none-eabi/5.4.1/../../../../arm-none-eabi/lib/armv7e-m\libg_nano.a(lib_a-stdio.o)
                0x08004de4                __sread
 .text.__swrite
                0x08004e06       0x38 c:/stm32toolchain/gcc-arm/bin/../lib/gcc/arm-none-eabi/5.4.1/../../../../arm-none-eabi/lib/armv7e-m\libg_nano.a(lib_a-stdio.o)
                0x08004e06                __swrite
 .text.__sseek  0x08004e3e       0x24 c:/stm32toolchain/gcc-arm/bin/../lib/gcc/arm-none-eabi/5.4.1/../../../../arm-none-eabi/lib/armv7e-m\libg_nano.a(lib_a-stdio.o)
                0x08004e3e                __sseek
 .text.__sclose
                0x08004e62        0x8 c:/stm32toolchain/gcc-arm/bin/../lib/gcc/arm-none-eabi/5.4.1/../../../../arm-none-eabi/lib/armv7e-m\libg_nano.a(lib_a-stdio.o)
                0x08004e62                __sclose
 .text          0x08004e6a       0x14 c:/stm32toolchain/gcc-arm/bin/../lib/gcc/arm-none-eabi/5.4.1/../../../../arm-none-eabi/lib/armv7e-m\libg_nano.a(lib_a-strcmp.o)
                0x08004e6a                strcmp
 .text          0x08004e7e       0x10 c:/stm32toolchain/gcc-arm/bin/../lib/gcc/arm-none-eabi/5.4.1/../../../../arm-none-eabi/lib/armv7e-m\libg_nano.a(lib_a-strlen.o)
                0x08004e7e                strlen
 .text._vsnprintf_r
                0x08004e8e       0x56 c:/stm32toolchain/gcc-arm/bin/../lib/gcc/arm-none-eabi/5.4.1/../../../../arm-none-eabi/lib/armv7e-m\libg_nano.a(lib_a-vsnprintf.o)
                0x08004e8e                _vsniprintf_r
                0x08004e8e                _vsnprintf_r
 .text.vsnprintf
                0x08004ee4       0x1c c:/stm32toolchain/gcc-arm/bin/../lib/gcc/arm-none-eabi/5.4.1/../../../../arm-none-eabi/lib/armv7e-m\libg_nano.a(lib_a-vsnprintf.o)
                0x08004ee4                vsniprintf
                0x08004ee4                vsnprintf
 .text.__swbuf_r
                0x08004f00       0xa8 c:/stm32toolchain/gcc-arm/bin/../lib/gcc/arm-none-eabi/5.4.1/../../../../arm-none-eabi/lib/armv7e-m\libg_nano.a(lib_a-wbuf.o)
                0x08004f00                __swbuf_r
 .text.__ascii_wctomb
                0x08004fa8       0x1a c:/stm32toolchain/gcc-arm/bin/../lib/gcc/arm-none-eabi/5.4.1/../../../../arm-none-eabi/lib/armv7e-m\libg_nano.a(lib_a-wctomb_r.o)
                0x08004fa8                __ascii_wctomb
 *fill*         0x08004fc2        0x2 
 .text._write_r
                0x08004fc4       0x24 c:/stm32toolchain/gcc-arm/bin/../lib/gcc/arm-none-eabi/5.4.1/../../../../arm-none-eabi/lib/armv7e-m\libg_nano.a(lib_a-writer.o)
                0x08004fc4                _write_r
 .text.__swsetup_r
                0x08004fe8       0xdc c:/stm32toolchain/gcc-arm/bin/../lib/gcc/arm-none-eabi/5.4.1/../../../../arm-none-eabi/lib/armv7e-m\libg_nano.a(lib_a-wsetup.o)
                0x08004fe8                __swsetup_r
 .text._close_r
                0x080050c4       0x20 c:/stm32toolchain/gcc-arm/bin/../lib/gcc/arm-none-eabi/5.4.1/../../../../arm-none-eabi/lib/armv7e-m\libg_nano.a(lib_a-closer.o)
                0x080050c4                _close_r
 .text.__sflush_r
                0x080050e4      0x110 c:/stm32toolchain/gcc-arm/bin/../lib/gcc/arm-none-eabi/5.4.1/../../../../arm-none-eabi/lib/armv7e-m\libg_nano.a(lib_a-fflush.o)
                0x080050e4                __sflush_r
 .text._fflush_r
                0x080051f4       0x54 c:/stm32toolchain/gcc-arm/bin/../lib/gcc/arm-none-eabi/5.4.1/../../../../arm-none-eabi/lib/armv7e-m\libg_nano.a(lib_a-fflush.o)
                0x080051f4                _fflush_r
 .text._lseek_r
                0x08005248       0x24 c:/stm32toolchain/gcc-arm/bin/../lib/gcc/arm-none-eabi/5.4.1/../../../../arm-none-eabi/lib/armv7e-m\libg_nano.a(lib_a-lseekr.o)
                0x08005248                _lseek_r
 .text.__swhatbuf_r
                0x0800526c       0x46 c:/stm32toolchain/gcc-arm/bin/../lib/gcc/arm-none-eabi/5.4.1/../../../../arm-none-eabi/lib/armv7e-m\libg_nano.a(lib_a-makebuf.o)
                0x0800526c                __swhatbuf_r
 *fill*         0x080052b2        0x2 
 .text.__smakebuf_r
                0x080052b4       0x78 c:/stm32toolchain/gcc-arm/bin/../lib/gcc/arm-none-eabi/5.4.1/../../../../arm-none-eabi/lib/armv7e-m\libg_nano.a(lib_a-makebuf.o)
                0x080052b4                __smakebuf_r
 .text.malloc   0x0800532c       0x10 c:/stm32toolchain/gcc-arm/bin/../lib/gcc/arm-none-eabi/5.4.1/../../../../arm-none-eabi/lib/armv7e-m\libg_nano.a(lib_a-malloc.o)
                0x0800532c                malloc
 .text.__malloc_lock
                0x0800533c        0x2 c:/stm32toolchain/gcc-arm/bin/../lib/gcc/arm-none-eabi/5.4.1/../../../../arm-none-eabi/lib/armv7e-m\libg_nano.a(lib_a-mlock.o)
                0x0800533c                __malloc_lock
 .text.__malloc_unlock
                0x0800533e        0x2 c:/stm32toolchain/gcc-arm/bin/../lib/gcc/arm-none-eabi/5.4.1/../../../../arm-none-eabi/lib/armv7e-m\libg_nano.a(lib_a-mlock.o)
                0x0800533e                __malloc_unlock
 .text._free_r  0x08005340       0x9c c:/stm32toolchain/gcc-arm/bin/../lib/gcc/arm-none-eabi/5.4.1/../../../../arm-none-eabi/lib/armv7e-m\libg_nano.a(lib_a-nano-freer.o)
                0x08005340                _free_r
 .text.__ssputs_r
                0x080053dc       0xb2 c:/stm32toolchain/gcc-arm/bin/../lib/gcc/arm-none-eabi/5.4.1/../../../../arm-none-eabi/lib/armv7e-m\libg_nano.a(lib_a-nano-svfprintf.o)
                0x080053dc                __ssputs_r
 *fill*         0x0800548e        0x2 
 .text._svfprintf_r
                0x08005490      0x1e8 c:/stm32toolchain/gcc-arm/bin/../lib/gcc/arm-none-eabi/5.4.1/../../../../arm-none-eabi/lib/armv7e-m\libg_nano.a(lib_a-nano-svfprintf.o)
                0x08005490                _svfiprintf_r
                0x08005490                _svfprintf_r
 .text.__sfputc_r
                0x08005678       0x2c c:/stm32toolchain/gcc-arm/bin/../lib/gcc/arm-none-eabi/5.4.1/../../../../arm-none-eabi/lib/armv7e-m\libg_nano.a(lib_a-nano-vfprintf.o)
 .text.__sfputs_r
                0x080056a4       0x24 c:/stm32toolchain/gcc-arm/bin/../lib/gcc/arm-none-eabi/5.4.1/../../../../arm-none-eabi/lib/armv7e-m\libg_nano.a(lib_a-nano-vfprintf.o)
                0x080056a4                __sfputs_r
 .text._vfprintf_r
                0x080056c8      0x238 c:/stm32toolchain/gcc-arm/bin/../lib/gcc/arm-none-eabi/5.4.1/../../../../arm-none-eabi/lib/armv7e-m\libg_nano.a(lib_a-nano-vfprintf.o)
                0x080056c8                _vfprintf_r
                0x080056c8                _vfiprintf_r
 .text._printf_common
                0x08005900       0xec c:/stm32toolchain/gcc-arm/bin/../lib/gcc/arm-none-eabi/5.4.1/../../../../arm-none-eabi/lib/armv7e-m\libg_nano.a(lib_a-nano-vfprintf_i.o)
                0x08005900                _printf_common
 .text._printf_i
                0x080059ec      0x24c c:/stm32toolchain/gcc-arm/bin/../lib/gcc/arm-none-eabi/5.4.1/../../../../arm-none-eabi/lib/armv7e-m\libg_nano.a(lib_a-nano-vfprintf_i.o)
                0x080059ec                _printf_i
 .text._read_r  0x08005c38       0x24 c:/stm32toolchain/gcc-arm/bin/../lib/gcc/arm-none-eabi/5.4.1/../../../../arm-none-eabi/lib/armv7e-m\libg_nano.a(lib_a-readr.o)
                0x08005c38                _read_r
 .text._fstat_r
                0x08005c5c       0x24 c:/stm32toolchain/gcc-arm/bin/../lib/gcc/arm-none-eabi/5.4.1/../../../../arm-none-eabi/lib/armv7e-m\libg_nano.a(lib_a-fstatr.o)
                0x08005c5c                _fstat_r
 .text._isatty_r
                0x08005c80       0x20 c:/stm32toolchain/gcc-arm/bin/../lib/gcc/arm-none-eabi/5.4.1/../../../../arm-none-eabi/lib/armv7e-m\libg_nano.a(lib_a-isattyr.o)
                0x08005c80                _isatty_r
 .text          0x08005ca0       0xa0 c:/stm32toolchain/gcc-arm/bin/../lib/gcc/arm-none-eabi/5.4.1/../../../../arm-none-eabi/lib/armv7e-m\libg_nano.a(lib_a-memchr.o)
                0x08005ca0                memchr
 .text.memmove  0x08005d40       0x36 c:/stm32toolchain/gcc-arm/bin/../lib/gcc/arm-none-eabi/5.4.1/../../../../arm-none-eabi/lib/armv7e-m\libg_nano.a(lib_a-memmove.o)
                0x08005d40                memmove
 .text._realloc_r
                0x08005d76       0x4c c:/stm32toolchain/gcc-arm/bin/../lib/gcc/arm-none-eabi/5.4.1/../../../../arm-none-eabi/lib/armv7e-m\libg_nano.a(lib_a-nano-reallocr.o)
                0x08005d76                _realloc_r
 .text._malloc_usable_size_r
                0x08005dc2       0x14 c:/stm32toolchain/gcc-arm/bin/../lib/gcc/arm-none-eabi/5.4.1/../../../../arm-none-eabi/lib/armv7e-m\libg_nano.a(lib_a-nano-msizer.o)
                0x08005dc2                _malloc_usable_size_r
 *(.rodata .rodata.* .constdata .constdata.*)
 *fill*         0x08005dd6        0x2 
 .rodata.str1.4
                0x08005dd8       0x2e ./system/src/stm32f4-hal/stm32f4xx_hal_adc.o
 *fill*         0x08005e06        0x2 
 .rodata.str1.4
                0x08005e08       0x31 ./system/src/stm32f4-hal/stm32f4xx_hal_cortex.o
 *fill*         0x08005e39        0x3 
 .rodata.str1.4
                0x08005e3c       0x2f ./system/src/stm32f4-hal/stm32f4xx_hal_gpio.o
 *fill*         0x08005e6b        0x1 
 .rodata.APBAHBPrescTable
                0x08005e6c       0x10 ./system/src/stm32f4-hal/stm32f4xx_hal_rcc.o
                0x08005e6c                APBAHBPrescTable
 .rodata.str1.4
                0x08005e7c       0x2e ./system/src/stm32f4-hal/stm32f4xx_hal_rcc.o
 *fill*         0x08005eaa        0x2 
 .rodata.str1.4
                0x08005eac       0x2e ./system/src/stm32f4-hal/stm32f4xx_hal_spi.o
 *fill*         0x08005eda        0x2 
 .rodata.str1.4
                0x08005edc       0x14 ./system/src/newlib/_exit.o
 .rodata.str1.4
                0x08005ef0        0x9 ./system/src/newlib/_syscalls.o
 *fill*         0x08005ef9        0x3 
 .rodata.str1.4
                0x08005efc       0x6b ./system/src/newlib/assert.o
                                 0x6f (size before relaxing)
 *fill*         0x08005f67        0x1 
 .rodata.str1.4
                0x08005f68       0x29 ./system/src/diag/Trace.o
                                 0x2d (size before relaxing)
 .rodata.str1.4
                0x08005f91        0x4 ./system/src/diag/trace_impl.o
 *fill*         0x08005f91        0x3 
 .rodata.str1.4
                0x08005f94      0x146 ./system/src/cortexm/exception_handlers.o
                                0x14a (size before relaxing)
 *fill*         0x080060da        0x2 
 .rodata.CLOCK_SECOND
                0x080060dc        0x4 ./src/clock.o
                0x080060dc                CLOCK_SECOND
 .rodata        0x080060e0        0x6 ./src/main.o
 *fill*         0x080060e6        0x2 
 .rodata.str1.4
                0x080060e8      0x20c ./src/main.o
 .rodata        0x080062f4        0x8 ./src/sensor_service.o
 .rodata.str1.4
                0x080062fc      0x378 ./src/sensor_service.o
                                0x395 (size before relaxing)
 .rodata.AHBPrescTable
                0x08006674       0x10 ./src/system_stm32f4xx.o
                0x08006674                AHBPrescTable
 .rodata.__sf_fake_stdin
                0x08006684       0x20 c:/stm32toolchain/gcc-arm/bin/../lib/gcc/arm-none-eabi/5.4.1/../../../../arm-none-eabi/lib/armv7e-m\libg_nano.a(lib_a-findfp.o)
                0x08006684                __sf_fake_stdin
 .rodata.__sf_fake_stdout
                0x080066a4       0x20 c:/stm32toolchain/gcc-arm/bin/../lib/gcc/arm-none-eabi/5.4.1/../../../../arm-none-eabi/lib/armv7e-m\libg_nano.a(lib_a-findfp.o)
                0x080066a4                __sf_fake_stdout
 .rodata.__sf_fake_stderr
                0x080066c4       0x20 c:/stm32toolchain/gcc-arm/bin/../lib/gcc/arm-none-eabi/5.4.1/../../../../arm-none-eabi/lib/armv7e-m\libg_nano.a(lib_a-findfp.o)
                0x080066c4                __sf_fake_stderr
 .rodata._global_impure_ptr
                0x080066e4        0x4 c:/stm32toolchain/gcc-arm/bin/../lib/gcc/arm-none-eabi/5.4.1/../../../../arm-none-eabi/lib/armv7e-m\libg_nano.a(lib_a-impure.o)
                0x080066e4                _global_impure_ptr
 .rodata.str1.1
                0x080066e8        0xa c:/stm32toolchain/gcc-arm/bin/../lib/gcc/arm-none-eabi/5.4.1/../../../../arm-none-eabi/lib/armv7e-m\libg_nano.a(lib_a-locale.o)
                                  0xb (size before relaxing)
 .rodata._ctype_
                0x080066f2      0x101 c:/stm32toolchain/gcc-arm/bin/../lib/gcc/arm-none-eabi/5.4.1/../../../../arm-none-eabi/lib/armv7e-m\libg_nano.a(lib_a-ctype_.o)
                0x080066f2                _ctype_
 .rodata.str1.1
                0x080067f3       0x11 c:/stm32toolchain/gcc-arm/bin/../lib/gcc/arm-none-eabi/5.4.1/../../../../arm-none-eabi/lib/armv7e-m\libg_nano.a(lib_a-nano-svfprintf.o)
 .rodata.str1.1
                0x08006804       0x11 c:/stm32toolchain/gcc-arm/bin/../lib/gcc/arm-none-eabi/5.4.1/../../../../arm-none-eabi/lib/armv7e-m\libg_nano.a(lib_a-nano-vfprintf.o)
 .rodata.str1.1
                0x08006804       0x22 c:/stm32toolchain/gcc-arm/bin/../lib/gcc/arm-none-eabi/5.4.1/../../../../arm-none-eabi/lib/armv7e-m\libg_nano.a(lib_a-nano-vfprintf_i.o)
 *(vtable)
 *(.eh_frame*)
 *(.glue_7)
 .glue_7        0x08006826        0x0 linker stubs
 *(.glue_7t)
 .glue_7t       0x08006826        0x0 linker stubs

.vfp11_veneer   0x08006828        0x0
 .vfp11_veneer  0x08006828        0x0 linker stubs

.v4_bx          0x08006828        0x0
 .v4_bx         0x08006828        0x0 linker stubs

.iplt           0x08006828        0x0
 .iplt          0x08006828        0x0 ./system/src/stm32f4-hal/stm32f4xx_hal.o

.ARM.extab
 *(.ARM.extab* .gnu.linkonce.armextab.*)
                0x08006828                . = ALIGN (0x4)
                0x08006828                __exidx_start = .

.ARM.exidx      0x08006828        0x8
 *(.ARM.exidx* .gnu.linkonce.armexidx.*)
 .ARM.exidx     0x08006828        0x8 c:/stm32toolchain/gcc-arm/bin/../lib/gcc/arm-none-eabi/5.4.1/armv7e-m\libgcc.a(_udivmoddi4.o)
                0x08006830                __exidx_end = .

.rel.dyn        0x08006830        0x0
 .rel.iplt      0x08006830        0x0 ./system/src/stm32f4-hal/stm32f4xx_hal.o
                0x08006830                . = ALIGN (0x4)
                0x08006830                _etext = .
                0x08006830                __etext = .

.data_CCMRAM    0x10000000        0x0 load address 0x08006830
 FILL mask 0xff
 *(.data.CCMRAM .data.CCMRAM.*)
                0x10000000                . = ALIGN (0x4)
                0x08006830                _sidata = LOADADDR (.data)

.data           0x20000000      0x1ec load address 0x08006830
 FILL mask 0xff
                0x20000000                _sdata = .
                0x20000000                __data_start__ = .
 *(.data_begin .data_begin.*)
 .data_begin    0x20000000        0x4 ./system/src/newlib/_startup.o
 *(.data .data.*)
 .data.Mobile_BDADDR
                0x20000004        0x6 ./src/main.o
                0x20000004                Mobile_BDADDR
 .data.set_connectable
                0x2000000a        0x1 ./src/sensor_service.o
                0x2000000a                set_connectable
 *fill*         0x2000000b        0x1 ff
 .data.SystemCoreClock
                0x2000000c        0x4 ./src/system_stm32f4xx.o
                0x2000000c                SystemCoreClock
 .data.GPIO_PORT
                0x20000010        0x4 ./bluenrg-stack/BSP/STM32F4xx-Nucleo/stm32f4xx_nucleo.o
                0x20000010                GPIO_PORT
 .data.BUTTON_PORT
                0x20000014        0x4 ./bluenrg-stack/BSP/STM32F4xx-Nucleo/stm32f4xx_nucleo.o
                0x20000014                BUTTON_PORT
 .data.impure_data
                0x20000018       0x60 c:/stm32toolchain/gcc-arm/bin/../lib/gcc/arm-none-eabi/5.4.1/../../../../arm-none-eabi/lib/armv7e-m\libg_nano.a(lib_a-impure.o)
 .data._impure_ptr
                0x20000078        0x4 c:/stm32toolchain/gcc-arm/bin/../lib/gcc/arm-none-eabi/5.4.1/../../../../arm-none-eabi/lib/armv7e-m\libg_nano.a(lib_a-impure.o)
                0x20000078                _impure_ptr
 .data.__global_locale
                0x2000007c      0x16c c:/stm32toolchain/gcc-arm/bin/../lib/gcc/arm-none-eabi/5.4.1/../../../../arm-none-eabi/lib/armv7e-m\libg_nano.a(lib_a-locale.o)
                0x2000007c                __global_locale
 *(.data_end .data_end.*)
 .data_end      0x200001e8        0x4 ./system/src/newlib/_startup.o
                0x200001ec                . = ALIGN (0x4)
                0x200001ec                _edata = .
                0x200001ec                __data_end__ = .

.igot.plt       0x200001ec        0x0 load address 0x08006a1c
 .igot.plt      0x200001ec        0x0 ./system/src/stm32f4-hal/stm32f4xx_hal.o

.bss_CCMRAM     0x10000000        0x0
 *(.bss.CCMRAM .bss.CCMRAM.*)

.bss            0x200001ec      0x56c
                0x200001ec                __bss_start__ = .
                0x200001ec                _sbss = .
 *(.bss_begin .bss_begin.*)
 .bss_begin     0x200001ec        0x4 ./system/src/newlib/_startup.o
 *(.bss .bss.*)
 .bss.current_heap_end.4454
                0x200001f0        0x4 ./system/src/newlib/_sbrk.o
 .bss.monitor_stdout
                0x200001f4        0x4 ./system/src/newlib/_syscalls.o
 .bss.args_buf.6307
                0x200001f8       0x50 ./system/src/newlib/_syscalls.o
 .bss.monitor_stdin
                0x20000248        0x4 ./system/src/newlib/_syscalls.o
 .bss.argv_buf.6308
                0x2000024c       0x28 ./system/src/newlib/_syscalls.o
 .bss.monitor_stderr
                0x20000274        0x4 ./system/src/newlib/_syscalls.o
 .bss.openfiles
                0x20000278       0xa0 ./system/src/newlib/_syscalls.o
 .bss.buf.5659  0x20000318       0x80 ./system/src/diag/Trace.o
 .bss.handle.7452
                0x20000398        0x4 ./system/src/diag/trace_impl.o
 .bss.bnrg_expansion_board
                0x2000039c        0x1 ./src/main.o
                0x2000039c                bnrg_expansion_board
 .bss.notification_enabled
                0x2000039d        0x1 ./src/sensor_service.o
                0x2000039d                notification_enabled
 .bss.connection_handle
                0x2000039e        0x2 ./src/sensor_service.o
                0x2000039e                connection_handle
 .bss.axes_data
                0x200003a0        0xc ./src/sensor_service.o
                0x200003a0                axes_data
 .bss.connected
                0x200003ac        0x4 ./src/sensor_service.o
                0x200003ac                connected
 .bss.photo_data
                0x200003b0        0x4 ./src/sensor_service.o
                0x200003b0                photo_data
 .bss.ms_counter
                0x200003b4        0x4 ./src/stm32xx_it.o
                0x200003b4                ms_counter
 .bss.button_event
                0x200003b8        0x1 ./src/stm32xx_it.o
                0x200003b8                button_event
 *fill*         0x200003b9        0x3 
 .bss.hciReadPacketBuffer
                0x200003bc      0x2bc ./bluenrg-stack/Middlewares/ST/STM32_BlueNRG/SimpleBlueNRG_HCI/hci/hci.o
 .bss.__malloc_sbrk_start
                0x20000678        0x4 c:/stm32toolchain/gcc-arm/bin/../lib/gcc/arm-none-eabi/5.4.1/../../../../arm-none-eabi/lib/armv7e-m\libg_nano.a(lib_a-nano-mallocr.o)
                0x20000678                __malloc_sbrk_start
 .bss.__malloc_free_list
                0x2000067c        0x4 c:/stm32toolchain/gcc-arm/bin/../lib/gcc/arm-none-eabi/5.4.1/../../../../arm-none-eabi/lib/armv7e-m\libg_nano.a(lib_a-nano-mallocr.o)
                0x2000067c                __malloc_free_list
 *(COMMON)
 COMMON         0x20000680        0x4 ./system/src/stm32f4-hal/stm32f4xx_hal.o
                0x20000680                uwTick
 COMMON         0x20000684        0x4 ./system/src/newlib/_syscalls.o
                0x20000684                errno
 COMMON         0x20000688       0x48 ./src/main.o
                0x20000688                hadc1
 COMMON         0x200006d0       0x1c ./src/sensor_service.o
                0x200006d0                freeFallCharHandle
                0x200006d2                envSensServHandle
                0x200006d4                humidityCharHandle
                0x200006d6                photoCharHandle
                0x200006d8                pressCharHandle
                0x200006da                photoServHandle
                0x200006dc                tempCharHandle
                0x200006de                ledButtonCharHandle
                0x200006e0                accServHandle
                0x200006e2                accCharHandle
                0x200006e4                TXCharHandle
                0x200006e6                sampleServHandle
                0x200006e8                ledServHandle
                0x200006ea                RXCharHandle
 COMMON         0x200006ec       0x10 ./bluenrg-stack/Middlewares/ST/STM32_BlueNRG/SimpleBlueNRG_HCI/hci/hci.o
                0x200006ec                hciReadPktPool
                0x200006f4                hciReadPktRxQueue
 COMMON         0x200006fc       0x58 ./bluenrg-stack/BSP/X-NUCLEO-IDB04A1/stm32_bluenrg_ble.o
                0x200006fc                SpiHandle
 *(.bss_end .bss_end.*)
 .bss_end       0x20000754        0x4 ./system/src/newlib/_startup.o
                0x20000758                . = ALIGN (0x4)
                0x20000758                __bss_end__ = .
                0x20000758                _ebss = .

.noinit_CCMRAM
 *(.noinit.CCMRAM .noinit.CCMRAM.*)

.noinit         0x20000758        0x0
                0x20000758                _noinit = .
 *(.noinit .noinit.*)
                0x20000758                . = ALIGN (0x4)
                0x20000758                _end_noinit = .
                [!provide]                PROVIDE (end, _end_noinit)
                [!provide]                PROVIDE (_end, _end_noinit)
                [!provide]                PROVIDE (__end, _end_noinit)
                [!provide]                PROVIDE (__end__, _end_noinit)

._check_stack   0x20000758      0x100
                0x20000858                . = (. + _Minimum_Stack_Size)
 *fill*         0x20000758      0x100 

.b1text
 *(.b1text)
 *(.b1rodata)
 *(.b1rodata.*)

.eb0text
 *(.eb0text)
 *(.eb0rodata)
 *(.eb0rodata.*)

.eb1text
 *(.eb1text)
 *(.eb1rodata)
 *(.eb1rodata.*)

.eb2text
 *(.eb2text)
 *(.eb2rodata)
 *(.eb2rodata.*)

.eb3text
 *(.eb3text)
 *(.eb3rodata)
 *(.eb3rodata.*)

.stab
 *(.stab)

.stabstr
 *(.stabstr)

.stab.excl
 *(.stab.excl)

.stab.exclstr
 *(.stab.exclstr)

.stab.index
 *(.stab.index)

.stab.indexstr
 *(.stab.indexstr)

.comment        0x00000000       0x6e
 *(.comment)
 .comment       0x00000000       0x6e ./system/src/stm32f4-hal/stm32f4xx_hal.o
                                 0x6f (size before relaxing)
 .comment       0x0000006e       0x6f ./system/src/stm32f4-hal/stm32f4xx_hal_adc.o
 .comment       0x0000006e       0x6f ./system/src/stm32f4-hal/stm32f4xx_hal_cortex.o
 .comment       0x0000006e       0x6f ./system/src/stm32f4-hal/stm32f4xx_hal_gpio.o
 .comment       0x0000006e       0x6f ./system/src/stm32f4-hal/stm32f4xx_hal_rcc.o
 .comment       0x0000006e       0x6f ./system/src/stm32f4-hal/stm32f4xx_hal_spi.o
 .comment       0x0000006e       0x6f ./system/src/newlib/_exit.o
 .comment       0x0000006e       0x6f ./system/src/newlib/_sbrk.o
 .comment       0x0000006e       0x6f ./system/src/newlib/_startup.o
 .comment       0x0000006e       0x6f ./system/src/newlib/_syscalls.o
 .comment       0x0000006e       0x6f ./system/src/newlib/assert.o
 .comment       0x0000006e       0x6f ./system/src/diag/Trace.o
 .comment       0x0000006e       0x6f ./system/src/diag/trace_impl.o
 .comment       0x0000006e       0x6f ./system/src/cortexm/_initialize_hardware.o
 .comment       0x0000006e       0x6f ./system/src/cortexm/exception_handlers.o
 .comment       0x0000006e       0x6f ./system/src/cmsis/vectors_stm32f401xe.o
 .comment       0x0000006e       0x6f ./src/_initialize_hardware.o
 .comment       0x0000006e       0x6f ./src/bluenrg_interface.o
 .comment       0x0000006e       0x6f ./src/clock.o
 .comment       0x0000006e       0x6f ./src/cube_hal_f4.o
 .comment       0x0000006e       0x6f ./src/main.o
 .comment       0x0000006e       0x6f ./src/sensor_service.o
 .comment       0x0000006e       0x6f ./src/stm32f4xx_hal_msp.o
 .comment       0x0000006e       0x6f ./src/stm32xx_it.o
 .comment       0x0000006e       0x6f ./src/system_stm32f4xx.o
 .comment       0x0000006e       0x6f ./bluenrg-stack/Middlewares/ST/STM32_BlueNRG/SimpleBlueNRG_HCI/utils/ble_list.o
 .comment       0x0000006e       0x6f ./bluenrg-stack/Middlewares/ST/STM32_BlueNRG/SimpleBlueNRG_HCI/utils/gp_timer.o
 .comment       0x0000006e       0x6f ./bluenrg-stack/Middlewares/ST/STM32_BlueNRG/SimpleBlueNRG_HCI/utils/osal.o
 .comment       0x0000006e       0x6f ./bluenrg-stack/Middlewares/ST/STM32_BlueNRG/SimpleBlueNRG_HCI/hci/controller/bluenrg_gap_aci.o
 .comment       0x0000006e       0x6f ./bluenrg-stack/Middlewares/ST/STM32_BlueNRG/SimpleBlueNRG_HCI/hci/controller/bluenrg_gatt_aci.o
 .comment       0x0000006e       0x6f ./bluenrg-stack/Middlewares/ST/STM32_BlueNRG/SimpleBlueNRG_HCI/hci/controller/bluenrg_hal_aci.o
 .comment       0x0000006e       0x6f ./bluenrg-stack/Middlewares/ST/STM32_BlueNRG/SimpleBlueNRG_HCI/hci/controller/bluenrg_utils.o
 .comment       0x0000006e       0x6f ./bluenrg-stack/Middlewares/ST/STM32_BlueNRG/SimpleBlueNRG_HCI/hci/hci.o
 .comment       0x0000006e       0x6f ./bluenrg-stack/BSP/X-NUCLEO-IDB04A1/stm32_bluenrg_ble.o
 .comment       0x0000006e       0x6f ./bluenrg-stack/BSP/STM32F4xx-Nucleo/stm32f4xx_nucleo.o

.ARM.attributes
                0x00000000       0x31
 .ARM.attributes
                0x00000000       0x33 ./system/src/stm32f4-hal/stm32f4xx_hal.o
 .ARM.attributes
                0x00000033       0x33 ./system/src/stm32f4-hal/stm32f4xx_hal_adc.o
 .ARM.attributes
                0x00000066       0x33 ./system/src/stm32f4-hal/stm32f4xx_hal_cortex.o
 .ARM.attributes
                0x00000099       0x33 ./system/src/stm32f4-hal/stm32f4xx_hal_gpio.o
 .ARM.attributes
                0x000000cc       0x33 ./system/src/stm32f4-hal/stm32f4xx_hal_rcc.o
 .ARM.attributes
                0x000000ff       0x33 ./system/src/stm32f4-hal/stm32f4xx_hal_spi.o
 .ARM.attributes
                0x00000132       0x33 ./system/src/newlib/_exit.o
 .ARM.attributes
                0x00000165       0x33 ./system/src/newlib/_sbrk.o
 .ARM.attributes
                0x00000198       0x33 ./system/src/newlib/_startup.o
 .ARM.attributes
                0x000001cb       0x33 ./system/src/newlib/_syscalls.o
 .ARM.attributes
                0x000001fe       0x33 ./system/src/newlib/assert.o
 .ARM.attributes
                0x00000231       0x33 ./system/src/diag/Trace.o
 .ARM.attributes
                0x00000264       0x33 ./system/src/diag/trace_impl.o
 .ARM.attributes
                0x00000297       0x33 ./system/src/cortexm/_initialize_hardware.o
 .ARM.attributes
                0x000002ca       0x33 ./system/src/cortexm/exception_handlers.o
 .ARM.attributes
                0x000002fd       0x21 ./system/src/cmsis/startup_stm32f401xe.o
 .ARM.attributes
                0x0000031e       0x33 ./system/src/cmsis/vectors_stm32f401xe.o
 .ARM.attributes
                0x00000351       0x33 ./src/_initialize_hardware.o
 .ARM.attributes
                0x00000384       0x33 ./src/bluenrg_interface.o
 .ARM.attributes
                0x000003b7       0x33 ./src/clock.o
 .ARM.attributes
                0x000003ea       0x33 ./src/cube_hal_f4.o
 .ARM.attributes
                0x0000041d       0x33 ./src/main.o
 .ARM.attributes
                0x00000450       0x33 ./src/sensor_service.o
 .ARM.attributes
                0x00000483       0x33 ./src/stm32f4xx_hal_msp.o
 .ARM.attributes
                0x000004b6       0x33 ./src/stm32xx_it.o
 .ARM.attributes
                0x000004e9       0x33 ./src/system_stm32f4xx.o
 .ARM.attributes
                0x0000051c       0x33 ./bluenrg-stack/Middlewares/ST/STM32_BlueNRG/SimpleBlueNRG_HCI/utils/ble_list.o
 .ARM.attributes
                0x0000054f       0x33 ./bluenrg-stack/Middlewares/ST/STM32_BlueNRG/SimpleBlueNRG_HCI/utils/gp_timer.o
 .ARM.attributes
                0x00000582       0x33 ./bluenrg-stack/Middlewares/ST/STM32_BlueNRG/SimpleBlueNRG_HCI/utils/osal.o
 .ARM.attributes
                0x000005b5       0x33 ./bluenrg-stack/Middlewares/ST/STM32_BlueNRG/SimpleBlueNRG_HCI/hci/controller/bluenrg_gap_aci.o
 .ARM.attributes
                0x000005e8       0x33 ./bluenrg-stack/Middlewares/ST/STM32_BlueNRG/SimpleBlueNRG_HCI/hci/controller/bluenrg_gatt_aci.o
 .ARM.attributes
                0x0000061b       0x33 ./bluenrg-stack/Middlewares/ST/STM32_BlueNRG/SimpleBlueNRG_HCI/hci/controller/bluenrg_hal_aci.o
 .ARM.attributes
                0x0000064e       0x33 ./bluenrg-stack/Middlewares/ST/STM32_BlueNRG/SimpleBlueNRG_HCI/hci/controller/bluenrg_utils.o
 .ARM.attributes
                0x00000681       0x33 ./bluenrg-stack/Middlewares/ST/STM32_BlueNRG/SimpleBlueNRG_HCI/hci/hci.o
 .ARM.attributes
                0x000006b4       0x33 ./bluenrg-stack/BSP/X-NUCLEO-IDB04A1/stm32_bluenrg_ble.o
 .ARM.attributes
                0x000006e7       0x33 ./bluenrg-stack/BSP/STM32F4xx-Nucleo/stm32f4xx_nucleo.o
 .ARM.attributes
                0x0000071a       0x1e c:/stm32toolchain/gcc-arm/bin/../lib/gcc/arm-none-eabi/5.4.1/armv7e-m\libgcc.a(_aeabi_uldivmod.o)
 .ARM.attributes
                0x00000738       0x2e c:/stm32toolchain/gcc-arm/bin/../lib/gcc/arm-none-eabi/5.4.1/armv7e-m\libgcc.a(_udivmoddi4.o)
 .ARM.attributes
                0x00000766       0x1e c:/stm32toolchain/gcc-arm/bin/../lib/gcc/arm-none-eabi/5.4.1/armv7e-m\libgcc.a(_dvmd_tls.o)
 .ARM.attributes
                0x00000784       0x2e c:/stm32toolchain/gcc-arm/bin/../lib/gcc/arm-none-eabi/5.4.1/../../../../arm-none-eabi/lib/armv7e-m\libg_nano.a(lib_a-errno.o)
 .ARM.attributes
                0x000007b2       0x2e c:/stm32toolchain/gcc-arm/bin/../lib/gcc/arm-none-eabi/5.4.1/../../../../arm-none-eabi/lib/armv7e-m\libg_nano.a(lib_a-findfp.o)
 .ARM.attributes
                0x000007e0       0x2e c:/stm32toolchain/gcc-arm/bin/../lib/gcc/arm-none-eabi/5.4.1/../../../../arm-none-eabi/lib/armv7e-m\libg_nano.a(lib_a-fwalk.o)
 .ARM.attributes
                0x0000080e       0x2e c:/stm32toolchain/gcc-arm/bin/../lib/gcc/arm-none-eabi/5.4.1/../../../../arm-none-eabi/lib/armv7e-m\libg_nano.a(lib_a-impure.o)
 .ARM.attributes
                0x0000083c       0x2e c:/stm32toolchain/gcc-arm/bin/../lib/gcc/arm-none-eabi/5.4.1/../../../../arm-none-eabi/lib/armv7e-m\libg_nano.a(lib_a-locale.o)
 .ARM.attributes
                0x0000086a       0x2e c:/stm32toolchain/gcc-arm/bin/../lib/gcc/arm-none-eabi/5.4.1/../../../../arm-none-eabi/lib/armv7e-m\libg_nano.a(lib_a-mbtowc_r.o)
 .ARM.attributes
                0x00000898       0x2e c:/stm32toolchain/gcc-arm/bin/../lib/gcc/arm-none-eabi/5.4.1/../../../../arm-none-eabi/lib/armv7e-m\libg_nano.a(lib_a-memcpy-stub.o)
 .ARM.attributes
                0x000008c6       0x2e c:/stm32toolchain/gcc-arm/bin/../lib/gcc/arm-none-eabi/5.4.1/../../../../arm-none-eabi/lib/armv7e-m\libg_nano.a(lib_a-memset.o)
 .ARM.attributes
                0x000008f4       0x2e c:/stm32toolchain/gcc-arm/bin/../lib/gcc/arm-none-eabi/5.4.1/../../../../arm-none-eabi/lib/armv7e-m\libg_nano.a(lib_a-nano-mallocr.o)
 .ARM.attributes
                0x00000922       0x2e c:/stm32toolchain/gcc-arm/bin/../lib/gcc/arm-none-eabi/5.4.1/../../../../arm-none-eabi/lib/armv7e-m\libg_nano.a(lib_a-printf.o)
 .ARM.attributes
                0x00000950       0x2e c:/stm32toolchain/gcc-arm/bin/../lib/gcc/arm-none-eabi/5.4.1/../../../../arm-none-eabi/lib/armv7e-m\libg_nano.a(lib_a-puts.o)
 .ARM.attributes
                0x0000097e       0x2e c:/stm32toolchain/gcc-arm/bin/../lib/gcc/arm-none-eabi/5.4.1/../../../../arm-none-eabi/lib/armv7e-m\libg_nano.a(lib_a-rand.o)
 .ARM.attributes
                0x000009ac       0x2e c:/stm32toolchain/gcc-arm/bin/../lib/gcc/arm-none-eabi/5.4.1/../../../../arm-none-eabi/lib/armv7e-m\libg_nano.a(lib_a-sbrkr.o)
 .ARM.attributes
                0x000009da       0x2e c:/stm32toolchain/gcc-arm/bin/../lib/gcc/arm-none-eabi/5.4.1/../../../../arm-none-eabi/lib/armv7e-m\libg_nano.a(lib_a-stdio.o)
 .ARM.attributes
                0x00000a08       0x1c c:/stm32toolchain/gcc-arm/bin/../lib/gcc/arm-none-eabi/5.4.1/../../../../arm-none-eabi/lib/armv7e-m\libg_nano.a(lib_a-strcmp.o)
 .ARM.attributes
                0x00000a24       0x17 c:/stm32toolchain/gcc-arm/bin/../lib/gcc/arm-none-eabi/5.4.1/../../../../arm-none-eabi/lib/armv7e-m\libg_nano.a(lib_a-strlen.o)
 .ARM.attributes
                0x00000a3b       0x2e c:/stm32toolchain/gcc-arm/bin/../lib/gcc/arm-none-eabi/5.4.1/../../../../arm-none-eabi/lib/armv7e-m\libg_nano.a(lib_a-vsnprintf.o)
 .ARM.attributes
                0x00000a69       0x2e c:/stm32toolchain/gcc-arm/bin/../lib/gcc/arm-none-eabi/5.4.1/../../../../arm-none-eabi/lib/armv7e-m\libg_nano.a(lib_a-wbuf.o)
 .ARM.attributes
                0x00000a97       0x2e c:/stm32toolchain/gcc-arm/bin/../lib/gcc/arm-none-eabi/5.4.1/../../../../arm-none-eabi/lib/armv7e-m\libg_nano.a(lib_a-wctomb_r.o)
 .ARM.attributes
                0x00000ac5       0x2e c:/stm32toolchain/gcc-arm/bin/../lib/gcc/arm-none-eabi/5.4.1/../../../../arm-none-eabi/lib/armv7e-m\libg_nano.a(lib_a-writer.o)
 .ARM.attributes
                0x00000af3       0x2e c:/stm32toolchain/gcc-arm/bin/../lib/gcc/arm-none-eabi/5.4.1/../../../../arm-none-eabi/lib/armv7e-m\libg_nano.a(lib_a-wsetup.o)
 .ARM.attributes
                0x00000b21       0x2e c:/stm32toolchain/gcc-arm/bin/../lib/gcc/arm-none-eabi/5.4.1/../../../../arm-none-eabi/lib/armv7e-m\libg_nano.a(lib_a-closer.o)
 .ARM.attributes
                0x00000b4f       0x2e c:/stm32toolchain/gcc-arm/bin/../lib/gcc/arm-none-eabi/5.4.1/../../../../arm-none-eabi/lib/armv7e-m\libg_nano.a(lib_a-ctype_.o)
 .ARM.attributes
                0x00000b7d       0x2e c:/stm32toolchain/gcc-arm/bin/../lib/gcc/arm-none-eabi/5.4.1/../../../../arm-none-eabi/lib/armv7e-m\libg_nano.a(lib_a-fflush.o)
 .ARM.attributes
                0x00000bab       0x2e c:/stm32toolchain/gcc-arm/bin/../lib/gcc/arm-none-eabi/5.4.1/../../../../arm-none-eabi/lib/armv7e-m\libg_nano.a(lib_a-lseekr.o)
 .ARM.attributes
                0x00000bd9       0x2e c:/stm32toolchain/gcc-arm/bin/../lib/gcc/arm-none-eabi/5.4.1/../../../../arm-none-eabi/lib/armv7e-m\libg_nano.a(lib_a-makebuf.o)
 .ARM.attributes
                0x00000c07       0x2e c:/stm32toolchain/gcc-arm/bin/../lib/gcc/arm-none-eabi/5.4.1/../../../../arm-none-eabi/lib/armv7e-m\libg_nano.a(lib_a-malloc.o)
 .ARM.attributes
                0x00000c35       0x2e c:/stm32toolchain/gcc-arm/bin/../lib/gcc/arm-none-eabi/5.4.1/../../../../arm-none-eabi/lib/armv7e-m\libg_nano.a(lib_a-mlock.o)
 .ARM.attributes
                0x00000c63       0x2e c:/stm32toolchain/gcc-arm/bin/../lib/gcc/arm-none-eabi/5.4.1/../../../../arm-none-eabi/lib/armv7e-m\libg_nano.a(lib_a-nano-freer.o)
 .ARM.attributes
                0x00000c91       0x2e c:/stm32toolchain/gcc-arm/bin/../lib/gcc/arm-none-eabi/5.4.1/../../../../arm-none-eabi/lib/armv7e-m\libg_nano.a(lib_a-nano-svfprintf.o)
 .ARM.attributes
                0x00000cbf       0x2e c:/stm32toolchain/gcc-arm/bin/../lib/gcc/arm-none-eabi/5.4.1/../../../../arm-none-eabi/lib/armv7e-m\libg_nano.a(lib_a-nano-vfprintf.o)
 .ARM.attributes
                0x00000ced       0x2e c:/stm32toolchain/gcc-arm/bin/../lib/gcc/arm-none-eabi/5.4.1/../../../../arm-none-eabi/lib/armv7e-m\libg_nano.a(lib_a-nano-vfprintf_i.o)
 .ARM.attributes
                0x00000d1b       0x2e c:/stm32toolchain/gcc-arm/bin/../lib/gcc/arm-none-eabi/5.4.1/../../../../arm-none-eabi/lib/armv7e-m\libg_nano.a(lib_a-readr.o)
 .ARM.attributes
                0x00000d49       0x2e c:/stm32toolchain/gcc-arm/bin/../lib/gcc/arm-none-eabi/5.4.1/../../../../arm-none-eabi/lib/armv7e-m\libg_nano.a(lib_a-fstatr.o)
 .ARM.attributes
                0x00000d77       0x2e c:/stm32toolchain/gcc-arm/bin/../lib/gcc/arm-none-eabi/5.4.1/../../../../arm-none-eabi/lib/armv7e-m\libg_nano.a(lib_a-isattyr.o)
 .ARM.attributes
                0x00000da5       0x1c c:/stm32toolchain/gcc-arm/bin/../lib/gcc/arm-none-eabi/5.4.1/../../../../arm-none-eabi/lib/armv7e-m\libg_nano.a(lib_a-memchr.o)
 .ARM.attributes
                0x00000dc1       0x2e c:/stm32toolchain/gcc-arm/bin/../lib/gcc/arm-none-eabi/5.4.1/../../../../arm-none-eabi/lib/armv7e-m\libg_nano.a(lib_a-memmove.o)
 .ARM.attributes
                0x00000def       0x2e c:/stm32toolchain/gcc-arm/bin/../lib/gcc/arm-none-eabi/5.4.1/../../../../arm-none-eabi/lib/armv7e-m\libg_nano.a(lib_a-nano-reallocr.o)
 .ARM.attributes
                0x00000e1d       0x2e c:/stm32toolchain/gcc-arm/bin/../lib/gcc/arm-none-eabi/5.4.1/../../../../arm-none-eabi/lib/armv7e-m\libg_nano.a(lib_a-nano-msizer.o)

.debug
 *(.debug)

.line
 *(.line)

.debug_srcinfo
 *(.debug_srcinfo)

.debug_sfnames
 *(.debug_sfnames)

.debug_aranges  0x00000000     0x11b0
 *(.debug_aranges)
 .debug_aranges
                0x00000000       0xc0 ./system/src/stm32f4-hal/stm32f4xx_hal.o
 .debug_aranges
                0x000000c0       0xe8 ./system/src/stm32f4-hal/stm32f4xx_hal_adc.o
 .debug_aranges
                0x000001a8       0x98 ./system/src/stm32f4-hal/stm32f4xx_hal_cortex.o
 .debug_aranges
                0x00000240       0x58 ./system/src/stm32f4-hal/stm32f4xx_hal_gpio.o
 .debug_aranges
                0x00000298       0x88 ./system/src/stm32f4-hal/stm32f4xx_hal_rcc.o
 .debug_aranges
                0x00000320      0x1a0 ./system/src/stm32f4-hal/stm32f4xx_hal_spi.o
 .debug_aranges
                0x000004c0       0x28 ./system/src/newlib/_exit.o
 .debug_aranges
                0x000004e8       0x20 ./system/src/newlib/_sbrk.o
 .debug_aranges
                0x00000508       0x40 ./system/src/newlib/_startup.o
 .debug_aranges
                0x00000548      0x120 ./system/src/newlib/_syscalls.o
 .debug_aranges
                0x00000668       0x28 ./system/src/newlib/assert.o
 .debug_aranges
                0x00000690       0x38 ./system/src/diag/Trace.o
 .debug_aranges
                0x000006c8       0x30 ./system/src/diag/trace_impl.o
 .debug_aranges
                0x000006f8       0x28 ./system/src/cortexm/_initialize_hardware.o
 .debug_aranges
                0x00000720       0x90 ./system/src/cortexm/exception_handlers.o
 .debug_aranges
                0x000007b0       0x28 ./system/src/cmsis/startup_stm32f401xe.o
 .debug_aranges
                0x000007d8       0x20 ./system/src/cmsis/vectors_stm32f401xe.o
 .debug_aranges
                0x000007f8       0x28 ./src/_initialize_hardware.o
 .debug_aranges
                0x00000820       0x20 ./src/bluenrg_interface.o
 .debug_aranges
                0x00000840       0x30 ./src/clock.o
 .debug_aranges
                0x00000870       0x20 ./src/cube_hal_f4.o
 .debug_aranges
                0x00000890       0x40 ./src/main.o
 .debug_aranges
                0x000008d0       0xa0 ./src/sensor_service.o
 .debug_aranges
                0x00000970       0x30 ./src/stm32f4xx_hal_msp.o
 .debug_aranges
                0x000009a0       0x58 ./src/stm32xx_it.o
 .debug_aranges
                0x000009f8       0x28 ./src/system_stm32f4xx.o
 .debug_aranges
                0x00000a20       0x78 ./bluenrg-stack/Middlewares/ST/STM32_BlueNRG/SimpleBlueNRG_HCI/utils/ble_list.o
 .debug_aranges
                0x00000a98       0x40 ./bluenrg-stack/Middlewares/ST/STM32_BlueNRG/SimpleBlueNRG_HCI/utils/gp_timer.o
 .debug_aranges
                0x00000ad8       0x28 ./bluenrg-stack/Middlewares/ST/STM32_BlueNRG/SimpleBlueNRG_HCI/utils/osal.o
 .debug_aranges
                0x00000b00      0x168 ./bluenrg-stack/Middlewares/ST/STM32_BlueNRG/SimpleBlueNRG_HCI/hci/controller/bluenrg_gap_aci.o
 .debug_aranges
                0x00000c68      0x178 ./bluenrg-stack/Middlewares/ST/STM32_BlueNRG/SimpleBlueNRG_HCI/hci/controller/bluenrg_gatt_aci.o
 .debug_aranges
                0x00000de0       0x68 ./bluenrg-stack/Middlewares/ST/STM32_BlueNRG/SimpleBlueNRG_HCI/hci/controller/bluenrg_hal_aci.o
 .debug_aranges
                0x00000e48       0x70 ./bluenrg-stack/Middlewares/ST/STM32_BlueNRG/SimpleBlueNRG_HCI/hci/controller/bluenrg_utils.o
 .debug_aranges
                0x00000eb8      0x168 ./bluenrg-stack/Middlewares/ST/STM32_BlueNRG/SimpleBlueNRG_HCI/hci/hci.o
 .debug_aranges
                0x00001020       0x88 ./bluenrg-stack/BSP/X-NUCLEO-IDB04A1/stm32_bluenrg_ble.o
 .debug_aranges
                0x000010a8      0x108 ./bluenrg-stack/BSP/STM32F4xx-Nucleo/stm32f4xx_nucleo.o

.debug_pubnames
 *(.debug_pubnames)

.debug_info     0x00000000    0x1bfb9
 *(.debug_info .gnu.linkonce.wi.*)
 .debug_info    0x00000000      0x87d ./system/src/stm32f4-hal/stm32f4xx_hal.o
 .debug_info    0x0000087d     0x11b8 ./system/src/stm32f4-hal/stm32f4xx_hal_adc.o
 .debug_info    0x00001a35     0x108a ./system/src/stm32f4-hal/stm32f4xx_hal_cortex.o
 .debug_info    0x00002abf      0x8c0 ./system/src/stm32f4-hal/stm32f4xx_hal_gpio.o
 .debug_info    0x0000337f      0xf93 ./system/src/stm32f4-hal/stm32f4xx_hal_rcc.o
 .debug_info    0x00004312     0x1b9c ./system/src/stm32f4-hal/stm32f4xx_hal_spi.o
 .debug_info    0x00005eae       0xef ./system/src/newlib/_exit.o
 .debug_info    0x00005f9d      0x11f ./system/src/newlib/_sbrk.o
 .debug_info    0x000060bc      0x4fa ./system/src/newlib/_startup.o
 .debug_info    0x000065b6     0x1f47 ./system/src/newlib/_syscalls.o
 .debug_info    0x000084fd      0x1b9 ./system/src/newlib/assert.o
 .debug_info    0x000086b6      0x2e7 ./system/src/diag/Trace.o
 .debug_info    0x0000899d      0x2f8 ./system/src/diag/trace_impl.o
 .debug_info    0x00008c95      0x2e0 ./system/src/cortexm/_initialize_hardware.o
 .debug_info    0x00008f75      0x9be ./system/src/cortexm/exception_handlers.o
 .debug_info    0x00009933       0x82 ./system/src/cmsis/startup_stm32f401xe.o
 .debug_info    0x000099b5       0xd1 ./system/src/cmsis/vectors_stm32f401xe.o
 .debug_info    0x00009a86      0x536 ./src/_initialize_hardware.o
 .debug_info    0x00009fbc       0xfb ./src/bluenrg_interface.o
 .debug_info    0x0000a0b7      0x161 ./src/clock.o
 .debug_info    0x0000a218      0x262 ./src/cube_hal_f4.o
 .debug_info    0x0000a47a     0x1207 ./src/main.o
 .debug_info    0x0000b681     0x14ec ./src/sensor_service.o
 .debug_info    0x0000cb6d      0xf09 ./src/stm32f4xx_hal_msp.o
 .debug_info    0x0000da76      0x1f1 ./src/stm32xx_it.o
 .debug_info    0x0000dc67      0x504 ./src/system_stm32f4xx.o
 .debug_info    0x0000e16b      0x74b ./bluenrg-stack/Middlewares/ST/STM32_BlueNRG/SimpleBlueNRG_HCI/utils/ble_list.o
 .debug_info    0x0000e8b6      0x1be ./bluenrg-stack/Middlewares/ST/STM32_BlueNRG/SimpleBlueNRG_HCI/utils/gp_timer.o
 .debug_info    0x0000ea74      0x16e ./bluenrg-stack/Middlewares/ST/STM32_BlueNRG/SimpleBlueNRG_HCI/utils/osal.o
 .debug_info    0x0000ebe2     0x306e ./bluenrg-stack/Middlewares/ST/STM32_BlueNRG/SimpleBlueNRG_HCI/hci/controller/bluenrg_gap_aci.o
 .debug_info    0x00011c50     0x3244 ./bluenrg-stack/Middlewares/ST/STM32_BlueNRG/SimpleBlueNRG_HCI/hci/controller/bluenrg_gatt_aci.o
 .debug_info    0x00014e94      0x8e9 ./bluenrg-stack/Middlewares/ST/STM32_BlueNRG/SimpleBlueNRG_HCI/hci/controller/bluenrg_hal_aci.o
 .debug_info    0x0001577d      0xc8a ./bluenrg-stack/Middlewares/ST/STM32_BlueNRG/SimpleBlueNRG_HCI/hci/controller/bluenrg_utils.o
 .debug_info    0x00016407     0x303c ./bluenrg-stack/Middlewares/ST/STM32_BlueNRG/SimpleBlueNRG_HCI/hci/hci.o
 .debug_info    0x00019443      0xfcd ./bluenrg-stack/BSP/X-NUCLEO-IDB04A1/stm32_bluenrg_ble.o
 .debug_info    0x0001a410     0x1ba9 ./bluenrg-stack/BSP/STM32F4xx-Nucleo/stm32f4xx_nucleo.o

.debug_abbrev   0x00000000     0x3d0e
 *(.debug_abbrev)
 .debug_abbrev  0x00000000      0x260 ./system/src/stm32f4-hal/stm32f4xx_hal.o
 .debug_abbrev  0x00000260      0x246 ./system/src/stm32f4-hal/stm32f4xx_hal_adc.o
 .debug_abbrev  0x000004a6      0x324 ./system/src/stm32f4-hal/stm32f4xx_hal_cortex.o
 .debug_abbrev  0x000007ca      0x204 ./system/src/stm32f4-hal/stm32f4xx_hal_gpio.o
 .debug_abbrev  0x000009ce      0x2d2 ./system/src/stm32f4-hal/stm32f4xx_hal_rcc.o
 .debug_abbrev  0x00000ca0      0x23d ./system/src/stm32f4-hal/stm32f4xx_hal_spi.o
 .debug_abbrev  0x00000edd       0x8e ./system/src/newlib/_exit.o
 .debug_abbrev  0x00000f6b       0xb9 ./system/src/newlib/_sbrk.o
 .debug_abbrev  0x00001024      0x1d4 ./system/src/newlib/_startup.o
 .debug_abbrev  0x000011f8      0x416 ./system/src/newlib/_syscalls.o
 .debug_abbrev  0x0000160e       0xab ./system/src/newlib/assert.o
 .debug_abbrev  0x000016b9      0x156 ./system/src/diag/Trace.o
 .debug_abbrev  0x0000180f      0x1b0 ./system/src/diag/trace_impl.o
 .debug_abbrev  0x000019bf       0xea ./system/src/cortexm/_initialize_hardware.o
 .debug_abbrev  0x00001aa9      0x286 ./system/src/cortexm/exception_handlers.o
 .debug_abbrev  0x00001d2f       0x12 ./system/src/cmsis/startup_stm32f401xe.o
 .debug_abbrev  0x00001d41       0x9d ./system/src/cmsis/vectors_stm32f401xe.o
 .debug_abbrev  0x00001dde      0x14c ./src/_initialize_hardware.o
 .debug_abbrev  0x00001f2a       0x97 ./src/bluenrg_interface.o
 .debug_abbrev  0x00001fc1       0xfa ./src/clock.o
 .debug_abbrev  0x000020bb       0xdb ./src/cube_hal_f4.o
 .debug_abbrev  0x00002196      0x28f ./src/main.o
 .debug_abbrev  0x00002425      0x2be ./src/sensor_service.o
 .debug_abbrev  0x000026e3      0x1a0 ./src/stm32f4xx_hal_msp.o
 .debug_abbrev  0x00002883       0xf4 ./src/stm32xx_it.o
 .debug_abbrev  0x00002977      0x104 ./src/system_stm32f4xx.o
 .debug_abbrev  0x00002a7b      0x192 ./bluenrg-stack/Middlewares/ST/STM32_BlueNRG/SimpleBlueNRG_HCI/utils/ble_list.o
 .debug_abbrev  0x00002c0d       0xef ./bluenrg-stack/Middlewares/ST/STM32_BlueNRG/SimpleBlueNRG_HCI/utils/gp_timer.o
 .debug_abbrev  0x00002cfc       0xb1 ./bluenrg-stack/Middlewares/ST/STM32_BlueNRG/SimpleBlueNRG_HCI/utils/osal.o
 .debug_abbrev  0x00002dad      0x1cf ./bluenrg-stack/Middlewares/ST/STM32_BlueNRG/SimpleBlueNRG_HCI/hci/controller/bluenrg_gap_aci.o
 .debug_abbrev  0x00002f7c      0x1b6 ./bluenrg-stack/Middlewares/ST/STM32_BlueNRG/SimpleBlueNRG_HCI/hci/controller/bluenrg_gatt_aci.o
 .debug_abbrev  0x00003132      0x175 ./bluenrg-stack/Middlewares/ST/STM32_BlueNRG/SimpleBlueNRG_HCI/hci/controller/bluenrg_hal_aci.o
 .debug_abbrev  0x000032a7      0x22c ./bluenrg-stack/Middlewares/ST/STM32_BlueNRG/SimpleBlueNRG_HCI/hci/controller/bluenrg_utils.o
 .debug_abbrev  0x000034d3      0x2e7 ./bluenrg-stack/Middlewares/ST/STM32_BlueNRG/SimpleBlueNRG_HCI/hci/hci.o
 .debug_abbrev  0x000037ba      0x2bb ./bluenrg-stack/BSP/X-NUCLEO-IDB04A1/stm32_bluenrg_ble.o
 .debug_abbrev  0x00003a75      0x299 ./bluenrg-stack/BSP/STM32F4xx-Nucleo/stm32f4xx_nucleo.o

.debug_line     0x00000000     0xf354
 *(.debug_line)
 .debug_line    0x00000000      0x6eb ./system/src/stm32f4-hal/stm32f4xx_hal.o
 .debug_line    0x000006eb      0xbc1 ./system/src/stm32f4-hal/stm32f4xx_hal_adc.o
 .debug_line    0x000012ac      0x7ce ./system/src/stm32f4-hal/stm32f4xx_hal_cortex.o
 .debug_line    0x00001a7a      0x805 ./system/src/stm32f4-hal/stm32f4xx_hal_gpio.o
 .debug_line    0x0000227f      0x99d ./system/src/stm32f4-hal/stm32f4xx_hal_rcc.o
 .debug_line    0x00002c1c      0xf41 ./system/src/stm32f4-hal/stm32f4xx_hal_spi.o
 .debug_line    0x00003b5d      0x2c0 ./system/src/newlib/_exit.o
 .debug_line    0x00003e1d      0x272 ./system/src/newlib/_sbrk.o
 .debug_line    0x0000408f      0x343 ./system/src/newlib/_startup.o
 .debug_line    0x000043d2      0x814 ./system/src/newlib/_syscalls.o
 .debug_line    0x00004be6      0x304 ./system/src/newlib/assert.o
 .debug_line    0x00004eea      0x32c ./system/src/diag/Trace.o
 .debug_line    0x00005216      0x61d ./system/src/diag/trace_impl.o
 .debug_line    0x00005833      0x58f ./system/src/cortexm/_initialize_hardware.o
 .debug_line    0x00005dc2      0x705 ./system/src/cortexm/exception_handlers.o
 .debug_line    0x000064c7       0x88 ./system/src/cmsis/startup_stm32f401xe.o
 .debug_line    0x0000654f      0x1cf ./system/src/cmsis/vectors_stm32f401xe.o
 .debug_line    0x0000671e      0x58a ./src/_initialize_hardware.o
 .debug_line    0x00006ca8      0x73e ./src/bluenrg_interface.o
 .debug_line    0x000073e6      0x68e ./src/clock.o
 .debug_line    0x00007a74      0x5f0 ./src/cube_hal_f4.o
 .debug_line    0x00008064      0x90d ./src/main.o
 .debug_line    0x00008971      0x9c3 ./src/sensor_service.o
 .debug_line    0x00009334      0x63a ./src/stm32f4xx_hal_msp.o
 .debug_line    0x0000996e      0x709 ./src/stm32xx_it.o
 .debug_line    0x0000a077      0x582 ./src/system_stm32f4xx.o
 .debug_line    0x0000a5f9      0x7d3 ./bluenrg-stack/Middlewares/ST/STM32_BlueNRG/SimpleBlueNRG_HCI/utils/ble_list.o
 .debug_line    0x0000adcc      0x2b9 ./bluenrg-stack/Middlewares/ST/STM32_BlueNRG/SimpleBlueNRG_HCI/utils/gp_timer.o
 .debug_line    0x0000b085      0x2f4 ./bluenrg-stack/Middlewares/ST/STM32_BlueNRG/SimpleBlueNRG_HCI/utils/osal.o
 .debug_line    0x0000b379      0x9c3 ./bluenrg-stack/Middlewares/ST/STM32_BlueNRG/SimpleBlueNRG_HCI/hci/controller/bluenrg_gap_aci.o
 .debug_line    0x0000bd3c      0x932 ./bluenrg-stack/Middlewares/ST/STM32_BlueNRG/SimpleBlueNRG_HCI/hci/controller/bluenrg_gatt_aci.o
 .debug_line    0x0000c66e      0x453 ./bluenrg-stack/Middlewares/ST/STM32_BlueNRG/SimpleBlueNRG_HCI/hci/controller/bluenrg_hal_aci.o
 .debug_line    0x0000cac1      0xb17 ./bluenrg-stack/Middlewares/ST/STM32_BlueNRG/SimpleBlueNRG_HCI/hci/controller/bluenrg_utils.o
 .debug_line    0x0000d5d8      0xce4 ./bluenrg-stack/Middlewares/ST/STM32_BlueNRG/SimpleBlueNRG_HCI/hci/hci.o
 .debug_line    0x0000e2bc      0x851 ./bluenrg-stack/BSP/X-NUCLEO-IDB04A1/stm32_bluenrg_ble.o
 .debug_line    0x0000eb0d      0x847 ./bluenrg-stack/BSP/STM32F4xx-Nucleo/stm32f4xx_nucleo.o

.debug_frame    0x00000000     0x3cfc
 *(.debug_frame)
 .debug_frame   0x00000000      0x188 ./system/src/stm32f4-hal/stm32f4xx_hal.o
 .debug_frame   0x00000188      0x27c ./system/src/stm32f4-hal/stm32f4xx_hal_adc.o
 .debug_frame   0x00000404      0x17c ./system/src/stm32f4-hal/stm32f4xx_hal_cortex.o
 .debug_frame   0x00000580       0xf8 ./system/src/stm32f4-hal/stm32f4xx_hal_gpio.o
 .debug_frame   0x00000678      0x150 ./system/src/stm32f4-hal/stm32f4xx_hal_rcc.o
 .debug_frame   0x000007c8      0x508 ./system/src/stm32f4-hal/stm32f4xx_hal_spi.o
 .debug_frame   0x00000cd0       0x38 ./system/src/newlib/_exit.o
 .debug_frame   0x00000d08       0x28 ./system/src/newlib/_sbrk.o
 .debug_frame   0x00000d30       0x7c ./system/src/newlib/_startup.o
 .debug_frame   0x00000dac      0x3d8 ./system/src/newlib/_syscalls.o
 .debug_frame   0x00001184       0x40 ./system/src/newlib/assert.o
 .debug_frame   0x000011c4       0x94 ./system/src/diag/Trace.o
 .debug_frame   0x00001258       0x5c ./system/src/diag/trace_impl.o
 .debug_frame   0x000012b4       0x40 ./system/src/cortexm/_initialize_hardware.o
 .debug_frame   0x000012f4      0x164 ./system/src/cortexm/exception_handlers.o
 .debug_frame   0x00001458       0x20 ./system/src/cmsis/vectors_stm32f401xe.o
 .debug_frame   0x00001478       0x4c ./src/_initialize_hardware.o
 .debug_frame   0x000014c4       0x28 ./src/bluenrg_interface.o
 .debug_frame   0x000014ec       0x50 ./src/clock.o
 .debug_frame   0x0000153c       0x30 ./src/cube_hal_f4.o
 .debug_frame   0x0000156c       0x94 ./src/main.o
 .debug_frame   0x00001600      0x1f4 ./src/sensor_service.o
 .debug_frame   0x000017f4       0x7c ./src/stm32f4xx_hal_msp.o
 .debug_frame   0x00001870       0xa8 ./src/stm32xx_it.o
 .debug_frame   0x00001918       0x30 ./src/system_stm32f4xx.o
 .debug_frame   0x00001948       0xe8 ./bluenrg-stack/Middlewares/ST/STM32_BlueNRG/SimpleBlueNRG_HCI/utils/ble_list.o
 .debug_frame   0x00001a30       0x80 ./bluenrg-stack/Middlewares/ST/STM32_BlueNRG/SimpleBlueNRG_HCI/utils/gp_timer.o
 .debug_frame   0x00001ab0       0x40 ./bluenrg-stack/Middlewares/ST/STM32_BlueNRG/SimpleBlueNRG_HCI/utils/osal.o
 .debug_frame   0x00001af0      0x520 ./bluenrg-stack/Middlewares/ST/STM32_BlueNRG/SimpleBlueNRG_HCI/hci/controller/bluenrg_gap_aci.o
 .debug_frame   0x00002010      0x5b8 ./bluenrg-stack/Middlewares/ST/STM32_BlueNRG/SimpleBlueNRG_HCI/hci/controller/bluenrg_gatt_aci.o
 .debug_frame   0x000025c8      0x154 ./bluenrg-stack/Middlewares/ST/STM32_BlueNRG/SimpleBlueNRG_HCI/hci/controller/bluenrg_hal_aci.o
 .debug_frame   0x0000271c      0x180 ./bluenrg-stack/Middlewares/ST/STM32_BlueNRG/SimpleBlueNRG_HCI/hci/controller/bluenrg_utils.o
 .debug_frame   0x0000289c      0x534 ./bluenrg-stack/Middlewares/ST/STM32_BlueNRG/SimpleBlueNRG_HCI/hci/hci.o
 .debug_frame   0x00002dd0      0x18c ./bluenrg-stack/BSP/X-NUCLEO-IDB04A1/stm32_bluenrg_ble.o
 .debug_frame   0x00002f5c      0x33c ./bluenrg-stack/BSP/STM32F4xx-Nucleo/stm32f4xx_nucleo.o
 .debug_frame   0x00003298       0x2c c:/stm32toolchain/gcc-arm/bin/../lib/gcc/arm-none-eabi/5.4.1/armv7e-m\libgcc.a(_aeabi_uldivmod.o)
 .debug_frame   0x000032c4       0x34 c:/stm32toolchain/gcc-arm/bin/../lib/gcc/arm-none-eabi/5.4.1/armv7e-m\libgcc.a(_udivmoddi4.o)
 .debug_frame   0x000032f8       0x20 c:/stm32toolchain/gcc-arm/bin/../lib/gcc/arm-none-eabi/5.4.1/../../../../arm-none-eabi/lib/armv7e-m\libg_nano.a(lib_a-errno.o)
 .debug_frame   0x00003318      0x11c c:/stm32toolchain/gcc-arm/bin/../lib/gcc/arm-none-eabi/5.4.1/../../../../arm-none-eabi/lib/armv7e-m\libg_nano.a(lib_a-findfp.o)
 .debug_frame   0x00003434       0x54 c:/stm32toolchain/gcc-arm/bin/../lib/gcc/arm-none-eabi/5.4.1/../../../../arm-none-eabi/lib/armv7e-m\libg_nano.a(lib_a-fwalk.o)
 .debug_frame   0x00003488       0x88 c:/stm32toolchain/gcc-arm/bin/../lib/gcc/arm-none-eabi/5.4.1/../../../../arm-none-eabi/lib/armv7e-m\libg_nano.a(lib_a-locale.o)
 .debug_frame   0x00003510       0x44 c:/stm32toolchain/gcc-arm/bin/../lib/gcc/arm-none-eabi/5.4.1/../../../../arm-none-eabi/lib/armv7e-m\libg_nano.a(lib_a-mbtowc_r.o)
 .debug_frame   0x00003554       0x28 c:/stm32toolchain/gcc-arm/bin/../lib/gcc/arm-none-eabi/5.4.1/../../../../arm-none-eabi/lib/armv7e-m\libg_nano.a(lib_a-memcpy-stub.o)
 .debug_frame   0x0000357c       0x20 c:/stm32toolchain/gcc-arm/bin/../lib/gcc/arm-none-eabi/5.4.1/../../../../arm-none-eabi/lib/armv7e-m\libg_nano.a(lib_a-memset.o)
 .debug_frame   0x0000359c       0x2c c:/stm32toolchain/gcc-arm/bin/../lib/gcc/arm-none-eabi/5.4.1/../../../../arm-none-eabi/lib/armv7e-m\libg_nano.a(lib_a-nano-mallocr.o)
 .debug_frame   0x000035c8       0x74 c:/stm32toolchain/gcc-arm/bin/../lib/gcc/arm-none-eabi/5.4.1/../../../../arm-none-eabi/lib/armv7e-m\libg_nano.a(lib_a-printf.o)
 .debug_frame   0x0000363c       0x3c c:/stm32toolchain/gcc-arm/bin/../lib/gcc/arm-none-eabi/5.4.1/../../../../arm-none-eabi/lib/armv7e-m\libg_nano.a(lib_a-puts.o)
 .debug_frame   0x00003678       0x44 c:/stm32toolchain/gcc-arm/bin/../lib/gcc/arm-none-eabi/5.4.1/../../../../arm-none-eabi/lib/armv7e-m\libg_nano.a(lib_a-rand.o)
 .debug_frame   0x000036bc       0x2c c:/stm32toolchain/gcc-arm/bin/../lib/gcc/arm-none-eabi/5.4.1/../../../../arm-none-eabi/lib/armv7e-m\libg_nano.a(lib_a-sbrkr.o)