Archive member included to satisfy reference by file (symbol)

c:/stm32toolchain/gcc-arm/bin/../lib/gcc/arm-none-eabi/5.4.1/../../../../arm-none-eabi/lib/armv7e-m\libm.a(lib_a-s_trunc.o)
                              ./src/main.o (trunc)
c:/stm32toolchain/gcc-arm/bin/../lib/gcc/arm-none-eabi/5.4.1/armv7e-m\libgcc.a(_arm_addsubdf3.o)
                              c:/stm32toolchain/gcc-arm/bin/../lib/gcc/arm-none-eabi/5.4.1/../../../../arm-none-eabi/lib/armv7e-m\libm.a(lib_a-s_trunc.o) (__aeabi_dadd)
c:/stm32toolchain/gcc-arm/bin/../lib/gcc/arm-none-eabi/5.4.1/armv7e-m\libgcc.a(_arm_addsubsf3.o)
                              ./src/main.o (__aeabi_fsub)
c:/stm32toolchain/gcc-arm/bin/../lib/gcc/arm-none-eabi/5.4.1/armv7e-m\libgcc.a(_arm_muldivsf3.o)
                              ./src/main.o (__aeabi_fmul)
c:/stm32toolchain/gcc-arm/bin/../lib/gcc/arm-none-eabi/5.4.1/armv7e-m\libgcc.a(_arm_fixsfsi.o)
                              ./src/main.o (__aeabi_f2iz)
c:/stm32toolchain/gcc-arm/bin/../lib/gcc/arm-none-eabi/5.4.1/armv7e-m\libgcc.a(unwind-arm.o)
                              ./system/src/newlib/_cxx.o (__aeabi_unwind_cpp_pr1)
c:/stm32toolchain/gcc-arm/bin/../lib/gcc/arm-none-eabi/5.4.1/armv7e-m\libgcc.a(libunwind.o)
                              c:/stm32toolchain/gcc-arm/bin/../lib/gcc/arm-none-eabi/5.4.1/armv7e-m\libgcc.a(unwind-arm.o) (restore_core_regs)
c:/stm32toolchain/gcc-arm/bin/../lib/gcc/arm-none-eabi/5.4.1/armv7e-m\libgcc.a(pr-support.o)
                              c:/stm32toolchain/gcc-arm/bin/../lib/gcc/arm-none-eabi/5.4.1/armv7e-m\libgcc.a(unwind-arm.o) (__gnu_unwind_execute)
c:/stm32toolchain/gcc-arm/bin/../lib/gcc/arm-none-eabi/5.4.1/../../../../arm-none-eabi/lib/armv7e-m\libg_nano.a(lib_a-errno.o)
                              ./system/src/newlib/_sbrk.o (__errno)
c:/stm32toolchain/gcc-arm/bin/../lib/gcc/arm-none-eabi/5.4.1/../../../../arm-none-eabi/lib/armv7e-m\libg_nano.a(lib_a-impure.o)
                              c:/stm32toolchain/gcc-arm/bin/../lib/gcc/arm-none-eabi/5.4.1/../../../../arm-none-eabi/lib/armv7e-m\libg_nano.a(lib_a-errno.o) (_impure_ptr)
c:/stm32toolchain/gcc-arm/bin/../lib/gcc/arm-none-eabi/5.4.1/../../../../arm-none-eabi/lib/armv7e-m\libg_nano.a(lib_a-init.o)
                              ./system/src/cmsis/startup_stm32f401xe.o (__libc_init_array)
c:/stm32toolchain/gcc-arm/bin/../lib/gcc/arm-none-eabi/5.4.1/../../../../arm-none-eabi/lib/armv7e-m\libg_nano.a(lib_a-memcpy-stub.o)
                              c:/stm32toolchain/gcc-arm/bin/../lib/gcc/arm-none-eabi/5.4.1/armv7e-m\libgcc.a(unwind-arm.o) (memcpy)
c:/stm32toolchain/gcc-arm/bin/../lib/gcc/arm-none-eabi/5.4.1/../../../../arm-none-eabi/lib/armv7e-m\libg_nano.a(lib_a-sprintf.o)
                              ./src/main.o (sprintf)
c:/stm32toolchain/gcc-arm/bin/../lib/gcc/arm-none-eabi/5.4.1/../../../../arm-none-eabi/lib/armv7e-m\libg_nano.a(lib_a-strlen.o)
                              ./system/src/diag/Trace.o (strlen)
c:/stm32toolchain/gcc-arm/bin/../lib/gcc/arm-none-eabi/5.4.1/../../../../arm-none-eabi/lib/armv7e-m\libg_nano.a(lib_a-vsnprintf.o)
                              ./system/src/diag/Trace.o (vsnprintf)
c:/stm32toolchain/gcc-arm/bin/../lib/gcc/arm-none-eabi/5.4.1/../../../../arm-none-eabi/lib/armv7e-m\libg_nano.a(lib_a-nano-svfprintf.o)
                              c:/stm32toolchain/gcc-arm/bin/../lib/gcc/arm-none-eabi/5.4.1/../../../../arm-none-eabi/lib/armv7e-m\libg_nano.a(lib_a-sprintf.o) (_svfprintf_r)
c:/stm32toolchain/gcc-arm/bin/../lib/gcc/arm-none-eabi/5.4.1/../../../../arm-none-eabi/lib/armv7e-m\libg_nano.a(lib_a-nano-vfprintf_i.o)
                              c:/stm32toolchain/gcc-arm/bin/../lib/gcc/arm-none-eabi/5.4.1/../../../../arm-none-eabi/lib/armv7e-m\libg_nano.a(lib_a-nano-svfprintf.o) (_printf_i)
c:/stm32toolchain/gcc-arm/bin/../lib/gcc/arm-none-eabi/5.4.1/../../../../arm-none-eabi/lib/armv7e-m\libg_nano.a(lib_a-memchr.o)
                              c:/stm32toolchain/gcc-arm/bin/../lib/gcc/arm-none-eabi/5.4.1/../../../../arm-none-eabi/lib/armv7e-m\libg_nano.a(lib_a-nano-svfprintf.o) (memchr)
c:/stm32toolchain/gcc-arm/bin/../lib/gcc/arm-none-eabi/5.4.1/../../../../arm-none-eabi/lib/armv7e-m\libg_nano.a(lib_a-memmove.o)
                              c:/stm32toolchain/gcc-arm/bin/../lib/gcc/arm-none-eabi/5.4.1/../../../../arm-none-eabi/lib/armv7e-m\libg_nano.a(lib_a-nano-svfprintf.o) (memmove)
c:/stm32toolchain/gcc-arm/bin/../lib/gcc/arm-none-eabi/5.4.1/../../../../arm-none-eabi/lib/armv7e-m\libg_nano.a(lib_a-nano-freer.o)
                              c:/stm32toolchain/gcc-arm/bin/../lib/gcc/arm-none-eabi/5.4.1/../../../../arm-none-eabi/lib/armv7e-m\libg_nano.a(lib_a-nano-svfprintf.o) (_free_r)
c:/stm32toolchain/gcc-arm/bin/../lib/gcc/arm-none-eabi/5.4.1/../../../../arm-none-eabi/lib/armv7e-m\libg_nano.a(lib_a-nano-mallocr.o)
[...]
Memory Configuration

Name             Origin             Length             Attributes
FLASH            0x08000000         0x00080000         xr
RAM              0x20000000         0x00018000         xrw
CCMRAM           0x10000000         0x00000000         xrw
FLASHB1          0x00000000         0x00000000         xr
EXTMEMB0         0x00000000         0x00000000         xr
EXTMEMB1         0x00000000         0x00000000         xr
EXTMEMB2         0x00000000         0x00000000         xr
EXTMEMB3         0x00000000         0x00000000         xr
*default*        0x00000000         0xffffffff

Linker script and memory map

LOAD ./system/src/stm32f4xx/stm32f4xx_hal.o
LOAD ./system/src/stm32f4xx/stm32f4xx_hal_adc.o
LOAD ./system/src/stm32f4xx/stm32f4xx_hal_adc_ex.o
LOAD ./system/src/stm32f4xx/stm32f4xx_hal_cortex.o
LOAD ./system/src/stm32f4xx/stm32f4xx_hal_dma.o
LOAD ./system/src/stm32f4xx/stm32f4xx_hal_dma_ex.o
LOAD ./system/src/stm32f4xx/stm32f4xx_hal_flash.o
LOAD ./system/src/stm32f4xx/stm32f4xx_hal_flash_ex.o
LOAD ./system/src/stm32f4xx/stm32f4xx_hal_flash_ramfunc.o
LOAD ./system/src/stm32f4xx/stm32f4xx_hal_gpio.o
LOAD ./system/src/stm32f4xx/stm32f4xx_hal_pwr.o
LOAD ./system/src/stm32f4xx/stm32f4xx_hal_pwr_ex.o
LOAD ./system/src/stm32f4xx/stm32f4xx_hal_rcc.o
LOAD ./system/src/stm32f4xx/stm32f4xx_hal_rcc_ex.o
LOAD ./system/src/stm32f4xx/stm32f4xx_hal_tim.o
LOAD ./system/src/stm32f4xx/stm32f4xx_hal_tim_ex.o
LOAD ./system/src/stm32f4xx/stm32f4xx_hal_uart.o
LOAD ./system/src/newlib/_cxx.o
LOAD ./system/src/newlib/_exit.o
LOAD ./system/src/newlib/_sbrk.o
LOAD ./system/src/newlib/_startup.o
LOAD ./system/src/newlib/_syscalls.o
LOAD ./system/src/newlib/assert.o
LOAD ./system/src/diag/Trace.o
LOAD ./system/src/diag/trace_impl.o
LOAD ./system/src/cortexm/_initialize_hardware.o
LOAD ./system/src/cortexm/_reset_hardware.o
LOAD ./system/src/cortexm/exception_handlers.o
LOAD ./system/src/cmsis/startup_stm32f401xe.o
LOAD ./system/src/cmsis/system_stm32f4xx.o
LOAD ./src/_write.o
LOAD ./src/main.o
LOAD ./src/stm32f4xx_hal_msp.o
LOAD ./src/stm32f4xx_it.o
LOAD c:/stm32toolchain/gcc-arm/bin/../lib/gcc/arm-none-eabi/5.4.1/../../../../arm-none-eabi/lib/armv7e-m\libstdc++_nano.a
LOAD c:/stm32toolchain/gcc-arm/bin/../lib/gcc/arm-none-eabi/5.4.1/../../../../arm-none-eabi/lib/armv7e-m\libm.a
START GROUP
LOAD c:/stm32toolchain/gcc-arm/bin/../lib/gcc/arm-none-eabi/5.4.1/armv7e-m\libgcc.a
LOAD c:/stm32toolchain/gcc-arm/bin/../lib/gcc/arm-none-eabi/5.4.1/../../../../arm-none-eabi/lib/armv7e-m\libg_nano.a
LOAD c:/stm32toolchain/gcc-arm/bin/../lib/gcc/arm-none-eabi/5.4.1/../../../../arm-none-eabi/lib/armv7e-m\libc_nano.a
END GROUP
START GROUP
LOAD c:/stm32toolchain/gcc-arm/bin/../lib/gcc/arm-none-eabi/5.4.1/armv7e-m\libgcc.a
LOAD c:/stm32toolchain/gcc-arm/bin/../lib/gcc/arm-none-eabi/5.4.1/../../../../arm-none-eabi/lib/armv7e-m\libc_nano.a
END GROUP
                0x20018000                __stack = (ORIGIN (RAM) + LENGTH (RAM))
                0x20018000                _estack = __stack
                0x00000400                __Main_Stack_Size = 0x400
                [!provide]                PROVIDE (_Main_Stack_Size, __Main_Stack_Size)
                0x20017c00                __Main_Stack_Limit = (__stack - __Main_Stack_Size)
                [!provide]                PROVIDE (_Main_Stack_Limit, __Main_Stack_Limit)
                0x00000100                _Minimum_Stack_Size = 0x100
                0x200001a0                PROVIDE (_Heap_Begin, _end_noinit)
                0x20017c00                PROVIDE (_Heap_Limit, (__stack - __Main_Stack_Size))

.isr_vector     0x08000000      0x3ac
 FILL mask 0xff
                0x08000000                __vectors_start = ABSOLUTE (.)
                0x08000000                __vectors_start__ = ABSOLUTE (.)
 *(.isr_vector)
 .isr_vector    0x08000000      0x194 ./system/src/cmsis/startup_stm32f401xe.o
                0x08000000                g_pfnVectors
 *(.cfmconfig)
 *(.after_vectors .after_vectors.*)
 .after_vectors
                0x08000194      0x114 ./system/src/newlib/_startup.o
                0x08000194                _start
 .after_vectors
                0x080002a8      0x104 ./system/src/cortexm/exception_handlers.o
                0x080002a8                Reset_Handler
                0x080002b0                NMI_Handler
                0x080002b4                HardFault_Handler
                0x080002c8                HardFault_Handler_C
                0x080002fc                MemManage_Handler
                0x08000300                BusFault_Handler
                0x08000314                BusFault_Handler_C
                0x08000348                UsageFault_Handler
                0x0800035c                UsageFault_Handler_C
                0x08000390                SVC_Handler
                0x08000394                DebugMon_Handler
                0x08000398                PendSV_Handler

.inits          0x080003ac       0x28
                0x080003ac                __data_regions_array_start = .
                0x080003ac        0x4 LONG 0x8003244 LOADADDR (.data)
                0x080003b0        0x4 LONG 0x20000000 ADDR (.data)
                0x080003b4        0x4 LONG 0x20000078 (ADDR (.data) + SIZEOF (.data))
                0x080003b8        0x4 LONG 0x8003244 LOADADDR (.data_CCMRAM)
                0x080003bc        0x4 LONG 0x10000000 ADDR (.data_CCMRAM)
                0x080003c0        0x4 LONG 0x10000000 (ADDR (.data_CCMRAM) + SIZEOF (.data_CCMRAM))
                0x080003c4                __data_regions_array_end = .
                0x080003c4                __bss_regions_array_start = .
                0x080003c4        0x4 LONG 0x20000078 ADDR (.bss)
                0x080003c8        0x4 LONG 0x200001a0 (ADDR (.bss) + SIZEOF (.bss))
                0x080003cc        0x4 LONG 0x10000000 ADDR (.bss_CCMRAM)
                0x080003d0        0x4 LONG 0x10000000 (ADDR (.bss_CCMRAM) + SIZEOF (.bss_CCMRAM))
                0x080003d4                __bss_regions_array_end = .
 *(.init)
 *(.fini)
                0x080003d4                . = ALIGN (0x4)
                0x080003d4                PROVIDE (__preinit_array_start, .)
 *(.preinit_array_sysinit .preinit_array_sysinit.*)
 *(.preinit_array_platform .preinit_array_platform.*)
 *(.preinit_array .preinit_array.*)
                0x080003d4                PROVIDE (__preinit_array_end, .)
                0x080003d4                . = ALIGN (0x4)
                0x080003d4                PROVIDE (__init_array_start, .)
 *(SORT(.init_array.*))
 *(.init_array)
                0x080003d4                PROVIDE (__init_array_end, .)
                0x080003d4                . = ALIGN (0x4)
                0x080003d4                PROVIDE (__fini_array_start, .)
 *(SORT(.fini_array.*))
 *(.fini_array)
                0x080003d4                PROVIDE (__fini_array_end, .)

.flashtext
 *(.flashtext .flashtext.*)

.text           0x080003e0     0x2e63
 *(.text .text.*)
 .text.HAL_InitTick
                0x080003e0       0x2c ./system/src/stm32f4xx/stm32f4xx_hal.o
                0x080003e0                HAL_InitTick
 .text.HAL_Init
                0x0800040c       0x34 ./system/src/stm32f4xx/stm32f4xx_hal.o
                0x0800040c                HAL_Init
 .text.HAL_IncTick
                0x08000440       0x10 ./system/src/stm32f4xx/stm32f4xx_hal.o
                0x08000440                HAL_IncTick
 .text.HAL_GetTick
                0x08000450        0xc ./system/src/stm32f4xx/stm32f4xx_hal.o
                0x08000450                HAL_GetTick
 .text.HAL_SuspendTick
                0x0800045c       0x10 ./system/src/stm32f4xx/stm32f4xx_hal.o
                0x0800045c                HAL_SuspendTick
 .text.ADC_Init
                0x0800046c      0x138 ./system/src/stm32f4xx/stm32f4xx_hal_adc.o
 .text.HAL_ADC_Init
                0x080005a4       0x54 ./system/src/stm32f4xx/stm32f4xx_hal_adc.o
                0x080005a4                HAL_ADC_Init
 .text.HAL_ADC_Start
                0x080005f8       0xf8 ./system/src/stm32f4xx/stm32f4xx_hal_adc.o
                0x080005f8                HAL_ADC_Start
 .text.HAL_ADC_Stop
                0x080006f0       0x40 ./system/src/stm32f4xx/stm32f4xx_hal_adc.o
                0x080006f0                HAL_ADC_Stop
 .text.HAL_ADC_GetValue
                0x08000730        0x8 ./system/src/stm32f4xx/stm32f4xx_hal_adc.o
                0x08000730                HAL_ADC_GetValue
 .text.HAL_ADC_ConfigChannel
                0x08000738      0x18c ./system/src/stm32f4xx/stm32f4xx_hal_adc.o
                0x08000738                HAL_ADC_ConfigChannel
 .text.HAL_NVIC_SetPriorityGrouping
                0x080008c4       0x24 ./system/src/stm32f4xx/stm32f4xx_hal_cortex.o
                0x080008c4                HAL_NVIC_SetPriorityGrouping
 .text.HAL_NVIC_SetPriority
                0x080008e8       0x64 ./system/src/stm32f4xx/stm32f4xx_hal_cortex.o
                0x080008e8                HAL_NVIC_SetPriority
 .text.HAL_NVIC_EnableIRQ
                0x0800094c       0x18 ./system/src/stm32f4xx/stm32f4xx_hal_cortex.o
                0x0800094c                HAL_NVIC_EnableIRQ
 .text.HAL_SYSTICK_Config
                0x08000964       0x2c ./system/src/stm32f4xx/stm32f4xx_hal_cortex.o
                0x08000964                HAL_SYSTICK_Config
 .text.HAL_SYSTICK_CLKSourceConfig
                0x08000990       0x20 ./system/src/stm32f4xx/stm32f4xx_hal_cortex.o
                0x08000990                HAL_SYSTICK_CLKSourceConfig
 .text.HAL_SYSTICK_Callback
                0x080009b0        0x4 ./system/src/stm32f4xx/stm32f4xx_hal_cortex.o
                0x080009b0                HAL_SYSTICK_Callback
 .text.HAL_SYSTICK_IRQHandler
                0x080009b4        0x8 ./system/src/stm32f4xx/stm32f4xx_hal_cortex.o
                0x080009b4                HAL_SYSTICK_IRQHandler
 .text.HAL_GPIO_Init
                0x080009bc      0x19c ./system/src/stm32f4xx/stm32f4xx_hal_gpio.o
                0x080009bc                HAL_GPIO_Init
 .text.HAL_GPIO_DeInit
                0x08000b58       0xf4 ./system/src/stm32f4xx/stm32f4xx_hal_gpio.o
                0x08000b58                HAL_GPIO_DeInit
 .text.HAL_GPIO_WritePin
                0x08000c4c        0xc ./system/src/stm32f4xx/stm32f4xx_hal_gpio.o
                0x08000c4c                HAL_GPIO_WritePin
 .text.HAL_GPIO_TogglePin
                0x08000c58        0x8 ./system/src/stm32f4xx/stm32f4xx_hal_gpio.o
                0x08000c58                HAL_GPIO_TogglePin
 .text.HAL_PWR_EnableSleepOnExit
                0x08000c60       0x10 ./system/src/stm32f4xx/stm32f4xx_hal_pwr.o
                0x08000c60                HAL_PWR_EnableSleepOnExit
 .text.HAL_RCC_OscConfig
                0x08000c70      0x368 ./system/src/stm32f4xx/stm32f4xx_hal_rcc.o
                0x08000c70                HAL_RCC_OscConfig
 .text.HAL_RCC_GetSysClockFreq
                0x08000fd8       0xa0 ./system/src/stm32f4xx/stm32f4xx_hal_rcc.o
                0x08000fd8                HAL_RCC_GetSysClockFreq
 .text.HAL_RCC_ClockConfig
                0x08001078      0x1b0 ./system/src/stm32f4xx/stm32f4xx_hal_rcc.o
                0x08001078                HAL_RCC_ClockConfig
 .text.HAL_RCC_GetHCLKFreq
                0x08001228        0xc ./system/src/stm32f4xx/stm32f4xx_hal_rcc.o
                0x08001228                HAL_RCC_GetHCLKFreq
 .text.HAL_RCC_GetPCLK1Freq
                0x08001234       0x30 ./system/src/stm32f4xx/stm32f4xx_hal_rcc.o
                0x08001234                HAL_RCC_GetPCLK1Freq
 .text.HAL_RCC_GetPCLK2Freq
                0x08001264       0x30 ./system/src/stm32f4xx/stm32f4xx_hal_rcc.o
                0x08001264                HAL_RCC_GetPCLK2Freq
 .text.UART_SetConfig
                0x08001294      0x32c ./system/src/stm32f4xx/stm32f4xx_hal_uart.o
 .text.UART_WaitOnFlagUntilTimeout
                0x080015c0       0x68 ./system/src/stm32f4xx/stm32f4xx_hal_uart.o
 .text.HAL_UART_Init
                0x08001628       0x64 ./system/src/stm32f4xx/stm32f4xx_hal_uart.o
                0x08001628                HAL_UART_Init
 .text.HAL_UART_DeInit
                0x0800168c       0x28 ./system/src/stm32f4xx/stm32f4xx_hal_uart.o
                0x0800168c                HAL_UART_DeInit
 .text.HAL_UART_Transmit
                0x080016b4       0xe4 ./system/src/stm32f4xx/stm32f4xx_hal_uart.o
                0x080016b4                HAL_UART_Transmit
 .text._exit    0x08001798        0x4 ./system/src/newlib/_exit.o
                0x08001798                _exit
 .text._sbrk    0x0800179c       0x44 ./system/src/newlib/_sbrk.o
                0x0800179c                _sbrk
 .text.__initialize_args
                0x080017e0       0x10 ./system/src/newlib/_syscalls.o
                0x080017e0                __initialize_args
 .text.trace_printf
                0x080017f0       0x30 ./system/src/diag/Trace.o
                0x080017f0                trace_printf
 .text.trace_write
                0x08001820        0x8 ./system/src/diag/trace_impl.o
                0x08001820                trace_write
 .text.__initialize_hardware_early
                0x08001828       0x18 ./system/src/cortexm/_initialize_hardware.o
                0x08001828                __initialize_hardware_early
 .text.__initialize_hardware
                0x08001840        0x8 ./system/src/cortexm/_initialize_hardware.o
                0x08001840                __initialize_hardware
 .text.dumpExceptionStack
                0x08001848       0xf0 ./system/src/cortexm/exception_handlers.o
                0x08001848                dumpExceptionStack
 .text.Default_Handler
                0x08001938        0x2 ./system/src/cmsis/startup_stm32f401xe.o
                0x08001938                RTC_Alarm_IRQHandler
                0x08001938                EXTI2_IRQHandler
                0x08001938                SPI4_IRQHandler
                0x08001938                TIM1_CC_IRQHandler
                0x08001938                DMA2_Stream5_IRQHandler
                0x08001938                DMA1_Stream5_IRQHandler
                0x08001938                PVD_IRQHandler
                0x08001938                SDIO_IRQHandler
                0x08001938                TAMP_STAMP_IRQHandler
                0x08001938                EXTI3_IRQHandler
                0x08001938                TIM1_UP_TIM10_IRQHandler
                0x08001938                I2C3_ER_IRQHandler
                0x08001938                EXTI0_IRQHandler
                0x08001938                I2C2_EV_IRQHandler
                0x08001938                DMA1_Stream2_IRQHandler
                0x08001938                FPU_IRQHandler
                0x08001938                DMA2_Stream2_IRQHandler
                0x08001938                SPI1_IRQHandler
                0x08001938                TIM1_BRK_TIM9_IRQHandler
                0x08001938                DMA2_Stream3_IRQHandler
                0x08001938                USART6_IRQHandler
                0x08001938                DMA2_Stream0_IRQHandler
                0x08001938                TIM4_IRQHandler
                0x08001938                I2C1_EV_IRQHandler
                0x08001938                DMA1_Stream6_IRQHandler
                0x08001938                DMA1_Stream1_IRQHandler
                0x08001938                TIM3_IRQHandler
                0x08001938                RCC_IRQHandler
                0x08001938                Default_Handler
                0x08001938                ADC_IRQHandler
                0x08001938                DMA1_Stream7_IRQHandler
                0x08001938                TIM5_IRQHandler
                0x08001938                DMA2_Stream7_IRQHandler
                0x08001938                I2C3_EV_IRQHandler
                0x08001938                EXTI9_5_IRQHandler
                0x08001938                RTC_WKUP_IRQHandler
                0x08001938                SPI2_IRQHandler
                0x08001938                DMA1_Stream0_IRQHandler
                0x08001938                EXTI4_IRQHandler
                0x08001938                WWDG_IRQHandler
                0x08001938                TIM2_IRQHandler
                0x08001938                OTG_FS_WKUP_IRQHandler
                0x08001938                TIM1_TRG_COM_TIM11_IRQHandler
                0x08001938                EXTI1_IRQHandler
                0x08001938                USART2_IRQHandler
                0x08001938                I2C2_ER_IRQHandler
                0x08001938                DMA2_Stream1_IRQHandler
                0x08001938                FLASH_IRQHandler
                0x08001938                DMA2_Stream4_IRQHandler
                0x08001938                USART1_IRQHandler
                0x08001938                OTG_FS_IRQHandler
                0x08001938                SPI3_IRQHandler
                0x08001938                DMA1_Stream4_IRQHandler
                0x08001938                I2C1_ER_IRQHandler
                0x08001938                DMA2_Stream6_IRQHandler
                0x08001938                DMA1_Stream3_IRQHandler
 *fill*         0x0800193a        0x2 
 .text.SystemInit
                0x0800193c       0x40 ./system/src/cmsis/system_stm32f4xx.o
                0x0800193c                SystemInit
 .text.SystemCoreClockUpdate
                0x0800197c       0xa0 ./system/src/cmsis/system_stm32f4xx.o
                0x0800197c                SystemCoreClockUpdate
 .text.MX_GPIO_Init
                0x08001a1c       0x88 ./src/main.o
 .text.Error_Handler
                0x08001aa4        0x4 ./src/main.o
                0x08001aa4                Error_Handler
 .text.MX_ADC1_Init
                0x08001aa8       0x5c ./src/main.o
 .text.MX_USART2_UART_Init
                0x08001b04       0x34 ./src/main.o
 .text.EXTI15_10_IRQHandler
                0x08001b38       0xd8 ./src/main.o
                0x08001b38                EXTI15_10_IRQHandler
 .text.SystemClock_Config
                0x08001c10       0xb4 ./src/main.o
                0x08001c10                SystemClock_Config
 .text.main     0x08001cc4       0x20 ./src/main.o
                0x08001cc4                main
 .text.HAL_MspInit
                0x08001ce4       0x60 ./src/stm32f4xx_hal_msp.o
                0x08001ce4                HAL_MspInit
 .text.HAL_ADC_MspInit
                0x08001d44       0x48 ./src/stm32f4xx_hal_msp.o
                0x08001d44                HAL_ADC_MspInit
 .text.HAL_UART_MspInit
                0x08001d8c       0x50 ./src/stm32f4xx_hal_msp.o
                0x08001d8c                HAL_UART_MspInit
 .text.HAL_UART_MspDeInit
                0x08001ddc       0x2c ./src/stm32f4xx_hal_msp.o
                0x08001ddc                HAL_UART_MspDeInit
 .text.SysTick_Handler
                0x08001e08        0xc ./src/stm32f4xx_it.o
                0x08001e08                SysTick_Handler
 .text.trunc    0x08001e14       0x64 c:/stm32toolchain/gcc-arm/bin/../lib/gcc/arm-none-eabi/5.4.1/../../../../arm-none-eabi/lib/armv7e-m\libm.a(lib_a-s_trunc.o)
                0x08001e14                trunc
 .text          0x08001e78      0x370 c:/stm32toolchain/gcc-arm/bin/../lib/gcc/arm-none-eabi/5.4.1/armv7e-m\libgcc.a(_arm_addsubdf3.o)
                0x08001e78                __aeabi_drsub
                0x08001e80                __aeabi_dsub
                0x08001e80                __subdf3
                0x08001e84                __aeabi_dadd
                0x08001e84                __adddf3
                0x080020fc                __floatunsidf
                0x080020fc                __aeabi_ui2d
                0x0800211c                __floatsidf
                0x0800211c                __aeabi_i2d
                0x08002140                __aeabi_f2d
                0x08002140                __extendsfdf2
                0x0800217c                __floatundidf
                0x0800217c                __aeabi_ul2d
                0x0800218c                __floatdidf
                0x0800218c                __aeabi_l2d
 .text          0x080021e8      0x21c c:/stm32toolchain/gcc-arm/bin/../lib/gcc/arm-none-eabi/5.4.1/armv7e-m\libgcc.a(_arm_addsubsf3.o)
                0x080021e8                __aeabi_frsub
                0x080021f0                __subsf3
                0x080021f0                __aeabi_fsub
                0x080021f4                __aeabi_fadd
                0x080021f4                __addsf3
                0x08002354                __aeabi_ui2f
                0x08002354                __floatunsisf
                0x0800235c                __aeabi_i2f
                0x0800235c                __floatsisf
                0x08002378                __aeabi_ul2f
                0x08002378                __floatundisf
                0x08002388                __aeabi_l2f
                0x08002388                __floatdisf
 .text          0x08002404      0x2a0 c:/stm32toolchain/gcc-arm/bin/../lib/gcc/arm-none-eabi/5.4.1/armv7e-m\libgcc.a(_arm_muldivsf3.o)
                0x08002404                __mulsf3
                0x08002404                __aeabi_fmul
                0x0800256c                __aeabi_fdiv
                0x0800256c                __divsf3
 .text          0x080026a4       0x4c c:/stm32toolchain/gcc-arm/bin/../lib/gcc/arm-none-eabi/5.4.1/armv7e-m\libgcc.a(_arm_fixsfsi.o)
                0x080026a4                __aeabi_f2iz
                0x080026a4                __fixsfsi
 .text.__errno  0x080026f0        0xc c:/stm32toolchain/gcc-arm/bin/../lib/gcc/arm-none-eabi/5.4.1/../../../../arm-none-eabi/lib/armv7e-m\libg_nano.a(lib_a-errno.o)
                0x080026f0                __errno
 .text.memcpy   0x080026fc       0x16 c:/stm32toolchain/gcc-arm/bin/../lib/gcc/arm-none-eabi/5.4.1/../../../../arm-none-eabi/lib/armv7e-m\libg_nano.a(lib_a-memcpy-stub.o)
                0x080026fc                memcpy
 *fill*         0x08002712        0x2 
 .text.sprintf  0x08002714       0x48 c:/stm32toolchain/gcc-arm/bin/../lib/gcc/arm-none-eabi/5.4.1/../../../../arm-none-eabi/lib/armv7e-m\libg_nano.a(lib_a-sprintf.o)
                0x08002714                siprintf
                0x08002714                sprintf
 .text          0x0800275c       0x10 c:/stm32toolchain/gcc-arm/bin/../lib/gcc/arm-none-eabi/5.4.1/../../../../arm-none-eabi/lib/armv7e-m\libg_nano.a(lib_a-strlen.o)
                0x0800275c                strlen
 .text._vsnprintf_r
                0x0800276c       0x56 c:/stm32toolchain/gcc-arm/bin/../lib/gcc/arm-none-eabi/5.4.1/../../../../arm-none-eabi/lib/armv7e-m\libg_nano.a(lib_a-vsnprintf.o)
                0x0800276c                _vsniprintf_r
                0x0800276c                _vsnprintf_r
 *fill*         0x080027c2        0x2 
 .text.vsnprintf
                0x080027c4       0x1c c:/stm32toolchain/gcc-arm/bin/../lib/gcc/arm-none-eabi/5.4.1/../../../../arm-none-eabi/lib/armv7e-m\libg_nano.a(lib_a-vsnprintf.o)
                0x080027c4                vsniprintf
                0x080027c4                vsnprintf
 .text.__ssputs_r
                0x080027e0       0xb2 c:/stm32toolchain/gcc-arm/bin/../lib/gcc/arm-none-eabi/5.4.1/../../../../arm-none-eabi/lib/armv7e-m\libg_nano.a(lib_a-nano-svfprintf.o)
                0x080027e0                __ssputs_r
 *fill*         0x08002892        0x2 
 .text._svfprintf_r
                0x08002894      0x1e8 c:/stm32toolchain/gcc-arm/bin/../lib/gcc/arm-none-eabi/5.4.1/../../../../arm-none-eabi/lib/armv7e-m\libg_nano.a(lib_a-nano-svfprintf.o)
                0x08002894                _svfiprintf_r
                0x08002894                _svfprintf_r
 .text._printf_common
                0x08002a7c       0xec c:/stm32toolchain/gcc-arm/bin/../lib/gcc/arm-none-eabi/5.4.1/../../../../arm-none-eabi/lib/armv7e-m\libg_nano.a(lib_a-nano-vfprintf_i.o)
                0x08002a7c                _printf_common
 .text._printf_i
                0x08002b68      0x24c c:/stm32toolchain/gcc-arm/bin/../lib/gcc/arm-none-eabi/5.4.1/../../../../arm-none-eabi/lib/armv7e-m\libg_nano.a(lib_a-nano-vfprintf_i.o)
                0x08002b68                _printf_i
 *fill*         0x08002db4        0xc 
 .text          0x08002dc0       0xa0 c:/stm32toolchain/gcc-arm/bin/../lib/gcc/arm-none-eabi/5.4.1/../../../../arm-none-eabi/lib/armv7e-m\libg_nano.a(lib_a-memchr.o)
                0x08002dc0                memchr
 .text.memmove  0x08002e60       0x36 c:/stm32toolchain/gcc-arm/bin/../lib/gcc/arm-none-eabi/5.4.1/../../../../arm-none-eabi/lib/armv7e-m\libg_nano.a(lib_a-memmove.o)
                0x08002e60                memmove
 *fill*         0x08002e96        0x2 
 .text._free_r  0x08002e98       0x9c c:/stm32toolchain/gcc-arm/bin/../lib/gcc/arm-none-eabi/5.4.1/../../../../arm-none-eabi/lib/armv7e-m\libg_nano.a(lib_a-nano-freer.o)
                0x08002e98                _free_r
 .text._malloc_r
                0x08002f34       0xbc c:/stm32toolchain/gcc-arm/bin/../lib/gcc/arm-none-eabi/5.4.1/../../../../arm-none-eabi/lib/armv7e-m\libg_nano.a(lib_a-nano-mallocr.o)
                0x08002f34                _malloc_r
 .text._realloc_r
                0x08002ff0       0x4c c:/stm32toolchain/gcc-arm/bin/../lib/gcc/arm-none-eabi/5.4.1/../../../../arm-none-eabi/lib/armv7e-m\libg_nano.a(lib_a-nano-reallocr.o)
                0x08002ff0                _realloc_r
 .text._sbrk_r  0x0800303c       0x20 c:/stm32toolchain/gcc-arm/bin/../lib/gcc/arm-none-eabi/5.4.1/../../../../arm-none-eabi/lib/armv7e-m\libg_nano.a(lib_a-sbrkr.o)
                0x0800303c                _sbrk_r
 .text.__malloc_lock
                0x0800305c        0x2 c:/stm32toolchain/gcc-arm/bin/../lib/gcc/arm-none-eabi/5.4.1/../../../../arm-none-eabi/lib/armv7e-m\libg_nano.a(lib_a-mlock.o)
                0x0800305c                __malloc_lock
 .text.__malloc_unlock
                0x0800305e        0x2 c:/stm32toolchain/gcc-arm/bin/../lib/gcc/arm-none-eabi/5.4.1/../../../../arm-none-eabi/lib/armv7e-m\libg_nano.a(lib_a-mlock.o)
                0x0800305e                __malloc_unlock
 .text._malloc_usable_size_r
                0x08003060       0x14 c:/stm32toolchain/gcc-arm/bin/../lib/gcc/arm-none-eabi/5.4.1/../../../../arm-none-eabi/lib/armv7e-m\libg_nano.a(lib_a-nano-msizer.o)
                0x08003060                _malloc_usable_size_r
 *(.rodata .rodata.* .constdata .constdata.*)
 .rodata.APBAHBPrescTable
                0x08003074       0x10 ./system/src/stm32f4xx/stm32f4xx_hal_rcc.o
                0x08003074                APBAHBPrescTable
 .rodata.str1.4
                0x08003084      0x146 ./system/src/cortexm/exception_handlers.o
 *fill*         0x080031ca        0x2 
 .rodata.AHBPrescTable
                0x080031cc       0x10 ./system/src/cmsis/system_stm32f4xx.o
                0x080031cc                AHBPrescTable
 .rodata.str1.4
                0x080031dc       0x34 ./src/main.o
                                 0x32 (size before relaxing)
 .rodata.str1.1
                0x08003210       0x11 c:/stm32toolchain/gcc-arm/bin/../lib/gcc/arm-none-eabi/5.4.1/../../../../arm-none-eabi/lib/armv7e-m\libg_nano.a(lib_a-nano-svfprintf.o)
 .rodata.str1.1
                0x08003221       0x22 c:/stm32toolchain/gcc-arm/bin/../lib/gcc/arm-none-eabi/5.4.1/../../../../arm-none-eabi/lib/armv7e-m\libg_nano.a(lib_a-nano-vfprintf_i.o)
 *(vtable)
 *(.eh_frame*)
 *(.glue_7)
 .glue_7        0x08003243        0x0 linker stubs
 *(.glue_7t)
 .glue_7t       0x08003243        0x0 linker stubs

.vfp11_veneer   0x08003244        0x0
 .vfp11_veneer  0x08003244        0x0 linker stubs

.v4_bx          0x08003244        0x0
 .v4_bx         0x08003244        0x0 linker stubs

.iplt           0x08003244        0x0
 .iplt          0x08003244        0x0 ./system/src/stm32f4xx/stm32f4xx_hal.o

.rel.dyn        0x08003244        0x0
 .rel.iplt      0x08003244        0x0 ./system/src/stm32f4xx/stm32f4xx_hal.o

.ARM.extab
 *(.ARM.extab* .gnu.linkonce.armextab.*)
                0x08003244                . = ALIGN (0x4)
                0x08003244                __exidx_start = .

.ARM.exidx
 *(.ARM.exidx* .gnu.linkonce.armexidx.*)
                0x08003244                __exidx_end = .
                0x08003244                . = ALIGN (0x4)
                0x08003244                _etext = .
                0x08003244                __etext = .

.data_CCMRAM    0x10000000        0x0 load address 0x08003244
 FILL mask 0xff
 *(.data.CCMRAM .data.CCMRAM.*)
                0x10000000                . = ALIGN (0x4)
                0x08003244                _sidata = LOADADDR (.data)

.data           0x20000000       0x78 load address 0x08003244
 FILL mask 0xff
                0x20000000                _sdata = .
                0x20000000                __data_start__ = .
 *(.data_begin .data_begin.*)
 .data_begin    0x20000000        0x4 ./system/src/newlib/_startup.o
 *(.data .data.*)
 .data.argv.4290
                0x20000004        0x8 ./system/src/newlib/_syscalls.o
 .data.SystemCoreClock
                0x2000000c        0x4 ./system/src/cmsis/system_stm32f4xx.o
                0x2000000c                SystemCoreClock
 .data.impure_data
                0x20000010       0x60 c:/stm32toolchain/gcc-arm/bin/../lib/gcc/arm-none-eabi/5.4.1/../../../../arm-none-eabi/lib/armv7e-m\libg_nano.a(lib_a-impure.o)
 .data._impure_ptr
                0x20000070        0x4 c:/stm32toolchain/gcc-arm/bin/../lib/gcc/arm-none-eabi/5.4.1/../../../../arm-none-eabi/lib/armv7e-m\libg_nano.a(lib_a-impure.o)
                0x20000070                _impure_ptr
 *(.data_end .data_end.*)
 .data_end      0x20000074        0x4 ./system/src/newlib/_startup.o
                0x20000078                . = ALIGN (0x4)
                0x20000078                _edata = .
                0x20000078                __data_end__ = .

.igot.plt       0x20000078        0x0 load address 0x080032bc
 .igot.plt      0x20000078        0x0 ./system/src/stm32f4xx/stm32f4xx_hal.o

.bss_CCMRAM     0x10000000        0x0
 *(.bss.CCMRAM .bss.CCMRAM.*)

.bss            0x20000078      0x128
                0x20000078                __bss_start__ = .
                0x20000078                _sbss = .
 *(.bss_begin .bss_begin.*)
 .bss_begin     0x20000078        0x4 ./system/src/newlib/_startup.o
 *(.bss .bss.*)
 .bss.current_heap_end.3974
                0x2000007c        0x4 ./system/src/newlib/_sbrk.o
 .bss.name.4289
                0x20000080        0x1 ./system/src/newlib/_syscalls.o
 *fill*         0x20000081        0x3 
 .bss.buf.5179  0x20000084       0x80 ./system/src/diag/Trace.o
 .bss.__malloc_sbrk_start
                0x20000104        0x4 c:/stm32toolchain/gcc-arm/bin/../lib/gcc/arm-none-eabi/5.4.1/../../../../arm-none-eabi/lib/armv7e-m\libg_nano.a(lib_a-nano-mallocr.o)
                0x20000104                __malloc_sbrk_start
 .bss.__malloc_free_list
                0x20000108        0x4 c:/stm32toolchain/gcc-arm/bin/../lib/gcc/arm-none-eabi/5.4.1/../../../../arm-none-eabi/lib/armv7e-m\libg_nano.a(lib_a-nano-mallocr.o)
                0x20000108                __malloc_free_list
 *(COMMON)
 COMMON         0x2000010c        0x4 ./system/src/stm32f4xx/stm32f4xx_hal.o
                0x2000010c                uwTick
 COMMON         0x20000110        0x4 ./system/src/newlib/_syscalls.o
                0x20000110                errno
 COMMON         0x20000114       0x88 ./src/main.o
                0x20000114                hadc1
                0x2000015c                huart2
 *(.bss_end .bss_end.*)
 .bss_end       0x2000019c        0x4 ./system/src/newlib/_startup.o
                0x200001a0                . = ALIGN (0x4)
                0x200001a0                __bss_end__ = .
                0x200001a0                _ebss = .

.noinit_CCMRAM
 *(.noinit.CCMRAM .noinit.CCMRAM.*)

.noinit         0x200001a0        0x0
                0x200001a0                _noinit = .
 *(.noinit .noinit.*)
                0x200001a0                . = ALIGN (0x4)
                0x200001a0                _end_noinit = .
                [!provide]                PROVIDE (end, _end_noinit)
                [!provide]                PROVIDE (_end, _end_noinit)
                [!provide]                PROVIDE (__end, _end_noinit)
                [!provide]                PROVIDE (__end__, _end_noinit)

._check_stack   0x200001a0      0x100
                0x200002a0                . = (. + _Minimum_Stack_Size)
 *fill*         0x200001a0      0x100 

.b1text
 *(.b1text)
 *(.b1rodata)
 *(.b1rodata.*)

.eb0text
 *(.eb0text)
 *(.eb0rodata)
 *(.eb0rodata.*)

.eb1text
 *(.eb1text)
 *(.eb1rodata)
 *(.eb1rodata.*)

.eb2text
 *(.eb2text)
 *(.eb2rodata)
 *(.eb2rodata.*)

.eb3text
 *(.eb3text)
 *(.eb3rodata)
 *(.eb3rodata.*)

.stab
 *(.stab)

.stabstr
 *(.stabstr)

.stab.excl
 *(.stab.excl)

.stab.exclstr
 *(.stab.exclstr)

.stab.index
 *(.stab.index)

.stab.indexstr
 *(.stab.indexstr)

.comment        0x00000000       0x6e
 *(.comment)
 .comment       0x00000000       0x6e ./system/src/stm32f4xx/stm32f4xx_hal.o
                                 0x6f (size before relaxing)
 .comment       0x0000006e       0x6f ./system/src/stm32f4xx/stm32f4xx_hal_adc.o
 .comment       0x0000006e       0x6f ./system/src/stm32f4xx/stm32f4xx_hal_cortex.o
 .comment       0x0000006e       0x6f ./system/src/stm32f4xx/stm32f4xx_hal_gpio.o
 .comment       0x0000006e       0x6f ./system/src/stm32f4xx/stm32f4xx_hal_pwr.o
 .comment       0x0000006e       0x6f ./system/src/stm32f4xx/stm32f4xx_hal_rcc.o
 .comment       0x0000006e       0x6f ./system/src/stm32f4xx/stm32f4xx_hal_uart.o
 .comment       0x0000006e       0x6f ./system/src/newlib/_exit.o
 .comment       0x0000006e       0x6f ./system/src/newlib/_sbrk.o
 .comment       0x0000006e       0x6f ./system/src/newlib/_startup.o
 .comment       0x0000006e       0x6f ./system/src/newlib/_syscalls.o
 .comment       0x0000006e       0x6f ./system/src/diag/Trace.o
 .comment       0x0000006e       0x6f ./system/src/diag/trace_impl.o
 .comment       0x0000006e       0x6f ./system/src/cortexm/_initialize_hardware.o
 .comment       0x0000006e       0x6f ./system/src/cortexm/exception_handlers.o
 .comment       0x0000006e       0x6f ./system/src/cmsis/system_stm32f4xx.o
 .comment       0x0000006e       0x6f ./src/main.o
 .comment       0x0000006e       0x6f ./src/stm32f4xx_hal_msp.o
 .comment       0x0000006e       0x6f ./src/stm32f4xx_it.o

.ARM.attributes
                0x00000000       0x31
 .ARM.attributes
                0x00000000       0x33 ./system/src/stm32f4xx/stm32f4xx_hal.o
 .ARM.attributes
                0x00000033       0x33 ./system/src/stm32f4xx/stm32f4xx_hal_adc.o
 .ARM.attributes
                0x00000066       0x33 ./system/src/stm32f4xx/stm32f4xx_hal_cortex.o
 .ARM.attributes
                0x00000099       0x33 ./system/src/stm32f4xx/stm32f4xx_hal_gpio.o
 .ARM.attributes
                0x000000cc       0x33 ./system/src/stm32f4xx/stm32f4xx_hal_pwr.o
 .ARM.attributes
                0x000000ff       0x33 ./system/src/stm32f4xx/stm32f4xx_hal_rcc.o
 .ARM.attributes
                0x00000132       0x33 ./system/src/stm32f4xx/stm32f4xx_hal_uart.o
 .ARM.attributes
                0x00000165       0x33 ./system/src/newlib/_exit.o
 .ARM.attributes
                0x00000198       0x33 ./system/src/newlib/_sbrk.o
 .ARM.attributes
                0x000001cb       0x33 ./system/src/newlib/_startup.o
 .ARM.attributes
                0x000001fe       0x33 ./system/src/newlib/_syscalls.o
 .ARM.attributes
                0x00000231       0x33 ./system/src/diag/Trace.o
 .ARM.attributes
                0x00000264       0x33 ./system/src/diag/trace_impl.o
 .ARM.attributes
                0x00000297       0x33 ./system/src/cortexm/_initialize_hardware.o
 .ARM.attributes
                0x000002ca       0x33 ./system/src/cortexm/exception_handlers.o
 .ARM.attributes
                0x000002fd       0x21 ./system/src/cmsis/startup_stm32f401xe.o
 .ARM.attributes
                0x0000031e       0x33 ./system/src/cmsis/system_stm32f4xx.o
 .ARM.attributes
                0x00000351       0x33 ./src/main.o
 .ARM.attributes
                0x00000384       0x33 ./src/stm32f4xx_hal_msp.o
 .ARM.attributes
                0x000003b7       0x33 ./src/stm32f4xx_it.o
 .ARM.attributes
                0x000003ea       0x2e c:/stm32toolchain/gcc-arm/bin/../lib/gcc/arm-none-eabi/5.4.1/../../../../arm-none-eabi/lib/armv7e-m\libm.a(lib_a-s_trunc.o)
 .ARM.attributes
                0x00000418       0x1e c:/stm32toolchain/gcc-arm/bin/../lib/gcc/arm-none-eabi/5.4.1/armv7e-m\libgcc.a(_arm_addsubdf3.o)
 .ARM.attributes
                0x00000436       0x1e c:/stm32toolchain/gcc-arm/bin/../lib/gcc/arm-none-eabi/5.4.1/armv7e-m\libgcc.a(_arm_addsubsf3.o)
 .ARM.attributes
                0x00000454       0x1e c:/stm32toolchain/gcc-arm/bin/../lib/gcc/arm-none-eabi/5.4.1/armv7e-m\libgcc.a(_arm_muldivsf3.o)
 .ARM.attributes
                0x00000472       0x1e c:/stm32toolchain/gcc-arm/bin/../lib/gcc/arm-none-eabi/5.4.1/armv7e-m\libgcc.a(_arm_fixsfsi.o)
 .ARM.attributes
                0x00000490       0x2e c:/stm32toolchain/gcc-arm/bin/../lib/gcc/arm-none-eabi/5.4.1/../../../../arm-none-eabi/lib/armv7e-m\libg_nano.a(lib_a-errno.o)
 .ARM.attributes
                0x000004be       0x2e c:/stm32toolchain/gcc-arm/bin/../lib/gcc/arm-none-eabi/5.4.1/../../../../arm-none-eabi/lib/armv7e-m\libg_nano.a(lib_a-impure.o)
 .ARM.attributes
                0x000004ec       0x2e c:/stm32toolchain/gcc-arm/bin/../lib/gcc/arm-none-eabi/5.4.1/../../../../arm-none-eabi/lib/armv7e-m\libg_nano.a(lib_a-memcpy-stub.o)
 .ARM.attributes
                0x0000051a       0x2e c:/stm32toolchain/gcc-arm/bin/../lib/gcc/arm-none-eabi/5.4.1/../../../../arm-none-eabi/lib/armv7e-m\libg_nano.a(lib_a-sprintf.o)
 .ARM.attributes
                0x00000548       0x17 c:/stm32toolchain/gcc-arm/bin/../lib/gcc/arm-none-eabi/5.4.1/../../../../arm-none-eabi/lib/armv7e-m\libg_nano.a(lib_a-strlen.o)
 .ARM.attributes
                0x0000055f       0x2e c:/stm32toolchain/gcc-arm/bin/../lib/gcc/arm-none-eabi/5.4.1/../../../../arm-none-eabi/lib/armv7e-m\libg_nano.a(lib_a-vsnprintf.o)
 .ARM.attributes
                0x0000058d       0x2e c:/stm32toolchain/gcc-arm/bin/../lib/gcc/arm-none-eabi/5.4.1/../../../../arm-none-eabi/lib/armv7e-m\libg_nano.a(lib_a-nano-svfprintf.o)
 .ARM.attributes
                0x000005bb       0x2e c:/stm32toolchain/gcc-arm/bin/../lib/gcc/arm-none-eabi/5.4.1/../../../../arm-none-eabi/lib/armv7e-m\libg_nano.a(lib_a-nano-vfprintf_i.o)
 .ARM.attributes
                0x000005e9       0x1c c:/stm32toolchain/gcc-arm/bin/../lib/gcc/arm-none-eabi/5.4.1/../../../../arm-none-eabi/lib/armv7e-m\libg_nano.a(lib_a-memchr.o)
 .ARM.attributes
                0x00000605       0x2e c:/stm32toolchain/gcc-arm/bin/../lib/gcc/arm-none-eabi/5.4.1/../../../../arm-none-eabi/lib/armv7e-m\libg_nano.a(lib_a-memmove.o)
 .ARM.attributes
                0x00000633       0x2e c:/stm32toolchain/gcc-arm/bin/../lib/gcc/arm-none-eabi/5.4.1/../../../../arm-none-eabi/lib/armv7e-m\libg_nano.a(lib_a-nano-freer.o)
 .ARM.attributes
                0x00000661       0x2e c:/stm32toolchain/gcc-arm/bin/../lib/gcc/arm-none-eabi/5.4.1/../../../../arm-none-eabi/lib/armv7e-m\libg_nano.a(lib_a-nano-mallocr.o)
 .ARM.attributes
                0x0000068f       0x2e c:/stm32toolchain/gcc-arm/bin/../lib/gcc/arm-none-eabi/5.4.1/../../../../arm-none-eabi/lib/armv7e-m\libg_nano.a(lib_a-nano-reallocr.o)
 .ARM.attributes
                0x000006bd       0x2e c:/stm32toolchain/gcc-arm/bin/../lib/gcc/arm-none-eabi/5.4.1/../../../../arm-none-eabi/lib/armv7e-m\libg_nano.a(lib_a-sbrkr.o)
 .ARM.attributes
                0x000006eb       0x2e c:/stm32toolchain/gcc-arm/bin/../lib/gcc/arm-none-eabi/5.4.1/../../../../arm-none-eabi/lib/armv7e-m\libg_nano.a(lib_a-mlock.o)
 .ARM.attributes
                0x00000719       0x2e c:/stm32toolchain/gcc-arm/bin/../lib/gcc/arm-none-eabi/5.4.1/../../../../arm-none-eabi/lib/armv7e-m\libg_nano.a(lib_a-nano-msizer.o)

.debug
 *(.debug)

.line
 *(.line)

.debug_srcinfo
 *(.debug_srcinfo)

.debug_sfnames
 *(.debug_sfnames)

.debug_aranges  0x00000000      0x7f0
 *(.debug_aranges)
 .debug_aranges
                0x00000000       0xc0 ./system/src/stm32f4xx/stm32f4xx_hal.o
 .debug_aranges
                0x000000c0       0xe8 ./system/src/stm32f4xx/stm32f4xx_hal_adc.o
 .debug_aranges
                0x000001a8       0x98 ./system/src/stm32f4xx/stm32f4xx_hal_cortex.o
 .debug_aranges
                0x00000240       0x58 ./system/src/stm32f4xx/stm32f4xx_hal_gpio.o
 .debug_aranges
                0x00000298       0xa0 ./system/src/stm32f4xx/stm32f4xx_hal_pwr.o
 .debug_aranges
                0x00000338       0x88 ./system/src/stm32f4xx/stm32f4xx_hal_rcc.o
 .debug_aranges
                0x000003c0      0x168 ./system/src/stm32f4xx/stm32f4xx_hal_uart.o
 .debug_aranges
                0x00000528       0x28 ./system/src/newlib/_exit.o
 .debug_aranges
                0x00000550       0x20 ./system/src/newlib/_sbrk.o
 .debug_aranges
                0x00000570       0x40 ./system/src/newlib/_startup.o
 .debug_aranges
                0x000005b0       0x30 ./system/src/newlib/_syscalls.o
 .debug_aranges
                0x000005e0       0x38 ./system/src/diag/Trace.o
 .debug_aranges
                0x00000618       0x28 ./system/src/diag/trace_impl.o
 .debug_aranges
                0x00000640       0x28 ./system/src/cortexm/_initialize_hardware.o
 .debug_aranges
                0x00000668       0x88 ./system/src/cortexm/exception_handlers.o
 .debug_aranges
                0x000006f0       0x28 ./system/src/cmsis/startup_stm32f401xe.o
 .debug_aranges
                0x00000718       0x28 ./system/src/cmsis/system_stm32f4xx.o
 .debug_aranges
                0x00000740       0x50 ./src/main.o
 .debug_aranges
                0x00000790       0x40 ./src/stm32f4xx_hal_msp.o
 .debug_aranges
                0x000007d0       0x20 ./src/stm32f4xx_it.o

.debug_pubnames
 *(.debug_pubnames)

.debug_info     0x00000000     0x914f
 *(.debug_info .gnu.linkonce.wi.*)
 .debug_info    0x00000000      0x867 ./system/src/stm32f4xx/stm32f4xx_hal.o
 .debug_info    0x00000867      0xd4e ./system/src/stm32f4xx/stm32f4xx_hal_adc.o
 .debug_info    0x000015b5      0xdd6 ./system/src/stm32f4xx/stm32f4xx_hal_cortex.o
 .debug_info    0x0000238b      0x728 ./system/src/stm32f4xx/stm32f4xx_hal_gpio.o
 .debug_info    0x00002ab3      0x879 ./system/src/stm32f4xx/stm32f4xx_hal_pwr.o
 .debug_info    0x0000332c      0xcc9 ./system/src/stm32f4xx/stm32f4xx_hal_rcc.o
 .debug_info    0x00003ff5     0x1342 ./system/src/stm32f4xx/stm32f4xx_hal_uart.o
 .debug_info    0x00005337       0xef ./system/src/newlib/_exit.o
 .debug_info    0x00005426      0x11f ./system/src/newlib/_sbrk.o
 .debug_info    0x00005545      0x454 ./system/src/newlib/_startup.o
 .debug_info    0x00005999      0x1c7 ./system/src/newlib/_syscalls.o
 .debug_info    0x00005b60      0x2e7 ./system/src/diag/Trace.o
 .debug_info    0x00005e47      0x114 ./system/src/diag/trace_impl.o
 .debug_info    0x00005f5b      0x2b1 ./system/src/cortexm/_initialize_hardware.o
 .debug_info    0x0000620c      0x7b7 ./system/src/cortexm/exception_handlers.o
 .debug_info    0x000069c3       0x85 ./system/src/cmsis/startup_stm32f401xe.o
 .debug_info    0x00006a48      0x4d5 ./system/src/cmsis/system_stm32f4xx.o
 .debug_info    0x00006f1d     0x1370 ./src/main.o
 .debug_info    0x0000828d      0xde2 ./src/stm32f4xx_hal_msp.o
 .debug_info    0x0000906f       0xe0 ./src/stm32f4xx_it.o

.debug_abbrev   0x00000000     0x1ed3
 *(.debug_abbrev)
 .debug_abbrev  0x00000000      0x260 ./system/src/stm32f4xx/stm32f4xx_hal.o
 .debug_abbrev  0x00000260      0x235 ./system/src/stm32f4xx/stm32f4xx_hal_adc.o
 .debug_abbrev  0x00000495      0x2fe ./system/src/stm32f4xx/stm32f4xx_hal_cortex.o
 .debug_abbrev  0x00000793      0x1cd ./system/src/stm32f4xx/stm32f4xx_hal_gpio.o
 .debug_abbrev  0x00000960      0x1f8 ./system/src/stm32f4xx/stm32f4xx_hal_pwr.o
 .debug_abbrev  0x00000b58      0x2c1 ./system/src/stm32f4xx/stm32f4xx_hal_rcc.o
 .debug_abbrev  0x00000e19      0x257 ./system/src/stm32f4xx/stm32f4xx_hal_uart.o
 .debug_abbrev  0x00001070       0x8e ./system/src/newlib/_exit.o
 .debug_abbrev  0x000010fe       0xb9 ./system/src/newlib/_sbrk.o
 .debug_abbrev  0x000011b7      0x1ac ./system/src/newlib/_startup.o
 .debug_abbrev  0x00001363       0xec ./system/src/newlib/_syscalls.o
 .debug_abbrev  0x0000144f      0x156 ./system/src/diag/Trace.o
 .debug_abbrev  0x000015a5       0xb4 ./system/src/diag/trace_impl.o
 .debug_abbrev  0x00001659       0xea ./system/src/cortexm/_initialize_hardware.o
 .debug_abbrev  0x00001743      0x1d4 ./system/src/cortexm/exception_handlers.o
 .debug_abbrev  0x00001917       0x12 ./system/src/cmsis/startup_stm32f401xe.o
 .debug_abbrev  0x00001929      0x104 ./system/src/cmsis/system_stm32f4xx.o
 .debug_abbrev  0x00001a2d      0x26d ./src/main.o
 .debug_abbrev  0x00001c9a      0x1a0 ./src/stm32f4xx_hal_msp.o
 .debug_abbrev  0x00001e3a       0x99 ./src/stm32f4xx_it.o

.debug_line     0x00000000     0x6596
 *(.debug_line)
 .debug_line    0x00000000      0x6ee ./system/src/stm32f4xx/stm32f4xx_hal.o
 .debug_line    0x000006ee      0x995 ./system/src/stm32f4xx/stm32f4xx_hal_adc.o
 .debug_line    0x00001083      0x728 ./system/src/stm32f4xx/stm32f4xx_hal_cortex.o
 .debug_line    0x000017ab      0x6ba ./system/src/stm32f4xx/stm32f4xx_hal_gpio.o
 .debug_line    0x00001e65      0x6e0 ./system/src/stm32f4xx/stm32f4xx_hal_pwr.o
 .debug_line    0x00002545      0x854 ./system/src/stm32f4xx/stm32f4xx_hal_rcc.o
 .debug_line    0x00002d99      0xc9f ./system/src/stm32f4xx/stm32f4xx_hal_uart.o
 .debug_line    0x00003a38      0x2c0 ./system/src/newlib/_exit.o
 .debug_line    0x00003cf8      0x272 ./system/src/newlib/_sbrk.o
 .debug_line    0x00003f6a      0x328 ./system/src/newlib/_startup.o
 .debug_line    0x00004292      0x36e ./system/src/newlib/_syscalls.o
 .debug_line    0x00004600      0x32c ./system/src/diag/Trace.o
 .debug_line    0x0000492c      0x362 ./system/src/diag/trace_impl.o
 .debug_line    0x00004c8e      0x17a ./system/src/cortexm/_initialize_hardware.o
 .debug_line    0x00004e08      0x44e ./system/src/cortexm/exception_handlers.o
 .debug_line    0x00005256       0x88 ./system/src/cmsis/startup_stm32f401xe.o
 .debug_line    0x000052de      0x17a ./system/src/cmsis/system_stm32f4xx.o
 .debug_line    0x00005458      0x611 ./src/main.o
 .debug_line    0x00005a69      0x5c1 ./src/stm32f4xx_hal_msp.o
 .debug_line    0x0000602a      0x56c ./src/stm32f4xx_it.o

.debug_frame    0x00000000     0x14b0
 *(.debug_frame)
 .debug_frame   0x00000000      0x188 ./system/src/stm32f4xx/stm32f4xx_hal.o
 .debug_frame   0x00000188      0x25c ./system/src/stm32f4xx/stm32f4xx_hal_adc.o
 .debug_frame   0x000003e4      0x134 ./system/src/stm32f4xx/stm32f4xx_hal_cortex.o
 .debug_frame   0x00000518       0xc4 ./system/src/stm32f4xx/stm32f4xx_hal_gpio.o
 .debug_frame   0x000005dc      0x128 ./system/src/stm32f4xx/stm32f4xx_hal_pwr.o
 .debug_frame   0x00000704      0x150 ./system/src/stm32f4xx/stm32f4xx_hal_rcc.o
 .debug_frame   0x00000854      0x3c4 ./system/src/stm32f4xx/stm32f4xx_hal_uart.o
 .debug_frame   0x00000c18       0x38 ./system/src/newlib/_exit.o
 .debug_frame   0x00000c50       0x28 ./system/src/newlib/_sbrk.o
 .debug_frame   0x00000c78       0x7c ./system/src/newlib/_startup.o
 .debug_frame   0x00000cf4       0x50 ./system/src/newlib/_syscalls.o
 .debug_frame   0x00000d44       0x94 ./system/src/diag/Trace.o
 .debug_frame   0x00000dd8       0x30 ./system/src/diag/trace_impl.o
 .debug_frame   0x00000e08       0x40 ./system/src/cortexm/_initialize_hardware.o
 .debug_frame   0x00000e48      0x144 ./system/src/cortexm/exception_handlers.o
 .debug_frame   0x00000f8c       0x30 ./system/src/cmsis/system_stm32f4xx.o
 .debug_frame   0x00000fbc       0xd0 ./src/main.o
 .debug_frame   0x0000108c       0x98 ./src/stm32f4xx_hal_msp.o
 .debug_frame   0x00001124       0x28 ./src/stm32f4xx_it.o
 .debug_frame   0x0000114c       0x30 c:/stm32toolchain/gcc-arm/bin/../lib/gcc/arm-none-eabi/5.4.1/../../../../arm-none-eabi/lib/armv7e-m\libm.a(lib_a-s_trunc.o)
 .debug_frame   0x0000117c       0x20 c:/stm32toolchain/gcc-arm/bin/../lib/gcc/arm-none-eabi/5.4.1/../../../../arm-none-eabi/lib/armv7e-m\libg_nano.a(lib_a-errno.o)
 .debug_frame   0x0000119c       0x28 c:/stm32toolchain/gcc-arm/bin/../lib/gcc/arm-none-eabi/5.4.1/../../../../arm-none-eabi/lib/armv7e-m\libg_nano.a(lib_a-memcpy-stub.o)
 .debug_frame   0x000011c4       0x70 c:/stm32toolchain/gcc-arm/bin/../lib/gcc/arm-none-eabi/5.4.1/../../../../arm-none-eabi/lib/armv7e-m\libg_nano.a(lib_a-sprintf.o)
 .debug_frame   0x00001234       0x48 c:/stm32toolchain/gcc-arm/bin/../lib/gcc/arm-none-eabi/5.4.1/../../../../arm-none-eabi/lib/armv7e-m\libg_nano.a(lib_a-vsnprintf.o)
 .debug_frame   0x0000127c       0x90 c:/stm32toolchain/gcc-arm/bin/../lib/gcc/arm-none-eabi/5.4.1/../../../../arm-none-eabi/lib/armv7e-m\libg_nano.a(lib_a-nano-svfprintf.o)
 .debug_frame   0x0000130c       0x60 c:/stm32toolchain/gcc-arm/bin/../lib/gcc/arm-none-eabi/5.4.1/../../../../arm-none-eabi/lib/armv7e-m\libg_nano.a(lib_a-nano-vfprintf_i.o)
 .debug_frame   0x0000136c       0x28 c:/stm32toolchain/gcc-arm/bin/../lib/gcc/arm-none-eabi/5.4.1/../../../../arm-none-eabi/lib/armv7e-m\libg_nano.a(lib_a-memmove.o)
 .debug_frame   0x00001394       0x38 c:/stm32toolchain/gcc-arm/bin/../lib/gcc/arm-none-eabi/5.4.1/../../../../arm-none-eabi/lib/armv7e-m\libg_nano.a(lib_a-nano-freer.o)
 .debug_frame   0x000013cc       0x2c c:/stm32toolchain/gcc-arm/bin/../lib/gcc/arm-none-eabi/5.4.1/../../../../arm-none-eabi/lib/armv7e-m\libg_nano.a(lib_a-nano-mallocr.o)
 .debug_frame   0x000013f8       0x3c c:/stm32toolchain/gcc-arm/bin/../lib/gcc/arm-none-eabi/5.4.1/../../../../arm-none-eabi/lib/armv7e-m\libg_nano.a(lib_a-nano-reallocr.o)
 .debug_frame   0x00001434       0x2c c:/stm32toolchain/gcc-arm/bin/../lib/gcc/arm-none-eabi/5.4.1/../../../../arm-none-eabi/lib/armv7e-m\libg_nano.a(lib_a-sbrkr.o)
 .debug_frame   0x00001460       0x30 c:/stm32toolchain/gcc-arm/bin/../lib/gcc/arm-none-eabi/5.4.1/../../../../arm-none-eabi/lib/armv7e-m\libg_nano.a(lib_a-mlock.o)
 .debug_frame   0x00001490       0x20 c:/stm32toolchain/gcc-arm/bin/../lib/gcc/arm-none-eabi/5.4.1/../../../../arm-none-eabi/lib/armv7e-m\libg_nano.a(lib_a-nano-msizer.o)

.debug_str      0x00000000    0x59e4d
 *(.debug_str)
 .debug_str     0x00000000    0x55a3d ./system/src/stm32f4xx/stm32f4xx_hal.o
                              0x55e08 (size before relaxing)
 .debug_str     0x00055a3d      0x68d ./system/src/stm32f4xx/stm32f4xx_hal_adc.o
                              0x55b18 (size before relaxing)
 .debug_str     0x000560ca      0x36b ./system/src/stm32f4xx/stm32f4xx_hal_cortex.o
                              0x55c4b (size before relaxing)
 .debug_str     0x00056435      0x2db ./system/src/stm32f4xx/stm32f4xx_hal_gpio.o
                              0x557de (size before relaxing)
 .debug_str     0x00056710      0x2a0 ./system/src/stm32f4xx/stm32f4xx_hal_pwr.o
                              0x557e3 (size before relaxing)
 .debug_str     0x000569b0      0x385 ./system/src/stm32f4xx/stm32f4xx_hal_rcc.o
                              0x5597c (size before relaxing)
 .debug_str     0x00056d35      0x599 ./system/src/stm32f4xx/stm32f4xx_hal_uart.o
                              0x55c5e (size before relaxing)
 .debug_str     0x000572ce     0x10b6 ./system/src/newlib/_exit.o
                               0x6e75 (size before relaxing)
 .debug_str     0x00058384      0x4de ./system/src/newlib/_sbrk.o
                               0x6260 (size before relaxing)
 .debug_str     0x00058862      0x266 ./system/src/newlib/_startup.o
                               0x5e15 (size before relaxing)
 .debug_str     0x00058ac8      0xe18 ./system/src/newlib/_syscalls.o
                               0x70c0 (size before relaxing)
 .debug_str     0x000598e0      0x176 ./system/src/diag/Trace.o
                               0x7665 (size before relaxing)
 .debug_str     0x00059a56       0x4b ./system/src/diag/trace_impl.o
                              0x22836 (size before relaxing)
 .debug_str     0x00059aa1       0x5e ./system/src/cortexm/_initialize_hardware.o
                              0x1ed18 (size before relaxing)
 .debug_str     0x00059aff      0x1e5 ./system/src/cortexm/exception_handlers.o
                              0x23697 (size before relaxing)
 .debug_str     0x00059ce4       0x84 ./system/src/cmsis/system_stm32f4xx.o
                              0x1ee55 (size before relaxing)
 .debug_str     0x00059d68       0xa2 ./src/main.o
                              0x561c8 (size before relaxing)
 .debug_str     0x00059e0a       0x1b ./src/stm32f4xx_hal_msp.o
                              0x55eac (size before relaxing)
 .debug_str     0x00059e25       0x28 ./src/stm32f4xx_it.o
                              0x553ce (size before relaxing)

.debug_loc      0x00000000     0x3163
 *(.debug_loc)
 .debug_loc     0x00000000       0x92 ./system/src/stm32f4xx/stm32f4xx_hal.o
 .debug_loc     0x00000092      0x7ee ./system/src/stm32f4xx/stm32f4xx_hal_adc.o
 .debug_loc     0x00000880      0x527 ./system/src/stm32f4xx/stm32f4xx_hal_cortex.o
 .debug_loc     0x00000da7      0x39a ./system/src/stm32f4xx/stm32f4xx_hal_gpio.o
 .debug_loc     0x00001141       0xb7 ./system/src/stm32f4xx/stm32f4xx_hal_pwr.o
 .debug_loc     0x000011f8      0x622 ./system/src/stm32f4xx/stm32f4xx_hal_rcc.o
 .debug_loc     0x0000181a     0x110c ./system/src/stm32f4xx/stm32f4xx_hal_uart.o
 .debug_loc     0x00002926       0x82 ./system/src/newlib/_sbrk.o
 .debug_loc     0x000029a8      0x265 ./system/src/newlib/_startup.o
 .debug_loc     0x00002c0d       0x63 ./system/src/newlib/_syscalls.o
 .debug_loc     0x00002c70      0x102 ./system/src/diag/Trace.o
 .debug_loc     0x00002d72       0x21 ./system/src/diag/trace_impl.o
 .debug_loc     0x00002d93      0x184 ./system/src/cortexm/exception_handlers.o
 .debug_loc     0x00002f17      0x132 ./system/src/cmsis/system_stm32f4xx.o
 .debug_loc     0x00003049       0x80 ./src/main.o
 .debug_loc     0x000030c9       0x9a ./src/stm32f4xx_hal_msp.o

.debug_macinfo
 *(.debug_macinfo)

.debug_weaknames
 *(.debug_weaknames)

.debug_funcnames
 *(.debug_funcnames)

.debug_typenames
 *(.debug_typenames)

.debug_varnames
 *(.debug_varnames)
OUTPUT(Sleep_On_Exit_program.elf elf32-littlearm)

.debug_ranges   0x00000000      0x6d0
 .debug_ranges  0x00000000       0xb0 ./system/src/stm32f4xx/stm32f4xx_hal.o
 .debug_ranges  0x000000b0       0xd8 ./system/src/stm32f4xx/stm32f4xx_hal_adc.o
 .debug_ranges  0x00000188       0x88 ./system/src/stm32f4xx/stm32f4xx_hal_cortex.o
 .debug_ranges  0x00000210       0x48 ./system/src/stm32f4xx/stm32f4xx_hal_gpio.o
 .debug_ranges  0x00000258       0x90 ./system/src/stm32f4xx/stm32f4xx_hal_pwr.o
 .debug_ranges  0x000002e8       0x78 ./system/src/stm32f4xx/stm32f4xx_hal_rcc.o
 .debug_ranges  0x00000360      0x158 ./system/src/stm32f4xx/stm32f4xx_hal_uart.o
 .debug_ranges  0x000004b8       0x18 ./system/src/newlib/_exit.o
 .debug_ranges  0x000004d0       0x10 ./system/src/newlib/_sbrk.o
 .debug_ranges  0x000004e0       0x48 ./system/src/newlib/_startup.o
 .debug_ranges  0x00000528       0x20 ./system/src/newlib/_syscalls.o
 .debug_ranges  0x00000548       0x28 ./system/src/diag/Trace.o
 .debug_ranges  0x00000570       0x18 ./system/src/diag/trace_impl.o
 .debug_ranges  0x00000588       0x18 ./system/src/cortexm/_initialize_hardware.o
 .debug_ranges  0x000005a0       0x78 ./system/src/cortexm/exception_handlers.o
 .debug_ranges  0x00000618       0x20 ./system/src/cmsis/startup_stm32f401xe.o
 .debug_ranges  0x00000638       0x18 ./system/src/cmsis/system_stm32f4xx.o
 .debug_ranges  0x00000650       0x40 ./src/main.o
 .debug_ranges  0x00000690       0x30 ./src/stm32f4xx_hal_msp.o
 .debug_ranges  0x000006c0       0x10 ./src/stm32f4xx_it.o

.debug_macro    0x00000000    0x10d73
 .debug_macro   0x00000000      0x342 ./system/src/stm32f4xx/stm32f4xx_hal.o
 .debug_macro   0x00000342      0x880 ./system/src/stm32f4xx/stm32f4xx_hal.o
 .debug_macro   0x00000bc2       0x5e ./system/src/stm32f4xx/stm32f4xx_hal.o
 .debug_macro   0x00000c20      0x1b0 ./system/src/stm32f4xx/stm32f4xx_hal.o
 .debug_macro   0x00000dd0       0x31 ./system/src/stm32f4xx/stm32f4xx_hal.o
 .debug_macro   0x00000e01       0x28 ./system/src/stm32f4xx/stm32f4xx_hal.o
 .debug_macro   0x00000e29      0x34e ./system/src/stm32f4xx/stm32f4xx_hal.o
 .debug_macro   0x00001177       0x35 ./system/src/stm32f4xx/stm32f4xx_hal.o
 .debug_macro   0x000011ac       0x50 ./system/src/stm32f4xx/stm32f4xx_hal.o
 .debug_macro   0x000011fc      0xe66 ./system/src/stm32f4xx/stm32f4xx_hal.o
 .debug_macro   0x00002062     0x5099 ./system/src/stm32f4xx/stm32f4xx_hal.o
 .debug_macro   0x000070fb       0x43 ./system/src/stm32f4xx/stm32f4xx_hal.o
 .debug_macro   0x0000713e     0x347f ./system/src/stm32f4xx/stm32f4xx_hal.o
 .debug_macro   0x0000a5bd       0x22 ./system/src/stm32f4xx/stm32f4xx_hal.o
 .debug_macro   0x0000a5df       0x4c ./system/src/stm32f4xx/stm32f4xx_hal.o
 .debug_macro   0x0000a62b       0x8d ./system/src/stm32f4xx/stm32f4xx_hal.o
 .debug_macro   0x0000a6b8       0x35 ./system/src/stm32f4xx/stm32f4xx_hal.o
 .debug_macro   0x0000a6ed       0x9c ./system/src/stm32f4xx/stm32f4xx_hal.o
 .debug_macro   0x0000a789       0x16 ./system/src/stm32f4xx/stm32f4xx_hal.o
 .debug_macro   0x0000a79f       0x4a ./system/src/stm32f4xx/stm32f4xx_hal.o
 .debug_macro   0x0000a7e9       0x97 ./system/src/stm32f4xx/stm32f4xx_hal.o
 .debug_macro   0x0000a880      0x30d ./system/src/stm32f4xx/stm32f4xx_hal.o
 .debug_macro   0x0000ab8d       0xfd ./system/src/stm32f4xx/stm32f4xx_hal.o
 .debug_macro   0x0000ac8a       0x10 ./system/src/stm32f4xx/stm32f4xx_hal.o
 .debug_macro   0x0000ac9a       0x52 ./system/src/stm32f4xx/stm32f4xx_hal.o
 .debug_macro   0x0000acec       0x1f ./system/src/stm32f4xx/stm32f4xx_hal.o
 .debug_macro   0x0000ad0b       0x43 ./system/src/stm32f4xx/stm32f4xx_hal.o
 .debug_macro   0x0000ad4e       0x20 ./system/src/stm32f4xx/stm32f4xx_hal.o
 .debug_macro   0x0000ad6e      0x187 ./system/src/stm32f4xx/stm32f4xx_hal.o
 .debug_macro   0x0000aef5       0x10 ./system/src/stm32f4xx/stm32f4xx_hal.o
 .debug_macro   0x0000af05       0x5e ./system/src/stm32f4xx/stm32f4xx_hal.o
 .debug_macro   0x0000af63       0x1c ./system/src/stm32f4xx/stm32f4xx_hal.o
 .debug_macro   0x0000af7f       0x52 ./system/src/stm32f4xx/stm32f4xx_hal.o
 .debug_macro   0x0000afd1       0x40 ./system/src/stm32f4xx/stm32f4xx_hal.o
 .debug_macro   0x0000b011       0x10 ./system/src/stm32f4xx/stm32f4xx_hal.o
 .debug_macro   0x0000b021       0x40 ./system/src/stm32f4xx/stm32f4xx_hal.o
 .debug_macro   0x0000b061       0xd7 ./system/src/stm32f4xx/stm32f4xx_hal.o
 .debug_macro   0x0000b138       0x16 ./system/src/stm32f4xx/stm32f4xx_hal.o
 .debug_macro   0x0000b14e      0x18b ./system/src/stm32f4xx/stm32f4xx_hal.o
 .debug_macro   0x0000b2d9       0x57 ./system/src/stm32f4xx/stm32f4xx_hal.o
 .debug_macro   0x0000b330      0x424 ./system/src/stm32f4xx/stm32f4xx_hal.o
 .debug_macro   0x0000b754      0x9e1 ./system/src/stm32f4xx/stm32f4xx_hal.o
 .debug_macro   0x0000c135      0x11e ./system/src/stm32f4xx/stm32f4xx_hal.o
 .debug_macro   0x0000c253       0xf8 ./system/src/stm32f4xx/stm32f4xx_hal.o
 .debug_macro   0x0000c34b       0x27 ./system/src/stm32f4xx/stm32f4xx_hal.o
 .debug_macro   0x0000c372      0x287 ./system/src/stm32f4xx/stm32f4xx_hal.o
 .debug_macro   0x0000c5f9       0x5f ./system/src/stm32f4xx/stm32f4xx_hal.o
 .debug_macro   0x0000c658      0x23a ./system/src/stm32f4xx/stm32f4xx_hal.o
 .debug_macro   0x0000c892      0x391 ./system/src/stm32f4xx/stm32f4xx_hal.o
 .debug_macro   0x0000cc23      0x16f ./system/src/stm32f4xx/stm32f4xx_hal.o
 .debug_macro   0x0000cd92       0xf9 ./system/src/stm32f4xx/stm32f4xx_hal.o
 .debug_macro   0x0000ce8b      0x13a ./system/src/stm32f4xx/stm32f4xx_hal.o
 .debug_macro   0x0000cfc5      0x264 ./system/src/stm32f4xx/stm32f4xx_hal.o
 .debug_macro   0x0000d229       0x2e ./system/src/stm32f4xx/stm32f4xx_hal.o
 .debug_macro   0x0000d257      0x11e ./system/src/stm32f4xx/stm32f4xx_hal.o
 .debug_macro   0x0000d375       0x85 ./system/src/stm32f4xx/stm32f4xx_hal.o
 .debug_macro   0x0000d3fa       0x89 ./system/src/stm32f4xx/stm32f4xx_hal.o
 .debug_macro   0x0000d483      0x287 ./system/src/stm32f4xx/stm32f4xx_hal.o
 .debug_macro   0x0000d70a      0x11e ./system/src/stm32f4xx/stm32f4xx_hal.o
 .debug_macro   0x0000d828      0x2f5 ./system/src/stm32f4xx/stm32f4xx_hal_adc.o
 .debug_macro   0x0000db1d      0x2f4 ./system/src/stm32f4xx/stm32f4xx_hal_cortex.o
 .debug_macro   0x0000de11      0x32c ./system/src/stm32f4xx/stm32f4xx_hal_gpio.o
 .debug_macro   0x0000e13d      0x30c ./system/src/stm32f4xx/stm32f4xx_hal_pwr.o
 .debug_macro   0x0000e449      0x31e ./system/src/stm32f4xx/stm32f4xx_hal_rcc.o
 .debug_macro   0x0000e767      0x2f5 ./system/src/stm32f4xx/stm32f4xx_hal_uart.o
 .debug_macro   0x0000ea5c      0x19c ./system/src/newlib/_exit.o
 .debug_macro   0x0000ebf8      0x10e ./system/src/newlib/_exit.o
 .debug_macro   0x0000ed06       0x8d ./system/src/newlib/_exit.o
 .debug_macro   0x0000ed93       0x35 ./system/src/newlib/_exit.o
 .debug_macro   0x0000edc8      0x151 ./system/src/newlib/_sbrk.o
 .debug_macro   0x0000ef19      0x174 ./system/src/newlib/_sbrk.o
 .debug_macro   0x0000f08d       0x10 ./system/src/newlib/_sbrk.o
 .debug_macro   0x0000f09d      0x23b ./system/src/newlib/_sbrk.o
 .debug_macro   0x0000f2d8      0x15b ./system/src/newlib/_startup.o
 .debug_macro   0x0000f433      0x1ff ./system/src/newlib/_syscalls.o
 .debug_macro   0x0000f632       0x1c ./system/src/newlib/_syscalls.o
 .debug_macro   0x0000f64e       0x10 ./system/src/newlib/_syscalls.o
 .debug_macro   0x0000f65e       0x10 ./system/src/newlib/_syscalls.o
 .debug_macro   0x0000f66e       0x10 ./system/src/newlib/_syscalls.o
 .debug_macro   0x0000f67e       0x35 ./system/src/newlib/_syscalls.o
 .debug_macro   0x0000f6b3      0x122 ./system/src/newlib/_syscalls.o
 .debug_macro   0x0000f7d5       0x88 ./system/src/newlib/_syscalls.o
 .debug_macro   0x0000f85d       0x2b ./system/src/newlib/_syscalls.o
 .debug_macro   0x0000f888      0x118 ./system/src/newlib/_syscalls.o
 .debug_macro   0x0000f9a0      0x159 ./system/src/newlib/_syscalls.o
 .debug_macro   0x0000faf9       0x16 ./system/src/newlib/_syscalls.o
 .debug_macro   0x0000fb0f      0x1d9 ./system/src/diag/Trace.o
 .debug_macro   0x0000fce8       0x4c ./system/src/diag/Trace.o
 .debug_macro   0x0000fd34       0x16 ./system/src/diag/Trace.o
 .debug_macro   0x0000fd4a      0x1db ./system/src/diag/trace_impl.o
 .debug_macro   0x0000ff25       0x10 ./system/src/diag/trace_impl.o
 .debug_macro   0x0000ff35       0xcf ./system/src/diag/trace_impl.o
 .debug_macro   0x00010004       0xbe ./system/src/diag/trace_impl.o
 .debug_macro   0x000100c2       0x95 ./system/src/cortexm/_initialize_hardware.o
 .debug_macro   0x00010157      0x22c ./system/src/cortexm/exception_handlers.o
 .debug_macro   0x00010383       0x3b ./system/src/cortexm/exception_handlers.o
 .debug_macro   0x000103be       0x22 ./system/src/cortexm/exception_handlers.o
 .debug_macro   0x000103e0       0x10 ./system/src/cortexm/exception_handlers.o
 .debug_macro   0x000103f0       0x9d ./system/src/cmsis/system_stm32f4xx.o
 .debug_macro   0x0001048d      0x2f4 ./src/main.o
 .debug_macro   0x00010781      0x2f4 ./src/stm32f4xx_hal_msp.o
 .debug_macro   0x00010a75      0x2fe ./src/stm32f4xx_it.o
